timestamp=2026-06-15T04:27:32Z level=INFO command=scale node=all action=operation outcome=started details="arguments=scale --add-nodes 2"
Operation log: logs/20260615T042732Z_scale_15209.log
timestamp=2026-06-15T04:27:32Z level=INFO command=scale node=redis-node-1 action=command_target outcome=included details="inventory=ansible/inventory/hosts.ini"
timestamp=2026-06-15T04:27:32Z level=INFO command=scale node=redis-node-2 action=command_target outcome=included details="inventory=ansible/inventory/hosts.ini"
timestamp=2026-06-15T04:27:32Z level=INFO command=scale node=redis-node-3 action=command_target outcome=included details="inventory=ansible/inventory/hosts.ini"
timestamp=2026-06-15T04:27:32Z level=INFO command=scale node=redis-node-4 action=command_target outcome=included details="inventory=ansible/inventory/hosts.ini"
timestamp=2026-06-15T04:27:32Z level=INFO command=scale node=redis-node-5 action=command_target outcome=included details="inventory=ansible/inventory/hosts.ini"
timestamp=2026-06-15T04:27:32Z level=INFO command=scale node=redis-node-6 action=command_target outcome=included details="inventory=ansible/inventory/hosts.ini"
timestamp=2026-06-15T04:27:32Z level=INFO command=scale node=all action=prerequisite_check outcome=success details="runtime=Docker version 29.4.3, build 055a478 ansible=2.21.0"
timestamp=2026-06-15T04:27:32Z level=INFO command=scale node=redis-node-1 action=cluster_discovery outcome=reachable details="address=10.10.0.11:6379"
timestamp=2026-06-15T04:27:32Z level=INFO command=scale node=redis-node-2 action=cluster_discovery outcome=reachable details="address=10.10.0.12:6379"
timestamp=2026-06-15T04:27:32Z level=INFO command=scale node=redis-node-3 action=cluster_discovery outcome=reachable details="address=10.10.0.13:6379"
timestamp=2026-06-15T04:27:32Z level=INFO command=scale node=redis-node-4 action=cluster_discovery outcome=reachable details="address=10.10.0.14:6379"
timestamp=2026-06-15T04:27:32Z level=INFO command=scale node=redis-node-5 action=cluster_discovery outcome=reachable details="address=10.10.0.15:6379"
timestamp=2026-06-15T04:27:32Z level=INFO command=scale node=redis-node-6 action=cluster_discovery outcome=reachable details="address=10.10.0.16:6379"
timestamp=2026-06-15T04:27:32Z level=INFO command=scale node=redis-node-7 action=cluster_discovery outcome=reachable details="address=10.10.0.17:6379"
timestamp=2026-06-15T04:27:32Z level=INFO command=scale node=redis-node-8 action=cluster_discovery outcome=reachable details="address=10.10.0.18:6379"
Starting Redis Cluster scale out...
Adding 2 nodes: 1 master and 1 replica
===== Redis Scale Out Started =====
Mon Jun 15 09:57:32 IST 2026

===== Creating Dynamic Scale-Out Infrastructure =====
Creating Redis scale-out container infrastructure dynamically...
Base image: infra-redis-node-1
Cluster network: infra_redis-cluster-net
[OK] redis-node-7 already exists in the Redis cluster
timestamp=2026-06-15T04:27:32Z level=INFO command=scale node=redis-node-7 action=scale_out_container outcome=already_present details="address=10.10.0.17 ssh_port=2217"
[OK] redis-node-8 already exists in the Redis cluster
timestamp=2026-06-15T04:27:32Z level=INFO command=scale node=redis-node-8 action=scale_out_container outcome=already_present details="address=10.10.0.18 ssh_port=2218"
Patching SSH public key into Redis containers...
Checking SSH key setup...
[OK] SSH key already exists: /Users/nileshkrishnamurthy/.ssh/redis_cluster_key
Patching SSH key into redis-node-7...
[OK] SSH key patched into redis-node-7
Patching SSH key into redis-node-8...
[OK] SSH key patched into redis-node-8
Waiting for SSH access on Redis nodes...
Checking SSH on localhost:2217...
[OK] SSH ready on port 2217
Checking SSH on localhost:2218...
[OK] SSH ready on port 2218

===== Running Scale Out Playbook =====

PLAY [Prepare new Redis scale-out nodes only if they are not already in cluster] ***

TASK [Gathering Facts] *********************************************************
ok: [redis-node-8]
ok: [redis-node-7]

TASK [Detect the current cluster Redis version] ********************************
ok: [redis-node-7 -> redis-node-1(localhost)]
ok: [redis-node-8 -> redis-node-1(localhost)]

TASK [Check if this node is already part of Redis Cluster] *********************
ok: [redis-node-7 -> redis-node-1(localhost)]
ok: [redis-node-8 -> redis-node-1(localhost)]

TASK [Show node cluster membership status] *************************************
ok: [redis-node-7] => {
    "msg": "redis-node-7 is already in cluster: True"
}
ok: [redis-node-8] => {
    "msg": "redis-node-8 is already in cluster: True"
}

TASK [Stop any existing Redis process on a new node] ***************************
skipping: [redis-node-7]
skipping: [redis-node-8]

TASK [Install build dependencies] **********************************************
skipping: [redis-node-7]
skipping: [redis-node-8]

TASK [Remove old Redis source directory] ***************************************
skipping: [redis-node-7]
skipping: [redis-node-8]

TASK [Download Redis source] ***************************************************
skipping: [redis-node-7]
skipping: [redis-node-8]

TASK [Extract Redis source] ****************************************************
skipping: [redis-node-7]
skipping: [redis-node-8]

TASK [Build Redis from source] *************************************************
skipping: [redis-node-7]
skipping: [redis-node-8]

TASK [Install Redis binaries] **************************************************
skipping: [redis-node-7]
skipping: [redis-node-8]

TASK [Create redis user] *******************************************************
skipping: [redis-node-7]
skipping: [redis-node-8]

TASK [Create Redis directories] ************************************************
skipping: [redis-node-7] => (item=/etc/redis) 
skipping: [redis-node-7] => (item=/var/lib/redis) 
skipping: [redis-node-7] => (item=/var/log/redis) 
skipping: [redis-node-7] => (item=/var/run/redis) 
skipping: [redis-node-8] => (item=/etc/redis) 
skipping: [redis-node-7]
skipping: [redis-node-8] => (item=/var/lib/redis) 
skipping: [redis-node-8] => (item=/var/log/redis) 
skipping: [redis-node-8] => (item=/var/run/redis) 
skipping: [redis-node-8]

TASK [Clear stale Redis state before first cluster join] ***********************
skipping: [redis-node-7]
skipping: [redis-node-8]

TASK [Create Redis cluster configuration] **************************************
skipping: [redis-node-7]
skipping: [redis-node-8]

TASK [Start Redis with cluster config] *****************************************
skipping: [redis-node-7]
skipping: [redis-node-8]

TASK [Wait for Redis port] *****************************************************
ok: [redis-node-8]
ok: [redis-node-7]

TASK [Check Redis ping] ********************************************************
ok: [redis-node-7]
ok: [redis-node-8]

TASK [Show Redis ping result] **************************************************
ok: [redis-node-7] => {
    "msg": "redis-node-7 ping result: PONG"
}
ok: [redis-node-8] => {
    "msg": "redis-node-8 ping result: PONG"
}

PLAY [Add new master and replica to existing Redis Cluster] ********************

TASK [Check current cluster health before scale out] ***************************
ok: [redis-node-1]

TASK [Fail if cluster is not healthy before scale out] *************************
skipping: [redis-node-1]

TASK [Add redis-node-7 as new master if not already added] *********************
ok: [redis-node-1]

TASK [Get redis-node-7 node id] ************************************************
ok: [redis-node-1]

TASK [Wait until the seed recognizes redis-node-7 stable node id] **************
ok: [redis-node-1]

TASK [Add redis-node-8 to the cluster if not already added] ********************
ok: [redis-node-1]

TASK [Get redis-node-8 node id] ************************************************
ok: [redis-node-1]

TASK [Wait until every master knows both new nodes] ****************************
ok: [redis-node-1]

TASK [Normalize unexpected redis-node-7 and redis-node-8 roles] ****************
FAILED - RETRYING: [redis-node-1]: Normalize unexpected redis-node-7 and redis-node-8 roles (2 retries left).
FAILED - RETRYING: [redis-node-1]: Normalize unexpected redis-node-7 and redis-node-8 roles (1 retries left).
FAILED - RETRYING: [redis-node-1]: Normalize unexpected redis-node-7 and redis-node-8 roles (0 retries left).
[ERROR]: Task failed: Module failed: The command exited with a non-zero return code.
Origin: /Users/nileshkrishnamurthy/Documents/Projects/submission/ansible/playbooks/scale_out.yml:253:7

251       changed_when: false
252
253     - name: Normalize unexpected redis-node-7 and redis-node-8 roles
          ^ column 7

fatal: [redis-node-1]: FAILED! => {"attempts": 3, "changed": true, "changed_when_result": true, "cmd": "set -eu\n\nseed=\"10.10.0.11:6379\"\nnode7_ip=\"10.10.0.17\"\nnode8_ip=\"10.10.0.18\"\ncluster_nodes=$(redis-cli -h 10.10.0.11 -p 6379 cluster nodes)\nnode7_line=$(echo \"$cluster_nodes\" | awk '$2 ~ /^10.10.0.17:6379@/')\nnode8_line=$(echo \"$cluster_nodes\" | awk '$2 ~ /^10.10.0.18:6379@/')\nnode7_role=$(echo \"$node7_line\" | awk '{print $3}')\nnode8_role=$(echo \"$node8_line\" | awk '{print $3}')\nnode8_master=$(echo \"$node8_line\" | awk '{print $4}')\n\nif echo \"$node7_role\" | grep -q \"master\" &&\n   echo \"$node8_role\" | grep -q \"slave\" &&\n   [ \"$node8_master\" = \"6b3e9e3e4be528182ee0876cb063211815b988ce\" ]; then\n  echo \"Scale-out roles are already correct\"\n  exit 0\nfi\n\nnode8_id=$(echo \"$node8_line\" | awk '{print $1}')\nnode8_slots=$(echo \"$node8_line\" | awk '{\n  for (i=9; i<=NF; i++) {\n    if ($i !~ /^\\[/) {\n      print $i\n    }\n  }\n}')\n\nif echo \"$node8_role\" | grep -q \"master\" && [ -n \"$node8_slots\" ]; then\n  redis-cli --cluster rebalance \"$seed\"    --cluster-weight \"$node8_id=0\"    --cluster-use-empty-masters    --cluster-yes\nfi\n\nif [ -n \"$node8_id\" ]; then\n  redis-cli --cluster del-node \"$seed\" \"$node8_id\"\nfi\n\ncluster_nodes=$(redis-cli -h 10.10.0.11 -p 6379 cluster nodes)\nnode7_line=$(echo \"$cluster_nodes\" | awk '$2 ~ /^10.10.0.17:6379@/')\nnode7_id=$(echo \"$node7_line\" | awk '{print $1}')\nnode7_role=$(echo \"$node7_line\" | awk '{print $3}')\nnode7_slots=$(echo \"$node7_line\" | awk '{\n  for (i=9; i<=NF; i++) {\n    if ($i !~ /^\\[/) {\n      print $i\n    }\n  }\n}')\n\nif ! echo \"$node7_role\" | grep -q \"master\"; then\n  if [ -n \"$node7_slots\" ]; then\n    echo \"Refusing to remove redis-node-7 because it still owns slots: $node7_slots\"\n    exit 1\n  fi\n\n  redis-cli --cluster del-node \"$seed\" \"$node7_id\"\nfi\n\nif ! redis-cli -h 10.10.0.11 -p 6379 cluster nodes |\n     grep -q \"${node7_ip}:6379\"; then\n  redis-cli --cluster add-node \"${node7_ip}:6379\" \"$seed\" --cluster-yes\nfi\n\nfor attempt in $(seq 1 30); do\n  node7_line=$(\n    redis-cli -h 10.10.0.11 -p 6379 cluster nodes |\n      awk '$2 ~ /^10.10.0.17:6379@/'\n  )\n\n  if echo \"$node7_line\" | awk '$3 ~ /master/ && $3 !~ /fail/ {found=1} END {exit(found ? 0 : 1)}'; then\n    break\n  fi\n\n  if [ \"$attempt\" -eq 30 ]; then\n    echo \"redis-node-7 did not rejoin as a master\"\n    exit 1\n  fi\n\n  sleep 2\ndone\n\nif ! redis-cli -h 10.10.0.11 -p 6379 cluster nodes |\n     grep -q \"${node8_ip}:6379\"; then\n  redis-cli --cluster add-node \"${node8_ip}:6379\" \"$seed\" --cluster-yes\nfi\n", "delta": "0:00:00.007958", "end": "2026-06-15 04:28:41.544636", "msg": "The command exited with a non-zero return code.", "rc": 1, "start": "2026-06-15 04:28:41.536678", "stderr": "", "stderr_lines": [], "stdout": ">>> Removing node  from cluster 10.10.0.11:6379\n[ERR] No such node ID ", "stdout_lines": [">>> Removing node  from cluster 10.10.0.11:6379", "[ERR] No such node ID "]}

PLAY RECAP *********************************************************************
redis-node-1               : ok=7    changed=0    unreachable=0    failed=1    skipped=1    rescued=0    ignored=0   
redis-node-7               : ok=7    changed=0    unreachable=0    failed=0    skipped=12   rescued=0    ignored=0   
redis-node-8               : ok=7    changed=0    unreachable=0    failed=0    skipped=12   rescued=0    ignored=0   

timestamp=2026-06-15T04:28:41Z level=ERROR command=scale node=all action=operation outcome=failed details="exit_code=2"
Structured operation log: logs/20260615T042732Z_scale_15209.log
