timestamp=2026-06-14T19:08:55Z level=INFO command=upgrade node=all action=operation outcome=started details="arguments=upgrade --target-version 7.2.6 --strategy rolling"
Operation log: logs/20260614T190855Z_upgrade_70018.log
timestamp=2026-06-14T19:08:55Z level=INFO command=upgrade node=redis-node-1 action=command_target outcome=included details="inventory=ansible/inventory/hosts.ini"
timestamp=2026-06-14T19:08:55Z level=INFO command=upgrade node=redis-node-2 action=command_target outcome=included details="inventory=ansible/inventory/hosts.ini"
timestamp=2026-06-14T19:08:55Z level=INFO command=upgrade node=redis-node-3 action=command_target outcome=included details="inventory=ansible/inventory/hosts.ini"
timestamp=2026-06-14T19:08:55Z level=INFO command=upgrade node=redis-node-4 action=command_target outcome=included details="inventory=ansible/inventory/hosts.ini"
timestamp=2026-06-14T19:08:55Z level=INFO command=upgrade node=redis-node-5 action=command_target outcome=included details="inventory=ansible/inventory/hosts.ini"
timestamp=2026-06-14T19:08:55Z level=INFO command=upgrade node=redis-node-6 action=command_target outcome=included details="inventory=ansible/inventory/hosts.ini"
timestamp=2026-06-14T19:08:55Z level=INFO command=upgrade node=all action=prerequisite_check outcome=success details="runtime=Docker version 29.4.3, build 055a478 ansible=2.21.0"
timestamp=2026-06-14T19:08:55Z level=INFO command=upgrade node=redis-node-1 action=cluster_discovery outcome=reachable details="address=10.10.0.11:6379"
timestamp=2026-06-14T19:08:55Z level=INFO command=upgrade node=redis-node-2 action=cluster_discovery outcome=reachable details="address=10.10.0.12:6379"
timestamp=2026-06-14T19:08:55Z level=INFO command=upgrade node=redis-node-3 action=cluster_discovery outcome=reachable details="address=10.10.0.13:6379"
timestamp=2026-06-14T19:08:55Z level=INFO command=upgrade node=redis-node-4 action=cluster_discovery outcome=reachable details="address=10.10.0.14:6379"
timestamp=2026-06-14T19:08:55Z level=INFO command=upgrade node=redis-node-5 action=cluster_discovery outcome=reachable details="address=10.10.0.15:6379"
timestamp=2026-06-14T19:08:55Z level=INFO command=upgrade node=redis-node-6 action=cluster_discovery outcome=reachable details="address=10.10.0.16:6379"
timestamp=2026-06-14T19:08:55Z level=INFO command=upgrade node=redis-node-1 action=version_check outcome=target_change_required details="current=7.0.15 target=7.2.6"
timestamp=2026-06-14T19:08:55Z level=INFO command=upgrade node=redis-node-2 action=version_check outcome=target_change_required details="current=7.0.15 target=7.2.6"
timestamp=2026-06-14T19:08:55Z level=INFO command=upgrade node=redis-node-3 action=version_check outcome=target_change_required details="current=7.0.15 target=7.2.6"
timestamp=2026-06-14T19:08:55Z level=INFO command=upgrade node=redis-node-4 action=version_check outcome=already_target details="current=7.2.6 target=7.2.6"
timestamp=2026-06-14T19:08:56Z level=INFO command=upgrade node=redis-node-5 action=version_check outcome=target_change_required details="current=7.0.15 target=7.2.6"
timestamp=2026-06-14T19:08:56Z level=INFO command=upgrade node=redis-node-6 action=version_check outcome=target_change_required details="current=7.0.15 target=7.2.6"
Starting Redis rolling upgrade...
Target version: 7.2.6
Strategy: rolling
===== Redis Rolling Upgrade Started =====
Mon Jun 15 00:38:56 IST 2026
Target version: 7.2.6
Strategy: rolling

===== Pre-upgrade Cluster Info =====
redis-node-1 | CHANGED | rc=0 >>
cluster_state:ok
cluster_slots_assigned:16384
cluster_slots_ok:16384
cluster_slots_pfail:0
cluster_slots_fail:0
cluster_known_nodes:6
cluster_size:3
cluster_current_epoch:6
cluster_my_epoch:1
cluster_stats_messages_ping_sent:938
cluster_stats_messages_pong_sent:916
cluster_stats_messages_sent:1854
cluster_stats_messages_ping_received:911
cluster_stats_messages_pong_received:935
cluster_stats_messages_meet_received:5
cluster_stats_messages_fail_received:1
cluster_stats_messages_received:1852
total_cluster_links_buffer_limit_exceeded:0

===== Pre-upgrade Data Verification =====

PLAY [Verify deterministic data in Redis Cluster] ******************************

TASK [Verify all seeded keys] **************************************************
ok: [redis-node-1]

TASK [Show verification result] ************************************************
ok: [redis-node-1] => {
    "msg": [
        "PASS - 1000/1000 keys verified"
    ]
}

PLAY RECAP *********************************************************************
redis-node-1               : ok=2    changed=0    unreachable=0    failed=0    skipped=0    rescued=0    ignored=0   


===== Rolling Upgrade Playbook =====
Starting cluster-aware availability monitor...

PLAY [Pre-upgrade health check] ************************************************

TASK [Check cluster state before upgrade] **************************************
ok: [redis-node-1]

TASK [Fail if cluster is not healthy before upgrade] ***************************
skipping: [redis-node-1]

TASK [Verify every cluster node is reachable] **********************************
ok: [redis-node-1]

TASK [Report nodes that require the target version] ****************************
ok: [redis-node-1]

PLAY [Upgrade Redis replicas first] ********************************************

TASK [Gathering Facts] *********************************************************
ok: [redis-node-1]

TASK [Check current Redis role] ************************************************
ok: [redis-node-1]

TASK [Check current Redis version] *********************************************
ok: [redis-node-1]

TASK [Show replica upgrade decision] *******************************************
ok: [redis-node-1] => {
    "msg": "redis-node-1 role=master version=7.0.15 target=7.2.6"
}

TASK [Install build dependencies] **********************************************
skipping: [redis-node-1]

TASK [Remove old source directory] *********************************************
skipping: [redis-node-1]

TASK [Download Redis target version source] ************************************
skipping: [redis-node-1]

TASK [Extract Redis target version source] *************************************
skipping: [redis-node-1]

TASK [Build Redis target version] **********************************************
skipping: [redis-node-1]

TASK [Stop Redis replica] ******************************************************
skipping: [redis-node-1]

TASK [Wait for replica port to stop] *******************************************
skipping: [redis-node-1]

TASK [Install Redis target binaries] *******************************************
skipping: [redis-node-1]

TASK [Normalize legacy cluster address metadata before replica restart] ********
skipping: [redis-node-1]

TASK [Start Redis replica] *****************************************************
skipping: [redis-node-1]

TASK [Wait for replica port to start] ******************************************
skipping: [redis-node-1]

TASK [Check replica version after upgrade] *************************************
skipping: [redis-node-1]

TASK [Wait for upgraded replica to reconnect and finish synchronization] *******
skipping: [redis-node-1]

TASK [Show replica upgrade result] *********************************************
skipping: [redis-node-1]

TASK [Verify cluster state after replica upgrade] ******************************
skipping: [redis-node-1]

TASK [Print replica upgrade progress] ******************************************
skipping: [redis-node-1]

PLAY [Upgrade Redis replicas first] ********************************************

TASK [Gathering Facts] *********************************************************
ok: [redis-node-2]

TASK [Check current Redis role] ************************************************
ok: [redis-node-2]

TASK [Check current Redis version] *********************************************
ok: [redis-node-2]

TASK [Show replica upgrade decision] *******************************************
ok: [redis-node-2] => {
    "msg": "redis-node-2 role=master version=7.0.15 target=7.2.6"
}

TASK [Install build dependencies] **********************************************
skipping: [redis-node-2]

TASK [Remove old source directory] *********************************************
skipping: [redis-node-2]

TASK [Download Redis target version source] ************************************
skipping: [redis-node-2]

TASK [Extract Redis target version source] *************************************
skipping: [redis-node-2]

TASK [Build Redis target version] **********************************************
skipping: [redis-node-2]

TASK [Stop Redis replica] ******************************************************
skipping: [redis-node-2]

TASK [Wait for replica port to stop] *******************************************
skipping: [redis-node-2]

TASK [Install Redis target binaries] *******************************************
skipping: [redis-node-2]

TASK [Normalize legacy cluster address metadata before replica restart] ********
skipping: [redis-node-2]

TASK [Start Redis replica] *****************************************************
skipping: [redis-node-2]

TASK [Wait for replica port to start] ******************************************
skipping: [redis-node-2]

TASK [Check replica version after upgrade] *************************************
skipping: [redis-node-2]

TASK [Wait for upgraded replica to reconnect and finish synchronization] *******
skipping: [redis-node-2]

TASK [Show replica upgrade result] *********************************************
skipping: [redis-node-2]

TASK [Verify cluster state after replica upgrade] ******************************
skipping: [redis-node-2]

TASK [Print replica upgrade progress] ******************************************
skipping: [redis-node-2]

PLAY [Upgrade Redis replicas first] ********************************************

TASK [Gathering Facts] *********************************************************
ok: [redis-node-3]

TASK [Check current Redis role] ************************************************
ok: [redis-node-3]

TASK [Check current Redis version] *********************************************
ok: [redis-node-3]

TASK [Show replica upgrade decision] *******************************************
ok: [redis-node-3] => {
    "msg": "redis-node-3 role=master version=7.0.15 target=7.2.6"
}

TASK [Install build dependencies] **********************************************
skipping: [redis-node-3]

TASK [Remove old source directory] *********************************************
skipping: [redis-node-3]

TASK [Download Redis target version source] ************************************
skipping: [redis-node-3]

TASK [Extract Redis target version source] *************************************
skipping: [redis-node-3]

TASK [Build Redis target version] **********************************************
skipping: [redis-node-3]

TASK [Stop Redis replica] ******************************************************
skipping: [redis-node-3]

TASK [Wait for replica port to stop] *******************************************
skipping: [redis-node-3]

TASK [Install Redis target binaries] *******************************************
skipping: [redis-node-3]

TASK [Normalize legacy cluster address metadata before replica restart] ********
skipping: [redis-node-3]

TASK [Start Redis replica] *****************************************************
skipping: [redis-node-3]

TASK [Wait for replica port to start] ******************************************
skipping: [redis-node-3]

TASK [Check replica version after upgrade] *************************************
skipping: [redis-node-3]

TASK [Wait for upgraded replica to reconnect and finish synchronization] *******
skipping: [redis-node-3]

TASK [Show replica upgrade result] *********************************************
skipping: [redis-node-3]

TASK [Verify cluster state after replica upgrade] ******************************
skipping: [redis-node-3]

TASK [Print replica upgrade progress] ******************************************
skipping: [redis-node-3]

PLAY [Upgrade Redis replicas first] ********************************************

TASK [Gathering Facts] *********************************************************
ok: [redis-node-4]

TASK [Check current Redis role] ************************************************
ok: [redis-node-4]

TASK [Check current Redis version] *********************************************
ok: [redis-node-4]

TASK [Show replica upgrade decision] *******************************************
ok: [redis-node-4] => {
    "msg": "redis-node-4 role=slave version=7.2.6 target=7.2.6"
}

TASK [Install build dependencies] **********************************************
skipping: [redis-node-4]

TASK [Remove old source directory] *********************************************
skipping: [redis-node-4]

TASK [Download Redis target version source] ************************************
skipping: [redis-node-4]

TASK [Extract Redis target version source] *************************************
skipping: [redis-node-4]

TASK [Build Redis target version] **********************************************
skipping: [redis-node-4]

TASK [Stop Redis replica] ******************************************************
skipping: [redis-node-4]

TASK [Wait for replica port to stop] *******************************************
skipping: [redis-node-4]

TASK [Install Redis target binaries] *******************************************
skipping: [redis-node-4]

TASK [Normalize legacy cluster address metadata before replica restart] ********
skipping: [redis-node-4]

TASK [Start Redis replica] *****************************************************
skipping: [redis-node-4]

TASK [Wait for replica port to start] ******************************************
skipping: [redis-node-4]

TASK [Check replica version after upgrade] *************************************
skipping: [redis-node-4]

TASK [Wait for upgraded replica to reconnect and finish synchronization] *******
skipping: [redis-node-4]

TASK [Show replica upgrade result] *********************************************
skipping: [redis-node-4]

TASK [Verify cluster state after replica upgrade] ******************************
skipping: [redis-node-4]

TASK [Print replica upgrade progress] ******************************************
skipping: [redis-node-4]

PLAY [Upgrade Redis replicas first] ********************************************

TASK [Gathering Facts] *********************************************************
ok: [redis-node-5]

TASK [Check current Redis role] ************************************************
ok: [redis-node-5]

TASK [Check current Redis version] *********************************************
ok: [redis-node-5]

TASK [Show replica upgrade decision] *******************************************
ok: [redis-node-5] => {
    "msg": "redis-node-5 role=slave version=7.0.15 target=7.2.6"
}

TASK [Install build dependencies] **********************************************
ok: [redis-node-5]

TASK [Remove old source directory] *********************************************
ok: [redis-node-5]

TASK [Download Redis target version source] ************************************
changed: [redis-node-5]

TASK [Extract Redis target version source] *************************************
changed: [redis-node-5]

TASK [Build Redis target version] **********************************************
changed: [redis-node-5]

TASK [Stop Redis replica] ******************************************************
changed: [redis-node-5]

TASK [Wait for replica port to stop] *******************************************
ok: [redis-node-5]

TASK [Install Redis target binaries] *******************************************
changed: [redis-node-5]

TASK [Normalize legacy cluster address metadata before replica restart] ********
ok: [redis-node-5]

TASK [Start Redis replica] *****************************************************
changed: [redis-node-5]

TASK [Wait for replica port to start] ******************************************
ok: [redis-node-5]

TASK [Check replica version after upgrade] *************************************
ok: [redis-node-5]

TASK [Wait for upgraded replica to reconnect and finish synchronization] *******
FAILED - RETRYING: [redis-node-5]: Wait for upgraded replica to reconnect and finish synchronization (19 retries left).
FAILED - RETRYING: [redis-node-5]: Wait for upgraded replica to reconnect and finish synchronization (18 retries left).
ok: [redis-node-5]

TASK [Show replica upgrade result] *********************************************
ok: [redis-node-5] => {
    "msg": "redis-node-5 upgraded replica -> redis_version:7.2.6"
}

TASK [Verify cluster state after replica upgrade] ******************************
ok: [redis-node-5 -> redis-node-1(localhost)]

TASK [Print replica upgrade progress] ******************************************
ok: [redis-node-5] => {
    "msg": "Upgraded replica redis-node-5 (10.10.0.15) - cluster: ok"
}

PLAY [Upgrade Redis replicas first] ********************************************

TASK [Gathering Facts] *********************************************************
ok: [redis-node-6]

TASK [Check current Redis role] ************************************************
ok: [redis-node-6]

TASK [Check current Redis version] *********************************************
ok: [redis-node-6]

TASK [Show replica upgrade decision] *******************************************
ok: [redis-node-6] => {
    "msg": "redis-node-6 role=slave version=7.0.15 target=7.2.6"
}

TASK [Install build dependencies] **********************************************
ok: [redis-node-6]

TASK [Remove old source directory] *********************************************
ok: [redis-node-6]

TASK [Download Redis target version source] ************************************
changed: [redis-node-6]

TASK [Extract Redis target version source] *************************************
changed: [redis-node-6]

TASK [Build Redis target version] **********************************************
changed: [redis-node-6]

TASK [Stop Redis replica] ******************************************************
changed: [redis-node-6]

TASK [Wait for replica port to stop] *******************************************
ok: [redis-node-6]

TASK [Install Redis target binaries] *******************************************
changed: [redis-node-6]

TASK [Normalize legacy cluster address metadata before replica restart] ********
ok: [redis-node-6]

TASK [Start Redis replica] *****************************************************
changed: [redis-node-6]

TASK [Wait for replica port to start] ******************************************
ok: [redis-node-6]

TASK [Check replica version after upgrade] *************************************
ok: [redis-node-6]

TASK [Wait for upgraded replica to reconnect and finish synchronization] *******
FAILED - RETRYING: [redis-node-6]: Wait for upgraded replica to reconnect and finish synchronization (19 retries left).
FAILED - RETRYING: [redis-node-6]: Wait for upgraded replica to reconnect and finish synchronization (18 retries left).
ok: [redis-node-6]

TASK [Show replica upgrade result] *********************************************
ok: [redis-node-6] => {
    "msg": "redis-node-6 upgraded replica -> redis_version:7.2.6"
}

TASK [Verify cluster state after replica upgrade] ******************************
ok: [redis-node-6 -> redis-node-1(localhost)]

TASK [Print replica upgrade progress] ******************************************
ok: [redis-node-6] => {
    "msg": "Upgraded replica redis-node-6 (10.10.0.16) - cluster: ok"
}

PLAY [Upgrade Redis masters using failover] ************************************

TASK [Gathering Facts] *********************************************************
ok: [redis-node-1]

TASK [Check current Redis role before master upgrade] **************************
ok: [redis-node-1]

TASK [Check current Redis version before master upgrade] ***********************
ok: [redis-node-1]

TASK [Show master upgrade decision] ********************************************
ok: [redis-node-1] => {
    "msg": "redis-node-1 role=master version=7.0.15 target=7.2.6"
}

TASK [Get current master node id] **********************************************
ok: [redis-node-1]

TASK [Get replica IP for this master] ******************************************
ok: [redis-node-1]

TASK [Fail if master has no replica for failover] ******************************
skipping: [redis-node-1]

TASK [Trigger CLUSTER FAILOVER on replica] *************************************
changed: [redis-node-1]

TASK [Wait until old master becomes replica] ***********************************
ok: [redis-node-1]

TASK [Install build dependencies for old master] *******************************
ok: [redis-node-1]

TASK [Remove old source directory for master] **********************************
ok: [redis-node-1]

TASK [Download Redis target version source for master] *************************
changed: [redis-node-1]

TASK [Extract Redis target version source for master] **************************
changed: [redis-node-1]

TASK [Build Redis target version for master] ***********************************
changed: [redis-node-1]

TASK [Stop old master after failover] ******************************************
changed: [redis-node-1]

TASK [Wait for old master port to stop] ****************************************
ok: [redis-node-1]

TASK [Install Redis target binaries on old master] *****************************
changed: [redis-node-1]

TASK [Normalize legacy cluster address metadata before former master restart] ***
ok: [redis-node-1]

TASK [Start old master as replica] *********************************************
changed: [redis-node-1]

TASK [Wait for old master port to start] ***************************************
ok: [redis-node-1]

TASK [Check upgraded old master version] ***************************************
ok: [redis-node-1]

TASK [Wait for upgraded old master to rejoin as a synchronized replica] ********
FAILED - RETRYING: [redis-node-1]: Wait for upgraded old master to rejoin as a synchronized replica (19 retries left).
FAILED - RETRYING: [redis-node-1]: Wait for upgraded old master to rejoin as a synchronized replica (18 retries left).
ok: [redis-node-1]

TASK [Show master upgrade result] **********************************************
ok: [redis-node-1] => {
    "msg": "redis-node-1 upgraded after failover -> redis_version:7.2.6"
}

TASK [Verify cluster state after master upgrade] *******************************
ok: [redis-node-1]

TASK [Print former master upgrade progress] ************************************
ok: [redis-node-1] => {
    "msg": "Upgraded former master redis-node-1 (10.10.0.11) as replica - cluster: ok"
}

PLAY [Upgrade Redis masters using failover] ************************************

TASK [Gathering Facts] *********************************************************
ok: [redis-node-2]

TASK [Check current Redis role before master upgrade] **************************
ok: [redis-node-2]

TASK [Check current Redis version before master upgrade] ***********************
ok: [redis-node-2]

TASK [Show master upgrade decision] ********************************************
ok: [redis-node-2] => {
    "msg": "redis-node-2 role=master version=7.0.15 target=7.2.6"
}

TASK [Get current master node id] **********************************************
ok: [redis-node-2 -> redis-node-1(localhost)]

TASK [Get replica IP for this master] ******************************************
ok: [redis-node-2 -> redis-node-1(localhost)]

TASK [Fail if master has no replica for failover] ******************************
skipping: [redis-node-2]

TASK [Trigger CLUSTER FAILOVER on replica] *************************************
changed: [redis-node-2 -> redis-node-1(localhost)]

TASK [Wait until old master becomes replica] ***********************************
ok: [redis-node-2]

TASK [Install build dependencies for old master] *******************************
ok: [redis-node-2]

TASK [Remove old source directory for master] **********************************
ok: [redis-node-2]

TASK [Download Redis target version source for master] *************************
changed: [redis-node-2]

TASK [Extract Redis target version source for master] **************************
changed: [redis-node-2]

TASK [Build Redis target version for master] ***********************************
changed: [redis-node-2]

TASK [Stop old master after failover] ******************************************
changed: [redis-node-2]

TASK [Wait for old master port to stop] ****************************************
ok: [redis-node-2]

TASK [Install Redis target binaries on old master] *****************************
changed: [redis-node-2]

TASK [Normalize legacy cluster address metadata before former master restart] ***
ok: [redis-node-2]

TASK [Start old master as replica] *********************************************
changed: [redis-node-2]

TASK [Wait for old master port to start] ***************************************
ok: [redis-node-2]

TASK [Check upgraded old master version] ***************************************
ok: [redis-node-2]

TASK [Wait for upgraded old master to rejoin as a synchronized replica] ********
FAILED - RETRYING: [redis-node-2]: Wait for upgraded old master to rejoin as a synchronized replica (19 retries left).
FAILED - RETRYING: [redis-node-2]: Wait for upgraded old master to rejoin as a synchronized replica (18 retries left).
ok: [redis-node-2]

TASK [Show master upgrade result] **********************************************
ok: [redis-node-2] => {
    "msg": "redis-node-2 upgraded after failover -> redis_version:7.2.6"
}

TASK [Verify cluster state after master upgrade] *******************************
ok: [redis-node-2 -> redis-node-1(localhost)]

TASK [Print former master upgrade progress] ************************************
ok: [redis-node-2] => {
    "msg": "Upgraded former master redis-node-2 (10.10.0.12) as replica - cluster: ok"
}

PLAY [Upgrade Redis masters using failover] ************************************

TASK [Gathering Facts] *********************************************************
ok: [redis-node-3]

TASK [Check current Redis role before master upgrade] **************************
ok: [redis-node-3]

TASK [Check current Redis version before master upgrade] ***********************
ok: [redis-node-3]

TASK [Show master upgrade decision] ********************************************
ok: [redis-node-3] => {
    "msg": "redis-node-3 role=master version=7.0.15 target=7.2.6"
}

TASK [Get current master node id] **********************************************
ok: [redis-node-3 -> redis-node-1(localhost)]

TASK [Get replica IP for this master] ******************************************
ok: [redis-node-3 -> redis-node-1(localhost)]

TASK [Fail if master has no replica for failover] ******************************
skipping: [redis-node-3]

TASK [Trigger CLUSTER FAILOVER on replica] *************************************
changed: [redis-node-3 -> redis-node-1(localhost)]

TASK [Wait until old master becomes replica] ***********************************
ok: [redis-node-3]

TASK [Install build dependencies for old master] *******************************
ok: [redis-node-3]

TASK [Remove old source directory for master] **********************************
ok: [redis-node-3]

TASK [Download Redis target version source for master] *************************
changed: [redis-node-3]

TASK [Extract Redis target version source for master] **************************
changed: [redis-node-3]

TASK [Build Redis target version for master] ***********************************
changed: [redis-node-3]

TASK [Stop old master after failover] ******************************************
changed: [redis-node-3]

TASK [Wait for old master port to stop] ****************************************
ok: [redis-node-3]

TASK [Install Redis target binaries on old master] *****************************
changed: [redis-node-3]

TASK [Normalize legacy cluster address metadata before former master restart] ***
ok: [redis-node-3]

TASK [Start old master as replica] *********************************************
changed: [redis-node-3]

TASK [Wait for old master port to start] ***************************************
ok: [redis-node-3]

TASK [Check upgraded old master version] ***************************************
ok: [redis-node-3]

TASK [Wait for upgraded old master to rejoin as a synchronized replica] ********
FAILED - RETRYING: [redis-node-3]: Wait for upgraded old master to rejoin as a synchronized replica (19 retries left).
FAILED - RETRYING: [redis-node-3]: Wait for upgraded old master to rejoin as a synchronized replica (18 retries left).
ok: [redis-node-3]

TASK [Show master upgrade result] **********************************************
ok: [redis-node-3] => {
    "msg": "redis-node-3 upgraded after failover -> redis_version:7.2.6"
}

TASK [Verify cluster state after master upgrade] *******************************
ok: [redis-node-3 -> redis-node-1(localhost)]

TASK [Print former master upgrade progress] ************************************
ok: [redis-node-3] => {
    "msg": "Upgraded former master redis-node-3 (10.10.0.13) as replica - cluster: ok"
}

PLAY [Upgrade Redis masters using failover] ************************************

TASK [Gathering Facts] *********************************************************
ok: [redis-node-4]

TASK [Check current Redis role before master upgrade] **************************
ok: [redis-node-4]

TASK [Check current Redis version before master upgrade] ***********************
ok: [redis-node-4]

TASK [Show master upgrade decision] ********************************************
ok: [redis-node-4] => {
    "msg": "redis-node-4 role=master version=7.2.6 target=7.2.6"
}

TASK [Get current master node id] **********************************************
skipping: [redis-node-4]

TASK [Get replica IP for this master] ******************************************
skipping: [redis-node-4]

TASK [Fail if master has no replica for failover] ******************************
skipping: [redis-node-4]

TASK [Trigger CLUSTER FAILOVER on replica] *************************************
skipping: [redis-node-4]

TASK [Wait until old master becomes replica] ***********************************
skipping: [redis-node-4]

TASK [Install build dependencies for old master] *******************************
skipping: [redis-node-4]

TASK [Remove old source directory for master] **********************************
skipping: [redis-node-4]

TASK [Download Redis target version source for master] *************************
skipping: [redis-node-4]

TASK [Extract Redis target version source for master] **************************
skipping: [redis-node-4]

TASK [Build Redis target version for master] ***********************************
skipping: [redis-node-4]

TASK [Stop old master after failover] ******************************************
skipping: [redis-node-4]

TASK [Wait for old master port to stop] ****************************************
skipping: [redis-node-4]

TASK [Install Redis target binaries on old master] *****************************
skipping: [redis-node-4]

TASK [Normalize legacy cluster address metadata before former master restart] ***
skipping: [redis-node-4]

TASK [Start old master as replica] *********************************************
skipping: [redis-node-4]

TASK [Wait for old master port to start] ***************************************
skipping: [redis-node-4]

TASK [Check upgraded old master version] ***************************************
skipping: [redis-node-4]

TASK [Wait for upgraded old master to rejoin as a synchronized replica] ********
skipping: [redis-node-4]

TASK [Show master upgrade result] **********************************************
skipping: [redis-node-4]

TASK [Verify cluster state after master upgrade] *******************************
skipping: [redis-node-4]

TASK [Print former master upgrade progress] ************************************
skipping: [redis-node-4]

PLAY [Upgrade Redis masters using failover] ************************************

TASK [Gathering Facts] *********************************************************
ok: [redis-node-5]

TASK [Check current Redis role before master upgrade] **************************
ok: [redis-node-5]

TASK [Check current Redis version before master upgrade] ***********************
ok: [redis-node-5]

TASK [Show master upgrade decision] ********************************************
ok: [redis-node-5] => {
    "msg": "redis-node-5 role=master version=7.2.6 target=7.2.6"
}

TASK [Get current master node id] **********************************************
skipping: [redis-node-5]

TASK [Get replica IP for this master] ******************************************
skipping: [redis-node-5]

TASK [Fail if master has no replica for failover] ******************************
skipping: [redis-node-5]

TASK [Trigger CLUSTER FAILOVER on replica] *************************************
skipping: [redis-node-5]

TASK [Wait until old master becomes replica] ***********************************
skipping: [redis-node-5]

TASK [Install build dependencies for old master] *******************************
skipping: [redis-node-5]

TASK [Remove old source directory for master] **********************************
skipping: [redis-node-5]

TASK [Download Redis target version source for master] *************************
skipping: [redis-node-5]

TASK [Extract Redis target version source for master] **************************
skipping: [redis-node-5]

TASK [Build Redis target version for master] ***********************************
skipping: [redis-node-5]

TASK [Stop old master after failover] ******************************************
skipping: [redis-node-5]

TASK [Wait for old master port to stop] ****************************************
skipping: [redis-node-5]

TASK [Install Redis target binaries on old master] *****************************
skipping: [redis-node-5]

TASK [Normalize legacy cluster address metadata before former master restart] ***
skipping: [redis-node-5]

TASK [Start old master as replica] *********************************************
skipping: [redis-node-5]

TASK [Wait for old master port to start] ***************************************
skipping: [redis-node-5]

TASK [Check upgraded old master version] ***************************************
skipping: [redis-node-5]

TASK [Wait for upgraded old master to rejoin as a synchronized replica] ********
skipping: [redis-node-5]

TASK [Show master upgrade result] **********************************************
skipping: [redis-node-5]

TASK [Verify cluster state after master upgrade] *******************************
skipping: [redis-node-5]

TASK [Print former master upgrade progress] ************************************
skipping: [redis-node-5]

PLAY [Upgrade Redis masters using failover] ************************************

TASK [Gathering Facts] *********************************************************
ok: [redis-node-6]

TASK [Check current Redis role before master upgrade] **************************
ok: [redis-node-6]

TASK [Check current Redis version before master upgrade] ***********************
ok: [redis-node-6]

TASK [Show master upgrade decision] ********************************************
ok: [redis-node-6] => {
    "msg": "redis-node-6 role=master version=7.2.6 target=7.2.6"
}

TASK [Get current master node id] **********************************************
skipping: [redis-node-6]

TASK [Get replica IP for this master] ******************************************
skipping: [redis-node-6]

TASK [Fail if master has no replica for failover] ******************************
skipping: [redis-node-6]

TASK [Trigger CLUSTER FAILOVER on replica] *************************************
skipping: [redis-node-6]

TASK [Wait until old master becomes replica] ***********************************
skipping: [redis-node-6]

TASK [Install build dependencies for old master] *******************************
skipping: [redis-node-6]

TASK [Remove old source directory for master] **********************************
skipping: [redis-node-6]

TASK [Download Redis target version source for master] *************************
skipping: [redis-node-6]

TASK [Extract Redis target version source for master] **************************
skipping: [redis-node-6]

TASK [Build Redis target version for master] ***********************************
skipping: [redis-node-6]

TASK [Stop old master after failover] ******************************************
skipping: [redis-node-6]

TASK [Wait for old master port to stop] ****************************************
skipping: [redis-node-6]

TASK [Install Redis target binaries on old master] *****************************
skipping: [redis-node-6]

TASK [Normalize legacy cluster address metadata before former master restart] ***
skipping: [redis-node-6]

TASK [Start old master as replica] *********************************************
skipping: [redis-node-6]

TASK [Wait for old master port to start] ***************************************
skipping: [redis-node-6]

TASK [Check upgraded old master version] ***************************************
skipping: [redis-node-6]

TASK [Wait for upgraded old master to rejoin as a synchronized replica] ********
skipping: [redis-node-6]

TASK [Show master upgrade result] **********************************************
skipping: [redis-node-6]

TASK [Verify cluster state after master upgrade] *******************************
skipping: [redis-node-6]

TASK [Print former master upgrade progress] ************************************
skipping: [redis-node-6]

PLAY [Post-upgrade summary] ****************************************************

TASK [Verify all running nodes use the target Redis version] *******************
ok: [redis-node-1]

TASK [Print final Redis versions] **********************************************
ok: [redis-node-1] => {
    "msg": [
        "10.10.0.11:6379 -> Redis 7.2.6",
        "10.10.0.15:6379 -> Redis 7.2.6",
        "10.10.0.13:6379 -> Redis 7.2.6",
        "10.10.0.16:6379 -> Redis 7.2.6",
        "10.10.0.12:6379 -> Redis 7.2.6",
        "10.10.0.14:6379 -> Redis 7.2.6"
    ]
}

TASK [Show final cluster info] *************************************************
ok: [redis-node-1]

TASK [Print final cluster info] ************************************************
ok: [redis-node-1] => {
    "msg": [
        "cluster_state:ok",
        "cluster_slots_assigned:16384",
        "cluster_slots_ok:16384",
        "cluster_slots_pfail:0",
        "cluster_slots_fail:0",
        "cluster_known_nodes:6",
        "cluster_size:3",
        "cluster_current_epoch:9",
        "cluster_my_epoch:7",
        "cluster_stats_messages_ping_sent:193",
        "cluster_stats_messages_pong_sent:201",
        "cluster_stats_messages_sent:394",
        "cluster_stats_messages_ping_received:201",
        "cluster_stats_messages_pong_received:194",
        "cluster_stats_messages_auth-req_received:2",
        "cluster_stats_messages_received:397",
        "total_cluster_links_buffer_limit_exceeded:0"
    ]
}

TASK [Show final cluster nodes] ************************************************
ok: [redis-node-1]

TASK [Print final cluster nodes] ***********************************************
ok: [redis-node-1] => {
    "msg": [
        "45516547fdcd6402899a6527b13b6da9b9dfdfff 10.10.0.11:6379@16379 myself,slave 4f44665c9e0c2f975a972778ae750d6494341fce 0 1781464398000 7 connected",
        "4f44665c9e0c2f975a972778ae750d6494341fce 10.10.0.15:6379@16379 master - 0 1781464398000 7 connected 0-5460",
        "963c910a0ee358150d4d71437179f89323469640 10.10.0.13:6379@16379 slave 8d1974e29d28dbb33a0fb565dc93acdbf2b137b1 0 1781464398505 9 connected",
        "3ed0d17eb2cf4198795d8abc94a17add1c5af114 10.10.0.16:6379@16379 master - 0 1781464400030 8 connected 5461-10922",
        "f292ac885bd6cbc341f836032d126774563883df 10.10.0.12:6379@16379 slave 3ed0d17eb2cf4198795d8abc94a17add1c5af114 0 1781464398000 8 connected",
        "8d1974e29d28dbb33a0fb565dc93acdbf2b137b1 10.10.0.14:6379@16379 master - 0 1781464399011 9 connected 10923-16383"
    ]
}

PLAY RECAP *********************************************************************
redis-node-1               : ok=37   changed=7    unreachable=0    failed=0    skipped=18   rescued=0    ignored=0   
redis-node-2               : ok=28   changed=7    unreachable=0    failed=0    skipped=17   rescued=0    ignored=0   
redis-node-3               : ok=28   changed=7    unreachable=0    failed=0    skipped=17   rescued=0    ignored=0   
redis-node-4               : ok=8    changed=0    unreachable=0    failed=0    skipped=37   rescued=0    ignored=0   
redis-node-5               : ok=24   changed=6    unreachable=0    failed=0    skipped=21   rescued=0    ignored=0   
redis-node-6               : ok=24   changed=6    unreachable=0    failed=0    skipped=21   rescued=0    ignored=0   


===== Rolling Upgrade Availability Result =====
Availability probes: 431
Client-visible read outages: 0

===== Post-upgrade Cluster Info =====
redis-node-1 | CHANGED | rc=0 >>
cluster_state:ok
cluster_slots_assigned:16384
cluster_slots_ok:16384
cluster_slots_pfail:0
cluster_slots_fail:0
cluster_known_nodes:6
cluster_size:3
cluster_current_epoch:9
cluster_my_epoch:7
cluster_stats_messages_ping_sent:196
cluster_stats_messages_pong_sent:202
cluster_stats_messages_sent:398
cluster_stats_messages_ping_received:202
cluster_stats_messages_pong_received:197
cluster_stats_messages_auth-req_received:2
cluster_stats_messages_received:401
total_cluster_links_buffer_limit_exceeded:0

===== Post-upgrade Cluster Nodes =====
redis-node-1 | CHANGED | rc=0 >>
45516547fdcd6402899a6527b13b6da9b9dfdfff 10.10.0.11:6379@16379 myself,slave 4f44665c9e0c2f975a972778ae750d6494341fce 0 1781464400000 7 connected
4f44665c9e0c2f975a972778ae750d6494341fce 10.10.0.15:6379@16379 master - 0 1781464400542 7 connected 0-5460
963c910a0ee358150d4d71437179f89323469640 10.10.0.13:6379@16379 slave 8d1974e29d28dbb33a0fb565dc93acdbf2b137b1 0 1781464400000 9 connected
3ed0d17eb2cf4198795d8abc94a17add1c5af114 10.10.0.16:6379@16379 master - 0 1781464400030 8 connected 5461-10922
f292ac885bd6cbc341f836032d126774563883df 10.10.0.12:6379@16379 slave 3ed0d17eb2cf4198795d8abc94a17add1c5af114 0 1781464400542 8 connected
8d1974e29d28dbb33a0fb565dc93acdbf2b137b1 10.10.0.14:6379@16379 master - 0 1781464401056 9 connected 10923-16383

===== Post-upgrade Redis Versions =====
redis-node-3 | CHANGED | rc=0 >>
Redis server v=7.2.6 sha=00000000:0 malloc=jemalloc-5.3.0 bits=64 build=d2ec985be906f295
redis-node-5 | CHANGED | rc=0 >>
Redis server v=7.2.6 sha=00000000:0 malloc=jemalloc-5.3.0 bits=64 build=f1e1cb512a45c852
redis-node-4 | CHANGED | rc=0 >>
Redis server v=7.2.6 sha=00000000:0 malloc=jemalloc-5.3.0 bits=64 build=70d59a40c351df8b
redis-node-2 | CHANGED | rc=0 >>
Redis server v=7.2.6 sha=00000000:0 malloc=jemalloc-5.3.0 bits=64 build=3a16007b72f0e92e
redis-node-1 | CHANGED | rc=0 >>
Redis server v=7.2.6 sha=00000000:0 malloc=jemalloc-5.3.0 bits=64 build=78406849d149dc1f
redis-node-6 | CHANGED | rc=0 >>
Redis server v=7.2.6 sha=00000000:0 malloc=jemalloc-5.3.0 bits=64 build=2f772035320f4388

===== Post-upgrade Data Verification =====

PLAY [Verify deterministic data in Redis Cluster] ******************************

TASK [Verify all seeded keys] **************************************************
ok: [redis-node-1]

TASK [Show verification result] ************************************************
ok: [redis-node-1] => {
    "msg": [
        "PASS - 1000/1000 keys verified"
    ]
}

PLAY RECAP *********************************************************************
redis-node-1               : ok=2    changed=0    unreachable=0    failed=0    skipped=0    rescued=0    ignored=0   


===== Post-upgrade Cluster Status =====

PLAY [Show dynamic Redis Cluster status] ***************************************

TASK [Print Redis Cluster status dynamically] **********************************
ok: [redis-node-1]

TASK [Show status output] ******************************************************
ok: [redis-node-1] => {
    "msg": [
        "===== Redis Cluster Status =====",
        "",
        "Cluster State: ok",
        "",
        "MASTERS",
        "10.10.0.15:6379 [master] v7.2.6 slots: 0-5460  keys: 332 mem: 1.84M",
        "10.10.0.16:6379 [master] v7.2.6 slots: 5461-10922  keys: 337 mem: 1.84M",
        "10.10.0.14:6379 [master] v7.2.6 slots: 10923-16383  keys: 331 mem: 1.84M",
        "",
        "REPLICAS",
        "10.10.0.11:6379 [replica] v7.2.6 replicating: 10.10.0.15:6379 keys: 332 mem: 1.77M",
        "10.10.0.13:6379 [replica] v7.2.6 replicating: 10.10.0.14:6379 keys: 331 mem: 1.68M",
        "10.10.0.12:6379 [replica] v7.2.6 replicating: 10.10.0.16:6379 keys: 337 mem: 1.73M"
    ]
}

PLAY RECAP *********************************************************************
redis-node-1               : ok=2    changed=0    unreachable=0    failed=0    skipped=0    rescued=0    ignored=0   


UPGRADE COMPLETE - all nodes on v7.2.6, data integrity verified
===== Redis Rolling Upgrade Completed =====
Mon Jun 15 00:43:23 IST 2026
timestamp=2026-06-14T19:13:23Z level=INFO command=upgrade node=all action=operation outcome=success details="exit_code=0"
Structured operation log: logs/20260614T190855Z_upgrade_70018.log
