timestamp=2026-06-14T18:38:20Z level=INFO command=upgrade node=all action=operation outcome=started details="arguments=upgrade --target-version 7.2.6 --strategy rolling"
Operation log: logs/20260614T183820Z_upgrade_59148.log
timestamp=2026-06-14T18:38:20Z level=INFO command=upgrade node=redis-node-1 action=command_target outcome=included details="inventory=ansible/inventory/hosts.ini"
timestamp=2026-06-14T18:38:20Z level=INFO command=upgrade node=redis-node-2 action=command_target outcome=included details="inventory=ansible/inventory/hosts.ini"
timestamp=2026-06-14T18:38:20Z level=INFO command=upgrade node=redis-node-3 action=command_target outcome=included details="inventory=ansible/inventory/hosts.ini"
timestamp=2026-06-14T18:38:20Z level=INFO command=upgrade node=redis-node-4 action=command_target outcome=included details="inventory=ansible/inventory/hosts.ini"
timestamp=2026-06-14T18:38:20Z level=INFO command=upgrade node=redis-node-5 action=command_target outcome=included details="inventory=ansible/inventory/hosts.ini"
timestamp=2026-06-14T18:38:20Z level=INFO command=upgrade node=redis-node-6 action=command_target outcome=included details="inventory=ansible/inventory/hosts.ini"
timestamp=2026-06-14T18:38:20Z level=INFO command=upgrade node=all action=prerequisite_check outcome=success details="runtime=Docker version 29.4.3, build 055a478 ansible=2.21.0"
timestamp=2026-06-14T18:38:20Z level=INFO command=upgrade node=redis-node-1 action=cluster_discovery outcome=reachable details="address=10.10.0.11:6379"
timestamp=2026-06-14T18:38:20Z level=INFO command=upgrade node=redis-node-2 action=cluster_discovery outcome=reachable details="address=10.10.0.12:6379"
timestamp=2026-06-14T18:38:20Z level=INFO command=upgrade node=redis-node-3 action=cluster_discovery outcome=reachable details="address=10.10.0.13:6379"
timestamp=2026-06-14T18:38:20Z level=INFO command=upgrade node=redis-node-4 action=cluster_discovery outcome=reachable details="address=10.10.0.14:6379"
timestamp=2026-06-14T18:38:20Z level=INFO command=upgrade node=redis-node-5 action=cluster_discovery outcome=reachable details="address=10.10.0.15:6379"
timestamp=2026-06-14T18:38:20Z level=INFO command=upgrade node=redis-node-6 action=cluster_discovery outcome=reachable details="address=10.10.0.16:6379"
timestamp=2026-06-14T18:38:20Z level=INFO command=upgrade node=redis-node-1 action=version_check outcome=target_change_required details="current=7.0.15 target=7.2.6"
timestamp=2026-06-14T18:38:20Z level=INFO command=upgrade node=redis-node-2 action=version_check outcome=target_change_required details="current=7.0.15 target=7.2.6"
timestamp=2026-06-14T18:38:20Z level=INFO command=upgrade node=redis-node-3 action=version_check outcome=target_change_required details="current=7.0.15 target=7.2.6"
timestamp=2026-06-14T18:38:20Z level=INFO command=upgrade node=redis-node-4 action=version_check outcome=target_change_required details="current=7.0.15 target=7.2.6"
timestamp=2026-06-14T18:38:20Z level=INFO command=upgrade node=redis-node-5 action=version_check outcome=target_change_required details="current=7.0.15 target=7.2.6"
timestamp=2026-06-14T18:38:20Z level=INFO command=upgrade node=redis-node-6 action=version_check outcome=target_change_required details="current=7.0.15 target=7.2.6"
Starting Redis rolling upgrade...
Target version: 7.2.6
Strategy: rolling
===== Redis Rolling Upgrade Started =====
Mon Jun 15 00:08:20 IST 2026
Target version: 7.2.6
Strategy: rolling

===== Pre-upgrade Cluster Info =====
redis-node-1 | CHANGED | rc=0 >>
cluster_state:ok
cluster_slots_assigned:16384
cluster_slots_ok:16384
cluster_slots_pfail:0
cluster_slots_fail:0
cluster_known_nodes:6
cluster_size:3
cluster_current_epoch:6
cluster_my_epoch:1
cluster_stats_messages_ping_sent:91
cluster_stats_messages_pong_sent:98
cluster_stats_messages_sent:189
cluster_stats_messages_ping_received:93
cluster_stats_messages_pong_received:91
cluster_stats_messages_meet_received:5
cluster_stats_messages_received:189
total_cluster_links_buffer_limit_exceeded:0

===== Pre-upgrade Data Verification =====

PLAY [Verify deterministic data in Redis Cluster] ******************************

TASK [Verify all seeded keys] **************************************************
ok: [redis-node-1]

TASK [Show verification result] ************************************************
ok: [redis-node-1] => {
    "msg": [
        "PASS - 1000/1000 keys verified"
    ]
}

PLAY RECAP *********************************************************************
redis-node-1               : ok=2    changed=0    unreachable=0    failed=0    skipped=0    rescued=0    ignored=0   


===== Rolling Upgrade Playbook =====
Starting cluster-aware availability monitor...

PLAY [Pre-upgrade health check] ************************************************

TASK [Check cluster state before upgrade] **************************************
ok: [redis-node-1]

TASK [Fail if cluster is not healthy before upgrade] ***************************
skipping: [redis-node-1]

TASK [Verify every cluster node is reachable] **********************************
ok: [redis-node-1]

TASK [Report nodes that require the target version] ****************************
ok: [redis-node-1]

PLAY [Upgrade Redis replicas first] ********************************************

TASK [Gathering Facts] *********************************************************
ok: [redis-node-1]

TASK [Check current Redis role] ************************************************
ok: [redis-node-1]

TASK [Check current Redis version] *********************************************
ok: [redis-node-1]

TASK [Show replica upgrade decision] *******************************************
ok: [redis-node-1] => {
    "msg": "redis-node-1 role=master version=7.0.15 target=7.2.6"
}

TASK [Install build dependencies] **********************************************
skipping: [redis-node-1]

TASK [Remove old source directory] *********************************************
skipping: [redis-node-1]

TASK [Download Redis target version source] ************************************
skipping: [redis-node-1]

TASK [Extract Redis target version source] *************************************
skipping: [redis-node-1]

TASK [Build Redis target version] **********************************************
skipping: [redis-node-1]

TASK [Stop Redis replica] ******************************************************
skipping: [redis-node-1]

TASK [Wait for replica port to stop] *******************************************
skipping: [redis-node-1]

TASK [Install Redis target binaries] *******************************************
skipping: [redis-node-1]

TASK [Start Redis replica] *****************************************************
skipping: [redis-node-1]

TASK [Wait for replica port to start] ******************************************
skipping: [redis-node-1]

TASK [Check replica version after upgrade] *************************************
skipping: [redis-node-1]

TASK [Wait for upgraded replica to reconnect and finish synchronization] *******
skipping: [redis-node-1]

TASK [Show replica upgrade result] *********************************************
ok: [redis-node-1] => {
    "msg": "redis-node-1 upgraded replica -> already target version or not replica"
}

TASK [Verify cluster state after replica upgrade] ******************************
skipping: [redis-node-1]

TASK [Print replica upgrade progress] ******************************************
skipping: [redis-node-1]

PLAY [Upgrade Redis replicas first] ********************************************

TASK [Gathering Facts] *********************************************************
ok: [redis-node-2]

TASK [Check current Redis role] ************************************************
ok: [redis-node-2]

TASK [Check current Redis version] *********************************************
ok: [redis-node-2]

TASK [Show replica upgrade decision] *******************************************
ok: [redis-node-2] => {
    "msg": "redis-node-2 role=master version=7.0.15 target=7.2.6"
}

TASK [Install build dependencies] **********************************************
skipping: [redis-node-2]

TASK [Remove old source directory] *********************************************
skipping: [redis-node-2]

TASK [Download Redis target version source] ************************************
skipping: [redis-node-2]

TASK [Extract Redis target version source] *************************************
skipping: [redis-node-2]

TASK [Build Redis target version] **********************************************
skipping: [redis-node-2]

TASK [Stop Redis replica] ******************************************************
skipping: [redis-node-2]

TASK [Wait for replica port to stop] *******************************************
skipping: [redis-node-2]

TASK [Install Redis target binaries] *******************************************
skipping: [redis-node-2]

TASK [Start Redis replica] *****************************************************
skipping: [redis-node-2]

TASK [Wait for replica port to start] ******************************************
skipping: [redis-node-2]

TASK [Check replica version after upgrade] *************************************
skipping: [redis-node-2]

TASK [Wait for upgraded replica to reconnect and finish synchronization] *******
skipping: [redis-node-2]

TASK [Show replica upgrade result] *********************************************
ok: [redis-node-2] => {
    "msg": "redis-node-2 upgraded replica -> already target version or not replica"
}

TASK [Verify cluster state after replica upgrade] ******************************
skipping: [redis-node-2]

TASK [Print replica upgrade progress] ******************************************
skipping: [redis-node-2]

PLAY [Upgrade Redis replicas first] ********************************************

TASK [Gathering Facts] *********************************************************
ok: [redis-node-3]

TASK [Check current Redis role] ************************************************
ok: [redis-node-3]

TASK [Check current Redis version] *********************************************
ok: [redis-node-3]

TASK [Show replica upgrade decision] *******************************************
ok: [redis-node-3] => {
    "msg": "redis-node-3 role=master version=7.0.15 target=7.2.6"
}

TASK [Install build dependencies] **********************************************
skipping: [redis-node-3]

TASK [Remove old source directory] *********************************************
skipping: [redis-node-3]

TASK [Download Redis target version source] ************************************
skipping: [redis-node-3]

TASK [Extract Redis target version source] *************************************
skipping: [redis-node-3]

TASK [Build Redis target version] **********************************************
skipping: [redis-node-3]

TASK [Stop Redis replica] ******************************************************
skipping: [redis-node-3]

TASK [Wait for replica port to stop] *******************************************
skipping: [redis-node-3]

TASK [Install Redis target binaries] *******************************************
skipping: [redis-node-3]

TASK [Start Redis replica] *****************************************************
skipping: [redis-node-3]

TASK [Wait for replica port to start] ******************************************
skipping: [redis-node-3]

TASK [Check replica version after upgrade] *************************************
skipping: [redis-node-3]

TASK [Wait for upgraded replica to reconnect and finish synchronization] *******
skipping: [redis-node-3]

TASK [Show replica upgrade result] *********************************************
ok: [redis-node-3] => {
    "msg": "redis-node-3 upgraded replica -> already target version or not replica"
}

TASK [Verify cluster state after replica upgrade] ******************************
skipping: [redis-node-3]

TASK [Print replica upgrade progress] ******************************************
skipping: [redis-node-3]

PLAY [Upgrade Redis replicas first] ********************************************

TASK [Gathering Facts] *********************************************************
ok: [redis-node-4]

TASK [Check current Redis role] ************************************************
ok: [redis-node-4]

TASK [Check current Redis version] *********************************************
ok: [redis-node-4]

TASK [Show replica upgrade decision] *******************************************
ok: [redis-node-4] => {
    "msg": "redis-node-4 role=slave version=7.0.15 target=7.2.6"
}

TASK [Install build dependencies] **********************************************
ok: [redis-node-4]

TASK [Remove old source directory] *********************************************
ok: [redis-node-4]

TASK [Download Redis target version source] ************************************
changed: [redis-node-4]

TASK [Extract Redis target version source] *************************************
changed: [redis-node-4]

TASK [Build Redis target version] **********************************************
changed: [redis-node-4]

TASK [Stop Redis replica] ******************************************************
changed: [redis-node-4]

TASK [Wait for replica port to stop] *******************************************
ok: [redis-node-4]

TASK [Install Redis target binaries] *******************************************
changed: [redis-node-4]

TASK [Start Redis replica] *****************************************************
changed: [redis-node-4]

TASK [Wait for replica port to start] ******************************************
ok: [redis-node-4]

TASK [Check replica version after upgrade] *************************************
ok: [redis-node-4]

TASK [Wait for upgraded replica to reconnect and finish synchronization] *******
FAILED - RETRYING: [redis-node-4]: Wait for upgraded replica to reconnect and finish synchronization (19 retries left).
FAILED - RETRYING: [redis-node-4]: Wait for upgraded replica to reconnect and finish synchronization (18 retries left).
ok: [redis-node-4]

TASK [Show replica upgrade result] *********************************************
ok: [redis-node-4] => {
    "msg": "redis-node-4 upgraded replica -> redis_version:7.2.6"
}

TASK [Verify cluster state after replica upgrade] ******************************
ok: [redis-node-4 -> redis-node-1(localhost)]

TASK [Print replica upgrade progress] ******************************************
ok: [redis-node-4] => {
    "msg": "[1/6] Upgraded replica 10.10.0.14 - cluster: ok"
}

PLAY [Upgrade Redis replicas first] ********************************************

TASK [Gathering Facts] *********************************************************
ok: [redis-node-5]

TASK [Check current Redis role] ************************************************
ok: [redis-node-5]

TASK [Check current Redis version] *********************************************
ok: [redis-node-5]

TASK [Show replica upgrade decision] *******************************************
ok: [redis-node-5] => {
    "msg": "redis-node-5 role=slave version=7.0.15 target=7.2.6"
}

TASK [Install build dependencies] **********************************************
ok: [redis-node-5]

TASK [Remove old source directory] *********************************************
ok: [redis-node-5]

TASK [Download Redis target version source] ************************************
changed: [redis-node-5]

TASK [Extract Redis target version source] *************************************
changed: [redis-node-5]

TASK [Build Redis target version] **********************************************
changed: [redis-node-5]

TASK [Stop Redis replica] ******************************************************
changed: [redis-node-5]

TASK [Wait for replica port to stop] *******************************************
ok: [redis-node-5]

TASK [Install Redis target binaries] *******************************************
changed: [redis-node-5]

TASK [Start Redis replica] *****************************************************
changed: [redis-node-5]

TASK [Wait for replica port to start] ******************************************
ok: [redis-node-5]

TASK [Check replica version after upgrade] *************************************
ok: [redis-node-5]

TASK [Wait for upgraded replica to reconnect and finish synchronization] *******
FAILED - RETRYING: [redis-node-5]: Wait for upgraded replica to reconnect and finish synchronization (19 retries left).
FAILED - RETRYING: [redis-node-5]: Wait for upgraded replica to reconnect and finish synchronization (18 retries left).
ok: [redis-node-5]

TASK [Show replica upgrade result] *********************************************
ok: [redis-node-5] => {
    "msg": "redis-node-5 upgraded replica -> redis_version:7.2.6"
}

TASK [Verify cluster state after replica upgrade] ******************************
ok: [redis-node-5 -> redis-node-1(localhost)]

TASK [Print replica upgrade progress] ******************************************
ok: [redis-node-5] => {
    "msg": "[2/6] Upgraded replica 10.10.0.15 - cluster: ok"
}

PLAY [Upgrade Redis replicas first] ********************************************

TASK [Gathering Facts] *********************************************************
ok: [redis-node-6]

TASK [Check current Redis role] ************************************************
ok: [redis-node-6]

TASK [Check current Redis version] *********************************************
ok: [redis-node-6]

TASK [Show replica upgrade decision] *******************************************
ok: [redis-node-6] => {
    "msg": "redis-node-6 role=slave version=7.0.15 target=7.2.6"
}

TASK [Install build dependencies] **********************************************
ok: [redis-node-6]

TASK [Remove old source directory] *********************************************
ok: [redis-node-6]

TASK [Download Redis target version source] ************************************
changed: [redis-node-6]

TASK [Extract Redis target version source] *************************************
changed: [redis-node-6]

TASK [Build Redis target version] **********************************************
changed: [redis-node-6]

TASK [Stop Redis replica] ******************************************************
changed: [redis-node-6]

TASK [Wait for replica port to stop] *******************************************
ok: [redis-node-6]

TASK [Install Redis target binaries] *******************************************
changed: [redis-node-6]

TASK [Start Redis replica] *****************************************************
changed: [redis-node-6]

TASK [Wait for replica port to start] ******************************************
ok: [redis-node-6]

TASK [Check replica version after upgrade] *************************************
ok: [redis-node-6]

TASK [Wait for upgraded replica to reconnect and finish synchronization] *******
FAILED - RETRYING: [redis-node-6]: Wait for upgraded replica to reconnect and finish synchronization (19 retries left).
FAILED - RETRYING: [redis-node-6]: Wait for upgraded replica to reconnect and finish synchronization (18 retries left).
ok: [redis-node-6]

TASK [Show replica upgrade result] *********************************************
ok: [redis-node-6] => {
    "msg": "redis-node-6 upgraded replica -> redis_version:7.2.6"
}

TASK [Verify cluster state after replica upgrade] ******************************
ok: [redis-node-6 -> redis-node-1(localhost)]

TASK [Print replica upgrade progress] ******************************************
ok: [redis-node-6] => {
    "msg": "[3/6] Upgraded replica 10.10.0.16 - cluster: ok"
}

PLAY [Upgrade Redis masters using failover] ************************************

TASK [Gathering Facts] *********************************************************
ok: [redis-node-1]

TASK [Check current Redis role before master upgrade] **************************
ok: [redis-node-1]

TASK [Check current Redis version before master upgrade] ***********************
ok: [redis-node-1]

TASK [Show master upgrade decision] ********************************************
ok: [redis-node-1] => {
    "msg": "redis-node-1 role=master version=7.0.15 target=7.2.6"
}

TASK [Get current master node id] **********************************************
ok: [redis-node-1]

TASK [Get replica IP for this master] ******************************************
ok: [redis-node-1]

TASK [Fail if master has no replica for failover] ******************************
skipping: [redis-node-1]

TASK [Trigger CLUSTER FAILOVER on replica] *************************************
changed: [redis-node-1]

TASK [Wait until old master becomes replica] ***********************************
ok: [redis-node-1]

TASK [Install build dependencies for old master] *******************************
ok: [redis-node-1]

TASK [Remove old source directory for master] **********************************
ok: [redis-node-1]

TASK [Download Redis target version source for master] *************************
changed: [redis-node-1]

TASK [Extract Redis target version source for master] **************************
changed: [redis-node-1]

TASK [Build Redis target version for master] ***********************************
changed: [redis-node-1]

TASK [Stop old master after failover] ******************************************
changed: [redis-node-1]

TASK [Wait for old master port to stop] ****************************************
ok: [redis-node-1]

TASK [Install Redis target binaries on old master] *****************************
changed: [redis-node-1]

TASK [Start old master as replica] *********************************************
changed: [redis-node-1]

TASK [Wait for old master port to start] ***************************************
ok: [redis-node-1]

TASK [Check upgraded old master version] ***************************************
ok: [redis-node-1]

TASK [Wait for upgraded old master to rejoin as a synchronized replica] ********
FAILED - RETRYING: [redis-node-1]: Wait for upgraded old master to rejoin as a synchronized replica (19 retries left).
FAILED - RETRYING: [redis-node-1]: Wait for upgraded old master to rejoin as a synchronized replica (18 retries left).
ok: [redis-node-1]

TASK [Show master upgrade result] **********************************************
ok: [redis-node-1] => {
    "msg": "redis-node-1 upgraded after failover -> redis_version:7.2.6"
}

TASK [Verify cluster state after master upgrade] *******************************
ok: [redis-node-1]

TASK [Print former master upgrade progress] ************************************
ok: [redis-node-1] => {
    "msg": "[4/6] Upgraded former master 10.10.0.11 as replica - cluster: ok"
}

PLAY [Upgrade Redis masters using failover] ************************************

TASK [Gathering Facts] *********************************************************
ok: [redis-node-2]

TASK [Check current Redis role before master upgrade] **************************
ok: [redis-node-2]

TASK [Check current Redis version before master upgrade] ***********************
ok: [redis-node-2]

TASK [Show master upgrade decision] ********************************************
ok: [redis-node-2] => {
    "msg": "redis-node-2 role=master version=7.0.15 target=7.2.6"
}

TASK [Get current master node id] **********************************************
ok: [redis-node-2 -> redis-node-1(localhost)]

TASK [Get replica IP for this master] ******************************************
ok: [redis-node-2 -> redis-node-1(localhost)]

TASK [Fail if master has no replica for failover] ******************************
skipping: [redis-node-2]

TASK [Trigger CLUSTER FAILOVER on replica] *************************************
changed: [redis-node-2 -> redis-node-1(localhost)]

TASK [Wait until old master becomes replica] ***********************************
ok: [redis-node-2]

TASK [Install build dependencies for old master] *******************************
ok: [redis-node-2]

TASK [Remove old source directory for master] **********************************
ok: [redis-node-2]

TASK [Download Redis target version source for master] *************************
changed: [redis-node-2]

TASK [Extract Redis target version source for master] **************************
changed: [redis-node-2]

TASK [Build Redis target version for master] ***********************************
changed: [redis-node-2]

TASK [Stop old master after failover] ******************************************
changed: [redis-node-2]

TASK [Wait for old master port to stop] ****************************************
ok: [redis-node-2]

TASK [Install Redis target binaries on old master] *****************************
changed: [redis-node-2]

TASK [Start old master as replica] *********************************************
changed: [redis-node-2]

TASK [Wait for old master port to start] ***************************************
ok: [redis-node-2]

TASK [Check upgraded old master version] ***************************************
ok: [redis-node-2]

TASK [Wait for upgraded old master to rejoin as a synchronized replica] ********
FAILED - RETRYING: [redis-node-2]: Wait for upgraded old master to rejoin as a synchronized replica (19 retries left).
FAILED - RETRYING: [redis-node-2]: Wait for upgraded old master to rejoin as a synchronized replica (18 retries left).
ok: [redis-node-2]

TASK [Show master upgrade result] **********************************************
ok: [redis-node-2] => {
    "msg": "redis-node-2 upgraded after failover -> redis_version:7.2.6"
}

TASK [Verify cluster state after master upgrade] *******************************
ok: [redis-node-2 -> redis-node-1(localhost)]

TASK [Print former master upgrade progress] ************************************
ok: [redis-node-2] => {
    "msg": "[5/6] Upgraded former master 10.10.0.12 as replica - cluster: ok"
}

PLAY [Upgrade Redis masters using failover] ************************************

TASK [Gathering Facts] *********************************************************
ok: [redis-node-3]

TASK [Check current Redis role before master upgrade] **************************
ok: [redis-node-3]

TASK [Check current Redis version before master upgrade] ***********************
ok: [redis-node-3]

TASK [Show master upgrade decision] ********************************************
ok: [redis-node-3] => {
    "msg": "redis-node-3 role=master version=7.0.15 target=7.2.6"
}

TASK [Get current master node id] **********************************************
ok: [redis-node-3 -> redis-node-1(localhost)]

TASK [Get replica IP for this master] ******************************************
ok: [redis-node-3 -> redis-node-1(localhost)]

TASK [Fail if master has no replica for failover] ******************************
skipping: [redis-node-3]

TASK [Trigger CLUSTER FAILOVER on replica] *************************************
changed: [redis-node-3 -> redis-node-1(localhost)]

TASK [Wait until old master becomes replica] ***********************************
ok: [redis-node-3]

TASK [Install build dependencies for old master] *******************************
ok: [redis-node-3]

TASK [Remove old source directory for master] **********************************
ok: [redis-node-3]

TASK [Download Redis target version source for master] *************************
changed: [redis-node-3]

TASK [Extract Redis target version source for master] **************************
changed: [redis-node-3]

TASK [Build Redis target version for master] ***********************************
changed: [redis-node-3]

TASK [Stop old master after failover] ******************************************
changed: [redis-node-3]

TASK [Wait for old master port to stop] ****************************************
ok: [redis-node-3]

TASK [Install Redis target binaries on old master] *****************************
changed: [redis-node-3]

TASK [Start old master as replica] *********************************************
changed: [redis-node-3]

TASK [Wait for old master port to start] ***************************************
ok: [redis-node-3]

TASK [Check upgraded old master version] ***************************************
ok: [redis-node-3]

TASK [Wait for upgraded old master to rejoin as a synchronized replica] ********
FAILED - RETRYING: [redis-node-3]: Wait for upgraded old master to rejoin as a synchronized replica (19 retries left).
FAILED - RETRYING: [redis-node-3]: Wait for upgraded old master to rejoin as a synchronized replica (18 retries left).
ok: [redis-node-3]

TASK [Show master upgrade result] **********************************************
ok: [redis-node-3] => {
    "msg": "redis-node-3 upgraded after failover -> redis_version:7.2.6"
}

TASK [Verify cluster state after master upgrade] *******************************
ok: [redis-node-3 -> redis-node-1(localhost)]

TASK [Print former master upgrade progress] ************************************
ok: [redis-node-3] => {
    "msg": "[6/6] Upgraded former master 10.10.0.13 as replica - cluster: ok"
}

PLAY [Upgrade Redis masters using failover] ************************************

TASK [Gathering Facts] *********************************************************
ok: [redis-node-4]

TASK [Check current Redis role before master upgrade] **************************
ok: [redis-node-4]

TASK [Check current Redis version before master upgrade] ***********************
ok: [redis-node-4]

TASK [Show master upgrade decision] ********************************************
ok: [redis-node-4] => {
    "msg": "redis-node-4 role=master version=7.2.6 target=7.2.6"
}

TASK [Get current master node id] **********************************************
skipping: [redis-node-4]

TASK [Get replica IP for this master] ******************************************
skipping: [redis-node-4]

TASK [Fail if master has no replica for failover] ******************************
skipping: [redis-node-4]

TASK [Trigger CLUSTER FAILOVER on replica] *************************************
skipping: [redis-node-4]

TASK [Wait until old master becomes replica] ***********************************
skipping: [redis-node-4]

TASK [Install build dependencies for old master] *******************************
skipping: [redis-node-4]

TASK [Remove old source directory for master] **********************************
skipping: [redis-node-4]

TASK [Download Redis target version source for master] *************************
skipping: [redis-node-4]

TASK [Extract Redis target version source for master] **************************
skipping: [redis-node-4]

TASK [Build Redis target version for master] ***********************************
skipping: [redis-node-4]

TASK [Stop old master after failover] ******************************************
skipping: [redis-node-4]

TASK [Wait for old master port to stop] ****************************************
skipping: [redis-node-4]

TASK [Install Redis target binaries on old master] *****************************
skipping: [redis-node-4]

TASK [Start old master as replica] *********************************************
skipping: [redis-node-4]

TASK [Wait for old master port to start] ***************************************
skipping: [redis-node-4]

TASK [Check upgraded old master version] ***************************************
skipping: [redis-node-4]

TASK [Wait for upgraded old master to rejoin as a synchronized replica] ********
skipping: [redis-node-4]

TASK [Show master upgrade result] **********************************************
ok: [redis-node-4] => {
    "msg": "redis-node-4 upgraded after failover -> already target version or not master"
}

TASK [Verify cluster state after master upgrade] *******************************
skipping: [redis-node-4]

TASK [Print former master upgrade progress] ************************************
skipping: [redis-node-4]

PLAY [Upgrade Redis masters using failover] ************************************

TASK [Gathering Facts] *********************************************************
ok: [redis-node-5]

TASK [Check current Redis role before master upgrade] **************************
ok: [redis-node-5]

TASK [Check current Redis version before master upgrade] ***********************
ok: [redis-node-5]

TASK [Show master upgrade decision] ********************************************
ok: [redis-node-5] => {
    "msg": "redis-node-5 role=master version=7.2.6 target=7.2.6"
}

TASK [Get current master node id] **********************************************
skipping: [redis-node-5]

TASK [Get replica IP for this master] ******************************************
skipping: [redis-node-5]

TASK [Fail if master has no replica for failover] ******************************
skipping: [redis-node-5]

TASK [Trigger CLUSTER FAILOVER on replica] *************************************
skipping: [redis-node-5]

TASK [Wait until old master becomes replica] ***********************************
skipping: [redis-node-5]

TASK [Install build dependencies for old master] *******************************
skipping: [redis-node-5]

TASK [Remove old source directory for master] **********************************
skipping: [redis-node-5]

TASK [Download Redis target version source for master] *************************
skipping: [redis-node-5]

TASK [Extract Redis target version source for master] **************************
skipping: [redis-node-5]

TASK [Build Redis target version for master] ***********************************
skipping: [redis-node-5]

TASK [Stop old master after failover] ******************************************
skipping: [redis-node-5]

TASK [Wait for old master port to stop] ****************************************
skipping: [redis-node-5]

TASK [Install Redis target binaries on old master] *****************************
skipping: [redis-node-5]

TASK [Start old master as replica] *********************************************
skipping: [redis-node-5]

TASK [Wait for old master port to start] ***************************************
skipping: [redis-node-5]

TASK [Check upgraded old master version] ***************************************
skipping: [redis-node-5]

TASK [Wait for upgraded old master to rejoin as a synchronized replica] ********
skipping: [redis-node-5]

TASK [Show master upgrade result] **********************************************
ok: [redis-node-5] => {
    "msg": "redis-node-5 upgraded after failover -> already target version or not master"
}

TASK [Verify cluster state after master upgrade] *******************************
skipping: [redis-node-5]

TASK [Print former master upgrade progress] ************************************
skipping: [redis-node-5]

PLAY [Upgrade Redis masters using failover] ************************************

TASK [Gathering Facts] *********************************************************
ok: [redis-node-6]

TASK [Check current Redis role before master upgrade] **************************
ok: [redis-node-6]

TASK [Check current Redis version before master upgrade] ***********************
ok: [redis-node-6]

TASK [Show master upgrade decision] ********************************************
ok: [redis-node-6] => {
    "msg": "redis-node-6 role=master version=7.2.6 target=7.2.6"
}

TASK [Get current master node id] **********************************************
skipping: [redis-node-6]

TASK [Get replica IP for this master] ******************************************
skipping: [redis-node-6]

TASK [Fail if master has no replica for failover] ******************************
skipping: [redis-node-6]

TASK [Trigger CLUSTER FAILOVER on replica] *************************************
skipping: [redis-node-6]

TASK [Wait until old master becomes replica] ***********************************
skipping: [redis-node-6]

TASK [Install build dependencies for old master] *******************************
skipping: [redis-node-6]

TASK [Remove old source directory for master] **********************************
skipping: [redis-node-6]

TASK [Download Redis target version source for master] *************************
skipping: [redis-node-6]

TASK [Extract Redis target version source for master] **************************
skipping: [redis-node-6]

TASK [Build Redis target version for master] ***********************************
skipping: [redis-node-6]

TASK [Stop old master after failover] ******************************************
skipping: [redis-node-6]

TASK [Wait for old master port to stop] ****************************************
skipping: [redis-node-6]

TASK [Install Redis target binaries on old master] *****************************
skipping: [redis-node-6]

TASK [Start old master as replica] *********************************************
skipping: [redis-node-6]

TASK [Wait for old master port to start] ***************************************
skipping: [redis-node-6]

TASK [Check upgraded old master version] ***************************************
skipping: [redis-node-6]

TASK [Wait for upgraded old master to rejoin as a synchronized replica] ********
skipping: [redis-node-6]

TASK [Show master upgrade result] **********************************************
ok: [redis-node-6] => {
    "msg": "redis-node-6 upgraded after failover -> already target version or not master"
}

TASK [Verify cluster state after master upgrade] *******************************
skipping: [redis-node-6]

TASK [Print former master upgrade progress] ************************************
skipping: [redis-node-6]

PLAY [Post-upgrade summary] ****************************************************

TASK [Verify all running nodes use the target Redis version] *******************
ok: [redis-node-1]

TASK [Print final Redis versions] **********************************************
ok: [redis-node-1] => {
    "msg": [
        "10.10.0.11:6379 -> Redis 7.2.6",
        "10.10.0.16:6379 -> Redis 7.2.6",
        "10.10.0.14:6379 -> Redis 7.2.6",
        "10.10.0.12:6379 -> Redis 7.2.6",
        "10.10.0.13:6379 -> Redis 7.2.6",
        "10.10.0.15:6379 -> Redis 7.2.6"
    ]
}

TASK [Show final cluster info] *************************************************
ok: [redis-node-1]

TASK [Print final cluster info] ************************************************
ok: [redis-node-1] => {
    "msg": [
        "cluster_state:ok",
        "cluster_slots_assigned:16384",
        "cluster_slots_ok:16384",
        "cluster_slots_pfail:0",
        "cluster_slots_fail:0",
        "cluster_known_nodes:6",
        "cluster_size:3",
        "cluster_current_epoch:9",
        "cluster_my_epoch:7",
        "cluster_stats_messages_ping_sent:212",
        "cluster_stats_messages_pong_sent:208",
        "cluster_stats_messages_sent:420",
        "cluster_stats_messages_ping_received:208",
        "cluster_stats_messages_pong_received:212",
        "cluster_stats_messages_auth-req_received:2",
        "cluster_stats_messages_received:422",
        "total_cluster_links_buffer_limit_exceeded:0"
    ]
}

TASK [Show final cluster nodes] ************************************************
ok: [redis-node-1]

TASK [Print final cluster nodes] ***********************************************
ok: [redis-node-1] => {
    "msg": [
        "eedb2e5ad7ce671aa62af1ff233c97224538981e 10.10.0.11:6379@16379 myself,slave ce704cd1315fd8de5a86f99db0cd1f743c674d8b 0 1781462608000 7 connected",
        "9faba45dc9baf301ba5d7b892d7a7d6838e34afe 10.10.0.16:6379@16379 master - 0 1781462609764 8 connected 5461-10922",
        "7dabdfb60eff4d5bee3ee0f353da0eeaf117eb51 10.10.0.14:6379@16379 master - 0 1781462609000 9 connected 10923-16383",
        "8ebc4ae0da522c9d9784e693ede4941b56dee0f6 10.10.0.12:6379@16379 slave 9faba45dc9baf301ba5d7b892d7a7d6838e34afe 0 1781462609248 8 connected",
        "d7c096502195ce052d62951194d4d904e37a9782 10.10.0.13:6379@16379 slave 7dabdfb60eff4d5bee3ee0f353da0eeaf117eb51 0 1781462609000 9 connected",
        "ce704cd1315fd8de5a86f99db0cd1f743c674d8b 10.10.0.15:6379@16379 master - 0 1781462610271 7 connected 0-5460"
    ]
}

PLAY RECAP *********************************************************************
redis-node-1               : ok=37   changed=7    unreachable=0    failed=0    skipped=16   rescued=0    ignored=0   
redis-node-2               : ok=28   changed=7    unreachable=0    failed=0    skipped=15   rescued=0    ignored=0   
redis-node-3               : ok=28   changed=7    unreachable=0    failed=0    skipped=15   rescued=0    ignored=0   
redis-node-4               : ok=24   changed=6    unreachable=0    failed=0    skipped=19   rescued=0    ignored=0   
redis-node-5               : ok=24   changed=6    unreachable=0    failed=0    skipped=19   rescued=0    ignored=0   
redis-node-6               : ok=24   changed=6    unreachable=0    failed=0    skipped=19   rescued=0    ignored=0   


===== Rolling Upgrade Availability Result =====
Availability probes: 545
Client-visible read outages: 0

===== Post-upgrade Cluster Info =====
redis-node-1 | CHANGED | rc=0 >>
cluster_state:ok
cluster_slots_assigned:16384
cluster_slots_ok:16384
cluster_slots_pfail:0
cluster_slots_fail:0
cluster_known_nodes:6
cluster_size:3
cluster_current_epoch:9
cluster_my_epoch:7
cluster_stats_messages_ping_sent:213
cluster_stats_messages_pong_sent:213
cluster_stats_messages_sent:426
cluster_stats_messages_ping_received:213
cluster_stats_messages_pong_received:213
cluster_stats_messages_auth-req_received:2
cluster_stats_messages_received:428
total_cluster_links_buffer_limit_exceeded:0

===== Post-upgrade Cluster Nodes =====
redis-node-1 | CHANGED | rc=0 >>
eedb2e5ad7ce671aa62af1ff233c97224538981e 10.10.0.11:6379@16379 myself,slave ce704cd1315fd8de5a86f99db0cd1f743c674d8b 0 1781462610000 7 connected
9faba45dc9baf301ba5d7b892d7a7d6838e34afe 10.10.0.16:6379@16379 master - 0 1781462610000 8 connected 5461-10922
7dabdfb60eff4d5bee3ee0f353da0eeaf117eb51 10.10.0.14:6379@16379 master - 0 1781462611506 9 connected 10923-16383
8ebc4ae0da522c9d9784e693ede4941b56dee0f6 10.10.0.12:6379@16379 slave 9faba45dc9baf301ba5d7b892d7a7d6838e34afe 0 1781462609248 8 connected
d7c096502195ce052d62951194d4d904e37a9782 10.10.0.13:6379@16379 slave 7dabdfb60eff4d5bee3ee0f353da0eeaf117eb51 0 1781462611302 9 connected
ce704cd1315fd8de5a86f99db0cd1f743c674d8b 10.10.0.15:6379@16379 master - 0 1781462610271 7 connected 0-5460

===== Post-upgrade Redis Versions =====
redis-node-1 | CHANGED | rc=0 >>
Redis server v=7.2.6 sha=00000000:0 malloc=jemalloc-5.3.0 bits=64 build=d81374915d459502
redis-node-5 | CHANGED | rc=0 >>
Redis server v=7.2.6 sha=00000000:0 malloc=jemalloc-5.3.0 bits=64 build=fa6274dc7124885d
redis-node-4 | CHANGED | rc=0 >>
Redis server v=7.2.6 sha=00000000:0 malloc=jemalloc-5.3.0 bits=64 build=e54c4c10129bd42a
redis-node-3 | CHANGED | rc=0 >>
Redis server v=7.2.6 sha=00000000:0 malloc=jemalloc-5.3.0 bits=64 build=817c73129745aaf
redis-node-2 | CHANGED | rc=0 >>
Redis server v=7.2.6 sha=00000000:0 malloc=jemalloc-5.3.0 bits=64 build=174c3a7e61879b26
redis-node-6 | CHANGED | rc=0 >>
Redis server v=7.2.6 sha=00000000:0 malloc=jemalloc-5.3.0 bits=64 build=31efe7ad17fee345

===== Post-upgrade Data Verification =====

PLAY [Verify deterministic data in Redis Cluster] ******************************

TASK [Verify all seeded keys] **************************************************
ok: [redis-node-1]

TASK [Show verification result] ************************************************
ok: [redis-node-1] => {
    "msg": [
        "PASS - 1000/1000 keys verified"
    ]
}

PLAY RECAP *********************************************************************
redis-node-1               : ok=2    changed=0    unreachable=0    failed=0    skipped=0    rescued=0    ignored=0   


===== Post-upgrade Cluster Status =====

PLAY [Show dynamic Redis Cluster status] ***************************************

TASK [Print Redis Cluster status dynamically] **********************************
ok: [redis-node-1]

TASK [Show status output] ******************************************************
ok: [redis-node-1] => {
    "msg": [
        "===== Redis Cluster Status =====",
        "",
        "Cluster State: ok",
        "",
        "MASTERS",
        "10.10.0.16:6379 [master] v7.2.6 slots: 5461-10922  keys: 337 mem: 1.84M",
        "10.10.0.14:6379 [master] v7.2.6 slots: 10923-16383  keys: 331 mem: 1.84M",
        "10.10.0.15:6379 [master] v7.2.6 slots: 0-5460  keys: 332 mem: 1.84M",
        "",
        "REPLICAS",
        "10.10.0.11:6379 [replica] v7.2.6 replicating: 10.10.0.15:6379 keys: 332 mem: 1.77M",
        "10.10.0.12:6379 [replica] v7.2.6 replicating: 10.10.0.16:6379 keys: 337 mem: 1.73M",
        "10.10.0.13:6379 [replica] v7.2.6 replicating: 10.10.0.14:6379 keys: 331 mem: 1.73M"
    ]
}

PLAY RECAP *********************************************************************
redis-node-1               : ok=2    changed=0    unreachable=0    failed=0    skipped=0    rescued=0    ignored=0   


UPGRADE COMPLETE - all nodes on v7.2.6, data integrity verified
===== Redis Rolling Upgrade Completed =====
Mon Jun 15 00:13:33 IST 2026
timestamp=2026-06-14T18:43:33Z level=INFO command=upgrade node=all action=operation outcome=success details="exit_code=0"
Structured operation log: logs/20260614T183820Z_upgrade_59148.log
