timestamp=2026-06-14T19:05:30Z level=INFO command=upgrade node=all action=operation outcome=started details="arguments=upgrade --target-version 7.2.6 --strategy rolling"
Operation log: logs/20260614T190530Z_upgrade_68991.log
timestamp=2026-06-14T19:05:30Z level=INFO command=upgrade node=redis-node-1 action=command_target outcome=included details="inventory=ansible/inventory/hosts.ini"
timestamp=2026-06-14T19:05:30Z level=INFO command=upgrade node=redis-node-2 action=command_target outcome=included details="inventory=ansible/inventory/hosts.ini"
timestamp=2026-06-14T19:05:30Z level=INFO command=upgrade node=redis-node-3 action=command_target outcome=included details="inventory=ansible/inventory/hosts.ini"
timestamp=2026-06-14T19:05:30Z level=INFO command=upgrade node=redis-node-4 action=command_target outcome=included details="inventory=ansible/inventory/hosts.ini"
timestamp=2026-06-14T19:05:30Z level=INFO command=upgrade node=redis-node-5 action=command_target outcome=included details="inventory=ansible/inventory/hosts.ini"
timestamp=2026-06-14T19:05:30Z level=INFO command=upgrade node=redis-node-6 action=command_target outcome=included details="inventory=ansible/inventory/hosts.ini"
timestamp=2026-06-14T19:05:30Z level=INFO command=upgrade node=all action=prerequisite_check outcome=success details="runtime=Docker version 29.4.3, build 055a478 ansible=2.21.0"
timestamp=2026-06-14T19:05:30Z level=INFO command=upgrade node=redis-node-1 action=cluster_discovery outcome=reachable details="address=10.10.0.11:6379"
timestamp=2026-06-14T19:05:30Z level=INFO command=upgrade node=redis-node-2 action=cluster_discovery outcome=reachable details="address=10.10.0.12:6379"
timestamp=2026-06-14T19:05:30Z level=INFO command=upgrade node=redis-node-3 action=cluster_discovery outcome=reachable details="address=10.10.0.13:6379"
timestamp=2026-06-14T19:05:30Z level=INFO command=upgrade node=redis-node-4 action=cluster_discovery outcome=reachable details="address=10.10.0.14:6379"
timestamp=2026-06-14T19:05:30Z level=INFO command=upgrade node=redis-node-5 action=cluster_discovery outcome=reachable details="address=10.10.0.15:6379"
timestamp=2026-06-14T19:05:30Z level=INFO command=upgrade node=redis-node-6 action=cluster_discovery outcome=reachable details="address=10.10.0.16:6379"
timestamp=2026-06-14T19:05:30Z level=INFO command=upgrade node=redis-node-1 action=version_check outcome=target_change_required details="current=7.0.15 target=7.2.6"
timestamp=2026-06-14T19:05:30Z level=INFO command=upgrade node=redis-node-2 action=version_check outcome=target_change_required details="current=7.0.15 target=7.2.6"
timestamp=2026-06-14T19:05:30Z level=INFO command=upgrade node=redis-node-3 action=version_check outcome=target_change_required details="current=7.0.15 target=7.2.6"
timestamp=2026-06-14T19:05:30Z level=INFO command=upgrade node=redis-node-4 action=version_check outcome=target_change_required details="current=7.0.15 target=7.2.6"
timestamp=2026-06-14T19:05:30Z level=INFO command=upgrade node=redis-node-5 action=version_check outcome=target_change_required details="current=7.0.15 target=7.2.6"
timestamp=2026-06-14T19:05:30Z level=INFO command=upgrade node=redis-node-6 action=version_check outcome=target_change_required details="current=7.0.15 target=7.2.6"
Starting Redis rolling upgrade...
Target version: 7.2.6
Strategy: rolling
===== Redis Rolling Upgrade Started =====
Mon Jun 15 00:35:30 IST 2026
Target version: 7.2.6
Strategy: rolling

===== Pre-upgrade Cluster Info =====
redis-node-1 | CHANGED | rc=0 >>
cluster_state:ok
cluster_slots_assigned:16384
cluster_slots_ok:16384
cluster_slots_pfail:0
cluster_slots_fail:0
cluster_known_nodes:6
cluster_size:3
cluster_current_epoch:6
cluster_my_epoch:1
cluster_stats_messages_ping_sent:591
cluster_stats_messages_pong_sent:585
cluster_stats_messages_sent:1176
cluster_stats_messages_ping_received:580
cluster_stats_messages_pong_received:589
cluster_stats_messages_meet_received:5
cluster_stats_messages_received:1174
total_cluster_links_buffer_limit_exceeded:0

===== Pre-upgrade Data Verification =====

PLAY [Verify deterministic data in Redis Cluster] ******************************

TASK [Verify all seeded keys] **************************************************
ok: [redis-node-1]

TASK [Show verification result] ************************************************
ok: [redis-node-1] => {
    "msg": [
        "PASS - 1000/1000 keys verified"
    ]
}

PLAY RECAP *********************************************************************
redis-node-1               : ok=2    changed=0    unreachable=0    failed=0    skipped=0    rescued=0    ignored=0   


===== Rolling Upgrade Playbook =====
Starting cluster-aware availability monitor...

PLAY [Pre-upgrade health check] ************************************************

TASK [Check cluster state before upgrade] **************************************
ok: [redis-node-1]

TASK [Fail if cluster is not healthy before upgrade] ***************************
skipping: [redis-node-1]

TASK [Verify every cluster node is reachable] **********************************
ok: [redis-node-1]

TASK [Report nodes that require the target version] ****************************
ok: [redis-node-1]

PLAY [Upgrade Redis replicas first] ********************************************

TASK [Gathering Facts] *********************************************************
ok: [redis-node-1]

TASK [Check current Redis role] ************************************************
ok: [redis-node-1]

TASK [Check current Redis version] *********************************************
ok: [redis-node-1]

TASK [Show replica upgrade decision] *******************************************
ok: [redis-node-1] => {
    "msg": "redis-node-1 role=master version=7.0.15 target=7.2.6"
}

TASK [Install build dependencies] **********************************************
skipping: [redis-node-1]

TASK [Remove old source directory] *********************************************
skipping: [redis-node-1]

TASK [Download Redis target version source] ************************************
skipping: [redis-node-1]

TASK [Extract Redis target version source] *************************************
skipping: [redis-node-1]

TASK [Build Redis target version] **********************************************
skipping: [redis-node-1]

TASK [Stop Redis replica] ******************************************************
skipping: [redis-node-1]

TASK [Wait for replica port to stop] *******************************************
skipping: [redis-node-1]

TASK [Install Redis target binaries] *******************************************
skipping: [redis-node-1]

TASK [Start Redis replica] *****************************************************
skipping: [redis-node-1]

TASK [Wait for replica port to start] ******************************************
skipping: [redis-node-1]

TASK [Check replica version after upgrade] *************************************
skipping: [redis-node-1]

TASK [Wait for upgraded replica to reconnect and finish synchronization] *******
skipping: [redis-node-1]

TASK [Show replica upgrade result] *********************************************
ok: [redis-node-1] => {
    "msg": "redis-node-1 upgraded replica -> already target version or not replica"
}

TASK [Verify cluster state after replica upgrade] ******************************
skipping: [redis-node-1]

TASK [Print replica upgrade progress] ******************************************
skipping: [redis-node-1]

PLAY [Upgrade Redis replicas first] ********************************************

TASK [Gathering Facts] *********************************************************
ok: [redis-node-2]

TASK [Check current Redis role] ************************************************
ok: [redis-node-2]

TASK [Check current Redis version] *********************************************
ok: [redis-node-2]

TASK [Show replica upgrade decision] *******************************************
ok: [redis-node-2] => {
    "msg": "redis-node-2 role=master version=7.0.15 target=7.2.6"
}

TASK [Install build dependencies] **********************************************
skipping: [redis-node-2]

TASK [Remove old source directory] *********************************************
skipping: [redis-node-2]

TASK [Download Redis target version source] ************************************
skipping: [redis-node-2]

TASK [Extract Redis target version source] *************************************
skipping: [redis-node-2]

TASK [Build Redis target version] **********************************************
skipping: [redis-node-2]

TASK [Stop Redis replica] ******************************************************
skipping: [redis-node-2]

TASK [Wait for replica port to stop] *******************************************
skipping: [redis-node-2]

TASK [Install Redis target binaries] *******************************************
skipping: [redis-node-2]

TASK [Start Redis replica] *****************************************************
skipping: [redis-node-2]

TASK [Wait for replica port to start] ******************************************
skipping: [redis-node-2]

TASK [Check replica version after upgrade] *************************************
skipping: [redis-node-2]

TASK [Wait for upgraded replica to reconnect and finish synchronization] *******
skipping: [redis-node-2]

TASK [Show replica upgrade result] *********************************************
ok: [redis-node-2] => {
    "msg": "redis-node-2 upgraded replica -> already target version or not replica"
}

TASK [Verify cluster state after replica upgrade] ******************************
skipping: [redis-node-2]

TASK [Print replica upgrade progress] ******************************************
skipping: [redis-node-2]

PLAY [Upgrade Redis replicas first] ********************************************

TASK [Gathering Facts] *********************************************************
ok: [redis-node-3]

TASK [Check current Redis role] ************************************************
ok: [redis-node-3]

TASK [Check current Redis version] *********************************************
ok: [redis-node-3]

TASK [Show replica upgrade decision] *******************************************
ok: [redis-node-3] => {
    "msg": "redis-node-3 role=master version=7.0.15 target=7.2.6"
}

TASK [Install build dependencies] **********************************************
skipping: [redis-node-3]

TASK [Remove old source directory] *********************************************
skipping: [redis-node-3]

TASK [Download Redis target version source] ************************************
skipping: [redis-node-3]

TASK [Extract Redis target version source] *************************************
skipping: [redis-node-3]

TASK [Build Redis target version] **********************************************
skipping: [redis-node-3]

TASK [Stop Redis replica] ******************************************************
skipping: [redis-node-3]

TASK [Wait for replica port to stop] *******************************************
skipping: [redis-node-3]

TASK [Install Redis target binaries] *******************************************
skipping: [redis-node-3]

TASK [Start Redis replica] *****************************************************
skipping: [redis-node-3]

TASK [Wait for replica port to start] ******************************************
skipping: [redis-node-3]

TASK [Check replica version after upgrade] *************************************
skipping: [redis-node-3]

TASK [Wait for upgraded replica to reconnect and finish synchronization] *******
skipping: [redis-node-3]

TASK [Show replica upgrade result] *********************************************
ok: [redis-node-3] => {
    "msg": "redis-node-3 upgraded replica -> already target version or not replica"
}

TASK [Verify cluster state after replica upgrade] ******************************
skipping: [redis-node-3]

TASK [Print replica upgrade progress] ******************************************
skipping: [redis-node-3]

PLAY [Upgrade Redis replicas first] ********************************************

TASK [Gathering Facts] *********************************************************
ok: [redis-node-4]

TASK [Check current Redis role] ************************************************
ok: [redis-node-4]

TASK [Check current Redis version] *********************************************
ok: [redis-node-4]

TASK [Show replica upgrade decision] *******************************************
ok: [redis-node-4] => {
    "msg": "redis-node-4 role=slave version=7.0.15 target=7.2.6"
}

TASK [Install build dependencies] **********************************************
ok: [redis-node-4]

TASK [Remove old source directory] *********************************************
changed: [redis-node-4]

TASK [Download Redis target version source] ************************************
ok: [redis-node-4]

TASK [Extract Redis target version source] *************************************
changed: [redis-node-4]

TASK [Build Redis target version] **********************************************
changed: [redis-node-4]

TASK [Stop Redis replica] ******************************************************
changed: [redis-node-4]

TASK [Wait for replica port to stop] *******************************************
ok: [redis-node-4]

TASK [Install Redis target binaries] *******************************************
changed: [redis-node-4]

TASK [Start Redis replica] *****************************************************
changed: [redis-node-4]

TASK [Wait for replica port to start] ******************************************
[ERROR]: Task failed: Module failed: Timeout when waiting for 10.10.0.14:6379
Origin: /Users/nileshkrishnamurthy/Documents/Projects/submission/ansible/playbooks/upgrade.yml:168:7

166         - current_version.stdout != target_redis_version
167
168     - name: Wait for replica port to start
          ^ column 7

fatal: [redis-node-4]: FAILED! => {"changed": false, "elapsed": 60, "msg": "Timeout when waiting for 10.10.0.14:6379"}

PLAY RECAP *********************************************************************
redis-node-1               : ok=8    changed=0    unreachable=0    failed=0    skipped=15   rescued=0    ignored=0   
redis-node-2               : ok=5    changed=0    unreachable=0    failed=0    skipped=14   rescued=0    ignored=0   
redis-node-3               : ok=5    changed=0    unreachable=0    failed=0    skipped=14   rescued=0    ignored=0   
redis-node-4               : ok=13   changed=6    unreachable=0    failed=1    skipped=0    rescued=0    ignored=0   

Availability probes: 179
Client-visible read outages: 0
timestamp=2026-06-14T19:07:15Z level=ERROR command=upgrade node=all action=operation outcome=failed details="exit_code=2"
Structured operation log: logs/20260614T190530Z_upgrade_68991.log
