timestamp=2026-06-15T04:36:42Z level=INFO command=rollback node=all action=operation outcome=started details="arguments=rollback --target-version 7.0.15"
Operation log: logs/20260615T043642Z_rollback_18433.log
timestamp=2026-06-15T04:36:42Z level=INFO command=rollback node=redis-node-1 action=command_target outcome=included details="inventory=ansible/inventory/hosts.ini"
timestamp=2026-06-15T04:36:42Z level=INFO command=rollback node=redis-node-2 action=command_target outcome=included details="inventory=ansible/inventory/hosts.ini"
timestamp=2026-06-15T04:36:42Z level=INFO command=rollback node=redis-node-3 action=command_target outcome=included details="inventory=ansible/inventory/hosts.ini"
timestamp=2026-06-15T04:36:42Z level=INFO command=rollback node=redis-node-4 action=command_target outcome=included details="inventory=ansible/inventory/hosts.ini"
timestamp=2026-06-15T04:36:42Z level=INFO command=rollback node=redis-node-5 action=command_target outcome=included details="inventory=ansible/inventory/hosts.ini"
timestamp=2026-06-15T04:36:42Z level=INFO command=rollback node=redis-node-6 action=command_target outcome=included details="inventory=ansible/inventory/hosts.ini"
timestamp=2026-06-15T04:36:42Z level=INFO command=rollback node=all action=prerequisite_check outcome=success details="runtime=Docker version 29.4.3, build 055a478 ansible=2.21.0"
timestamp=2026-06-15T04:36:42Z level=INFO command=rollback node=redis-node-1 action=cluster_discovery outcome=reachable details="address=10.10.0.11:6379"
timestamp=2026-06-15T04:36:42Z level=INFO command=rollback node=redis-node-2 action=cluster_discovery outcome=reachable details="address=10.10.0.12:6379"
timestamp=2026-06-15T04:36:42Z level=INFO command=rollback node=redis-node-3 action=cluster_discovery outcome=reachable details="address=10.10.0.13:6379"
timestamp=2026-06-15T04:36:42Z level=INFO command=rollback node=redis-node-4 action=cluster_discovery outcome=reachable details="address=10.10.0.14:6379"
timestamp=2026-06-15T04:36:42Z level=INFO command=rollback node=redis-node-5 action=cluster_discovery outcome=reachable details="address=10.10.0.15:6379"
timestamp=2026-06-15T04:36:42Z level=INFO command=rollback node=redis-node-6 action=cluster_discovery outcome=reachable details="address=10.10.0.16:6379"
timestamp=2026-06-15T04:36:42Z level=INFO command=rollback node=redis-node-7 action=cluster_discovery outcome=reachable details="address=10.10.0.17:6379"
timestamp=2026-06-15T04:36:42Z level=INFO command=rollback node=redis-node-8 action=cluster_discovery outcome=reachable details="address=10.10.0.18:6379"
timestamp=2026-06-15T04:36:43Z level=INFO command=rollback node=redis-node-1 action=version_check outcome=target_change_required details="current=7.2.6 target=7.0.15"
timestamp=2026-06-15T04:36:43Z level=INFO command=rollback node=redis-node-2 action=version_check outcome=target_change_required details="current=7.2.6 target=7.0.15"
timestamp=2026-06-15T04:36:43Z level=INFO command=rollback node=redis-node-3 action=version_check outcome=target_change_required details="current=7.2.6 target=7.0.15"
timestamp=2026-06-15T04:36:43Z level=INFO command=rollback node=redis-node-4 action=version_check outcome=target_change_required details="current=7.2.6 target=7.0.15"
timestamp=2026-06-15T04:36:43Z level=INFO command=rollback node=redis-node-5 action=version_check outcome=target_change_required details="current=7.2.6 target=7.0.15"
timestamp=2026-06-15T04:36:43Z level=INFO command=rollback node=redis-node-6 action=version_check outcome=target_change_required details="current=7.2.6 target=7.0.15"
timestamp=2026-06-15T04:36:43Z level=INFO command=rollback node=redis-node-7 action=version_check outcome=target_change_required details="current=7.2.6 target=7.0.15"
timestamp=2026-06-15T04:36:43Z level=INFO command=rollback node=redis-node-8 action=version_check outcome=target_change_required details="current=7.2.6 target=7.0.15"
Starting Redis rollback...
Target version: 7.0.15
===== Redis Rollback Started =====
Mon Jun 15 10:06:43 IST 2026
Target version: 7.0.15

===== Pre-rollback Cluster Info =====
redis-node-1 | CHANGED | rc=0 >>
cluster_state:ok
cluster_slots_assigned:16384
cluster_slots_ok:16384
cluster_slots_pfail:0
cluster_slots_fail:0
cluster_known_nodes:8
cluster_size:4
cluster_current_epoch:21
cluster_my_epoch:17
cluster_stats_messages_ping_sent:4332
cluster_stats_messages_pong_sent:4309
cluster_stats_messages_update_sent:1
cluster_stats_messages_sent:8642
cluster_stats_messages_ping_received:4303
cluster_stats_messages_pong_received:22358
cluster_stats_messages_meet_received:6
cluster_stats_messages_fail_received:3
cluster_stats_messages_auth-req_received:3
cluster_stats_messages_update_received:2
cluster_stats_messages_received:26675
total_cluster_links_buffer_limit_exceeded:0

===== Pre-rollback Data Verification =====

PLAY [Verify deterministic data in Redis Cluster] ******************************

TASK [Verify all seeded keys] **************************************************
ok: [redis-node-1]

TASK [Show verification result] ************************************************
ok: [redis-node-1] => {
    "msg": [
        "PASS - 1000/1000 keys verified"
    ]
}

PLAY RECAP *********************************************************************
redis-node-1               : ok=2    changed=0    unreachable=0    failed=0    skipped=0    rescued=0    ignored=0   


===== Running Rollback Playbook =====

PLAY [Validate cluster before selective rollback] ******************************

TASK [Verify cluster health, reachability, and replica coverage] ***************
ok: [redis-node-1]

TASK [Report versions before rollback] *****************************************
ok: [redis-node-1]

TASK [Print selective rollback plan] *******************************************
ok: [redis-node-1] => {
    "msg": [
        "10.10.0.11:6379 Redis 7.2.6 -> rollback required",
        "10.10.0.15:6379 Redis 7.2.6 -> rollback required",
        "10.10.0.14:6379 Redis 7.2.6 -> rollback required",
        "10.10.0.18:6379 Redis 7.2.6 -> rollback required",
        "10.10.0.12:6379 Redis 7.2.6 -> rollback required",
        "10.10.0.17:6379 Redis 7.2.6 -> rollback required",
        "10.10.0.16:6379 Redis 7.2.6 -> rollback required",
        "10.10.0.13:6379 Redis 7.2.6 -> rollback required"
    ]
}

PLAY [Roll back upgraded replicas first] ***************************************

TASK [Process replica rollback decision] ***************************************
included: /Users/nileshkrishnamurthy/Documents/Projects/submission/ansible/playbooks/tasks/rollback_node.yml for redis-node-7

TASK [Read current Redis version for slave pass] *******************************
ok: [redis-node-7]

TASK [Read current Redis role for slave pass] **********************************
ok: [redis-node-7]

TASK [Set slave rollback decision] *********************************************
ok: [redis-node-7]

TASK [Show slave rollback decision] ********************************************
ok: [redis-node-7] => {
    "msg": "redis-node-7 role=master current=7.2.6 target=7.0.15 pass=slave action=skip"
}

TASK [Install rollback build dependencies] *************************************
skipping: [redis-node-7]

TASK [Remove previous rollback source directory] *******************************
skipping: [redis-node-7]

TASK [Download rollback Redis source] ******************************************
skipping: [redis-node-7]

TASK [Extract rollback Redis source] *******************************************
skipping: [redis-node-7]

TASK [Build rollback Redis version while the node remains online] **************
skipping: [redis-node-7]

TASK [Find the current master's node id] ***************************************
skipping: [redis-node-7]

TASK [Find a healthy replica for master failover] ******************************
skipping: [redis-node-7]

TASK [Fail if a master has no healthy replica] *********************************
skipping: [redis-node-7]

TASK [Wait until the failover replica is synchronized] *************************
skipping: [redis-node-7]

TASK [Fail over before rolling back a master] **********************************
skipping: [redis-node-7]

TASK [Wait until the former master becomes a replica] **************************
skipping: [redis-node-7]

TASK [Stop Redis on the node being rolled back] ********************************
skipping: [redis-node-7]

TASK [Wait for the Redis port to stop] *****************************************
skipping: [redis-node-7]

TASK [Install rollback Redis binaries] *****************************************
skipping: [redis-node-7]

TASK [Remove only local persistence that may be incompatible] ******************
skipping: [redis-node-7]

TASK [Remove unsupported cluster address metadata before rollback restart] *****
skipping: [redis-node-7]

TASK [Start Redis with the existing cluster configuration] *********************
skipping: [redis-node-7]

TASK [Wait for the Redis port to start] ****************************************
skipping: [redis-node-7]

TASK [Wait for the rolled back node to synchronize as a replica] ***************
skipping: [redis-node-7]

TASK [Verify cluster health after this node rollback] **************************
skipping: [redis-node-7]

TASK [Print rollback result for this node] *************************************
skipping: [redis-node-7]

PLAY [Roll back upgraded replicas first] ***************************************

TASK [Process replica rollback decision] ***************************************
included: /Users/nileshkrishnamurthy/Documents/Projects/submission/ansible/playbooks/tasks/rollback_node.yml for redis-node-8

TASK [Read current Redis version for slave pass] *******************************
ok: [redis-node-8]

TASK [Read current Redis role for slave pass] **********************************
ok: [redis-node-8]

TASK [Set slave rollback decision] *********************************************
ok: [redis-node-8]

TASK [Show slave rollback decision] ********************************************
ok: [redis-node-8] => {
    "msg": "redis-node-8 role=slave current=7.2.6 target=7.0.15 pass=slave action=rollback"
}

TASK [Install rollback build dependencies] *************************************
ok: [redis-node-8]

TASK [Remove previous rollback source directory] *******************************
ok: [redis-node-8]

TASK [Download rollback Redis source] ******************************************
changed: [redis-node-8]

TASK [Extract rollback Redis source] *******************************************
changed: [redis-node-8]

TASK [Build rollback Redis version while the node remains online] **************
changed: [redis-node-8]

TASK [Find the current master's node id] ***************************************
skipping: [redis-node-8]

TASK [Find a healthy replica for master failover] ******************************
skipping: [redis-node-8]

TASK [Fail if a master has no healthy replica] *********************************
skipping: [redis-node-8]

TASK [Wait until the failover replica is synchronized] *************************
skipping: [redis-node-8]

TASK [Fail over before rolling back a master] **********************************
skipping: [redis-node-8]

TASK [Wait until the former master becomes a replica] **************************
skipping: [redis-node-8]

TASK [Stop Redis on the node being rolled back] ********************************
changed: [redis-node-8]

TASK [Wait for the Redis port to stop] *****************************************
ok: [redis-node-8]

TASK [Install rollback Redis binaries] *****************************************
changed: [redis-node-8]

TASK [Remove only local persistence that may be incompatible] ******************
changed: [redis-node-8]

TASK [Remove unsupported cluster address metadata before rollback restart] *****
changed: [redis-node-8]

TASK [Start Redis with the existing cluster configuration] *********************
changed: [redis-node-8]

TASK [Wait for the Redis port to start] ****************************************
ok: [redis-node-8]

TASK [Wait for the rolled back node to synchronize as a replica] ***************
ok: [redis-node-8]

TASK [Verify cluster health after this node rollback] **************************
ok: [redis-node-8 -> redis-node-1(localhost)]

TASK [Print rollback result for this node] *************************************
ok: [redis-node-8] => {
    "msg": "redis-node-8 rollback complete: Redis 7.0.15, synchronized replica, cluster_state:ok"
}

PLAY [Roll back upgraded replicas first] ***************************************

TASK [Process replica rollback decision] ***************************************
included: /Users/nileshkrishnamurthy/Documents/Projects/submission/ansible/playbooks/tasks/rollback_node.yml for redis-node-1

TASK [Read current Redis version for slave pass] *******************************
ok: [redis-node-1]

TASK [Read current Redis role for slave pass] **********************************
ok: [redis-node-1]

TASK [Set slave rollback decision] *********************************************
ok: [redis-node-1]

TASK [Show slave rollback decision] ********************************************
ok: [redis-node-1] => {
    "msg": "redis-node-1 role=slave current=7.2.6 target=7.0.15 pass=slave action=rollback"
}

TASK [Install rollback build dependencies] *************************************
ok: [redis-node-1]

TASK [Remove previous rollback source directory] *******************************
ok: [redis-node-1]

TASK [Download rollback Redis source] ******************************************
ok: [redis-node-1]

TASK [Extract rollback Redis source] *******************************************
changed: [redis-node-1]

TASK [Build rollback Redis version while the node remains online] **************
changed: [redis-node-1]

TASK [Find the current master's node id] ***************************************
skipping: [redis-node-1]

TASK [Find a healthy replica for master failover] ******************************
skipping: [redis-node-1]

TASK [Fail if a master has no healthy replica] *********************************
skipping: [redis-node-1]

TASK [Wait until the failover replica is synchronized] *************************
skipping: [redis-node-1]

TASK [Fail over before rolling back a master] **********************************
skipping: [redis-node-1]

TASK [Wait until the former master becomes a replica] **************************
skipping: [redis-node-1]

TASK [Stop Redis on the node being rolled back] ********************************
changed: [redis-node-1]

TASK [Wait for the Redis port to stop] *****************************************
ok: [redis-node-1]

TASK [Install rollback Redis binaries] *****************************************
changed: [redis-node-1]

TASK [Remove only local persistence that may be incompatible] ******************
changed: [redis-node-1]

TASK [Remove unsupported cluster address metadata before rollback restart] *****
changed: [redis-node-1]

TASK [Start Redis with the existing cluster configuration] *********************
changed: [redis-node-1]

TASK [Wait for the Redis port to start] ****************************************
ok: [redis-node-1]

TASK [Wait for the rolled back node to synchronize as a replica] ***************
ok: [redis-node-1]

TASK [Verify cluster health after this node rollback] **************************
ok: [redis-node-1]

TASK [Print rollback result for this node] *************************************
ok: [redis-node-1] => {
    "msg": "redis-node-1 rollback complete: Redis 7.0.15, synchronized replica, cluster_state:ok"
}

PLAY [Roll back upgraded replicas first] ***************************************

TASK [Process replica rollback decision] ***************************************
included: /Users/nileshkrishnamurthy/Documents/Projects/submission/ansible/playbooks/tasks/rollback_node.yml for redis-node-2

TASK [Read current Redis version for slave pass] *******************************
ok: [redis-node-2]

TASK [Read current Redis role for slave pass] **********************************
ok: [redis-node-2]

TASK [Set slave rollback decision] *********************************************
ok: [redis-node-2]

TASK [Show slave rollback decision] ********************************************
ok: [redis-node-2] => {
    "msg": "redis-node-2 role=slave current=7.2.6 target=7.0.15 pass=slave action=rollback"
}

TASK [Install rollback build dependencies] *************************************
ok: [redis-node-2]

TASK [Remove previous rollback source directory] *******************************
ok: [redis-node-2]

TASK [Download rollback Redis source] ******************************************
ok: [redis-node-2]

TASK [Extract rollback Redis source] *******************************************
changed: [redis-node-2]

TASK [Build rollback Redis version while the node remains online] **************
changed: [redis-node-2]

TASK [Find the current master's node id] ***************************************
skipping: [redis-node-2]

TASK [Find a healthy replica for master failover] ******************************
skipping: [redis-node-2]

TASK [Fail if a master has no healthy replica] *********************************
skipping: [redis-node-2]

TASK [Wait until the failover replica is synchronized] *************************
skipping: [redis-node-2]

TASK [Fail over before rolling back a master] **********************************
skipping: [redis-node-2]

TASK [Wait until the former master becomes a replica] **************************
skipping: [redis-node-2]

TASK [Stop Redis on the node being rolled back] ********************************
changed: [redis-node-2]

TASK [Wait for the Redis port to stop] *****************************************
ok: [redis-node-2]

TASK [Install rollback Redis binaries] *****************************************
changed: [redis-node-2]

TASK [Remove only local persistence that may be incompatible] ******************
changed: [redis-node-2]

TASK [Remove unsupported cluster address metadata before rollback restart] *****
changed: [redis-node-2]

TASK [Start Redis with the existing cluster configuration] *********************
changed: [redis-node-2]

TASK [Wait for the Redis port to start] ****************************************
ok: [redis-node-2]

TASK [Wait for the rolled back node to synchronize as a replica] ***************
ok: [redis-node-2]

TASK [Verify cluster health after this node rollback] **************************
ok: [redis-node-2 -> redis-node-1(localhost)]

TASK [Print rollback result for this node] *************************************
ok: [redis-node-2] => {
    "msg": "redis-node-2 rollback complete: Redis 7.0.15, synchronized replica, cluster_state:ok"
}

PLAY [Roll back upgraded replicas first] ***************************************

TASK [Process replica rollback decision] ***************************************
included: /Users/nileshkrishnamurthy/Documents/Projects/submission/ansible/playbooks/tasks/rollback_node.yml for redis-node-3

TASK [Read current Redis version for slave pass] *******************************
ok: [redis-node-3]

TASK [Read current Redis role for slave pass] **********************************
ok: [redis-node-3]

TASK [Set slave rollback decision] *********************************************
ok: [redis-node-3]

TASK [Show slave rollback decision] ********************************************
ok: [redis-node-3] => {
    "msg": "redis-node-3 role=slave current=7.2.6 target=7.0.15 pass=slave action=rollback"
}

TASK [Install rollback build dependencies] *************************************
ok: [redis-node-3]

TASK [Remove previous rollback source directory] *******************************
ok: [redis-node-3]

TASK [Download rollback Redis source] ******************************************
ok: [redis-node-3]

TASK [Extract rollback Redis source] *******************************************
changed: [redis-node-3]

TASK [Build rollback Redis version while the node remains online] **************
changed: [redis-node-3]

TASK [Find the current master's node id] ***************************************
skipping: [redis-node-3]

TASK [Find a healthy replica for master failover] ******************************
skipping: [redis-node-3]

TASK [Fail if a master has no healthy replica] *********************************
skipping: [redis-node-3]

TASK [Wait until the failover replica is synchronized] *************************
skipping: [redis-node-3]

TASK [Fail over before rolling back a master] **********************************
skipping: [redis-node-3]

TASK [Wait until the former master becomes a replica] **************************
skipping: [redis-node-3]

TASK [Stop Redis on the node being rolled back] ********************************
changed: [redis-node-3]

TASK [Wait for the Redis port to stop] *****************************************
ok: [redis-node-3]

TASK [Install rollback Redis binaries] *****************************************
changed: [redis-node-3]

TASK [Remove only local persistence that may be incompatible] ******************
changed: [redis-node-3]

TASK [Remove unsupported cluster address metadata before rollback restart] *****
changed: [redis-node-3]

TASK [Start Redis with the existing cluster configuration] *********************
changed: [redis-node-3]

TASK [Wait for the Redis port to start] ****************************************
ok: [redis-node-3]

TASK [Wait for the rolled back node to synchronize as a replica] ***************
ok: [redis-node-3]

TASK [Verify cluster health after this node rollback] **************************
ok: [redis-node-3 -> redis-node-1(localhost)]

TASK [Print rollback result for this node] *************************************
ok: [redis-node-3] => {
    "msg": "redis-node-3 rollback complete: Redis 7.0.15, synchronized replica, cluster_state:ok"
}

PLAY [Roll back upgraded replicas first] ***************************************

TASK [Process replica rollback decision] ***************************************
included: /Users/nileshkrishnamurthy/Documents/Projects/submission/ansible/playbooks/tasks/rollback_node.yml for redis-node-4

TASK [Read current Redis version for slave pass] *******************************
ok: [redis-node-4]

TASK [Read current Redis role for slave pass] **********************************
ok: [redis-node-4]

TASK [Set slave rollback decision] *********************************************
ok: [redis-node-4]

TASK [Show slave rollback decision] ********************************************
ok: [redis-node-4] => {
    "msg": "redis-node-4 role=master current=7.2.6 target=7.0.15 pass=slave action=skip"
}

TASK [Install rollback build dependencies] *************************************
skipping: [redis-node-4]

TASK [Remove previous rollback source directory] *******************************
skipping: [redis-node-4]

TASK [Download rollback Redis source] ******************************************
skipping: [redis-node-4]

TASK [Extract rollback Redis source] *******************************************
skipping: [redis-node-4]

TASK [Build rollback Redis version while the node remains online] **************
skipping: [redis-node-4]

TASK [Find the current master's node id] ***************************************
skipping: [redis-node-4]

TASK [Find a healthy replica for master failover] ******************************
skipping: [redis-node-4]

TASK [Fail if a master has no healthy replica] *********************************
skipping: [redis-node-4]

TASK [Wait until the failover replica is synchronized] *************************
skipping: [redis-node-4]

TASK [Fail over before rolling back a master] **********************************
skipping: [redis-node-4]

TASK [Wait until the former master becomes a replica] **************************
skipping: [redis-node-4]

TASK [Stop Redis on the node being rolled back] ********************************
skipping: [redis-node-4]

TASK [Wait for the Redis port to stop] *****************************************
skipping: [redis-node-4]

TASK [Install rollback Redis binaries] *****************************************
skipping: [redis-node-4]

TASK [Remove only local persistence that may be incompatible] ******************
skipping: [redis-node-4]

TASK [Remove unsupported cluster address metadata before rollback restart] *****
skipping: [redis-node-4]

TASK [Start Redis with the existing cluster configuration] *********************
skipping: [redis-node-4]

TASK [Wait for the Redis port to start] ****************************************
skipping: [redis-node-4]

TASK [Wait for the rolled back node to synchronize as a replica] ***************
skipping: [redis-node-4]

TASK [Verify cluster health after this node rollback] **************************
skipping: [redis-node-4]

TASK [Print rollback result for this node] *************************************
skipping: [redis-node-4]

PLAY [Roll back upgraded replicas first] ***************************************

TASK [Process replica rollback decision] ***************************************
included: /Users/nileshkrishnamurthy/Documents/Projects/submission/ansible/playbooks/tasks/rollback_node.yml for redis-node-5

TASK [Read current Redis version for slave pass] *******************************
ok: [redis-node-5]

TASK [Read current Redis role for slave pass] **********************************
ok: [redis-node-5]

TASK [Set slave rollback decision] *********************************************
ok: [redis-node-5]

TASK [Show slave rollback decision] ********************************************
ok: [redis-node-5] => {
    "msg": "redis-node-5 role=master current=7.2.6 target=7.0.15 pass=slave action=skip"
}

TASK [Install rollback build dependencies] *************************************
skipping: [redis-node-5]

TASK [Remove previous rollback source directory] *******************************
skipping: [redis-node-5]

TASK [Download rollback Redis source] ******************************************
skipping: [redis-node-5]

TASK [Extract rollback Redis source] *******************************************
skipping: [redis-node-5]

TASK [Build rollback Redis version while the node remains online] **************
skipping: [redis-node-5]

TASK [Find the current master's node id] ***************************************
skipping: [redis-node-5]

TASK [Find a healthy replica for master failover] ******************************
skipping: [redis-node-5]

TASK [Fail if a master has no healthy replica] *********************************
skipping: [redis-node-5]

TASK [Wait until the failover replica is synchronized] *************************
skipping: [redis-node-5]

TASK [Fail over before rolling back a master] **********************************
skipping: [redis-node-5]

TASK [Wait until the former master becomes a replica] **************************
skipping: [redis-node-5]

TASK [Stop Redis on the node being rolled back] ********************************
skipping: [redis-node-5]

TASK [Wait for the Redis port to stop] *****************************************
skipping: [redis-node-5]

TASK [Install rollback Redis binaries] *****************************************
skipping: [redis-node-5]

TASK [Remove only local persistence that may be incompatible] ******************
skipping: [redis-node-5]

TASK [Remove unsupported cluster address metadata before rollback restart] *****
skipping: [redis-node-5]

TASK [Start Redis with the existing cluster configuration] *********************
skipping: [redis-node-5]

TASK [Wait for the Redis port to start] ****************************************
skipping: [redis-node-5]

TASK [Wait for the rolled back node to synchronize as a replica] ***************
skipping: [redis-node-5]

TASK [Verify cluster health after this node rollback] **************************
skipping: [redis-node-5]

TASK [Print rollback result for this node] *************************************
skipping: [redis-node-5]

PLAY [Roll back upgraded replicas first] ***************************************

TASK [Process replica rollback decision] ***************************************
included: /Users/nileshkrishnamurthy/Documents/Projects/submission/ansible/playbooks/tasks/rollback_node.yml for redis-node-6

TASK [Read current Redis version for slave pass] *******************************
ok: [redis-node-6]

TASK [Read current Redis role for slave pass] **********************************
ok: [redis-node-6]

TASK [Set slave rollback decision] *********************************************
ok: [redis-node-6]

TASK [Show slave rollback decision] ********************************************
ok: [redis-node-6] => {
    "msg": "redis-node-6 role=master current=7.2.6 target=7.0.15 pass=slave action=skip"
}

TASK [Install rollback build dependencies] *************************************
skipping: [redis-node-6]

TASK [Remove previous rollback source directory] *******************************
skipping: [redis-node-6]

TASK [Download rollback Redis source] ******************************************
skipping: [redis-node-6]

TASK [Extract rollback Redis source] *******************************************
skipping: [redis-node-6]

TASK [Build rollback Redis version while the node remains online] **************
skipping: [redis-node-6]

TASK [Find the current master's node id] ***************************************
skipping: [redis-node-6]

TASK [Find a healthy replica for master failover] ******************************
skipping: [redis-node-6]

TASK [Fail if a master has no healthy replica] *********************************
skipping: [redis-node-6]

TASK [Wait until the failover replica is synchronized] *************************
skipping: [redis-node-6]

TASK [Fail over before rolling back a master] **********************************
skipping: [redis-node-6]

TASK [Wait until the former master becomes a replica] **************************
skipping: [redis-node-6]

TASK [Stop Redis on the node being rolled back] ********************************
skipping: [redis-node-6]

TASK [Wait for the Redis port to stop] *****************************************
skipping: [redis-node-6]

TASK [Install rollback Redis binaries] *****************************************
skipping: [redis-node-6]

TASK [Remove only local persistence that may be incompatible] ******************
skipping: [redis-node-6]

TASK [Remove unsupported cluster address metadata before rollback restart] *****
skipping: [redis-node-6]

TASK [Start Redis with the existing cluster configuration] *********************
skipping: [redis-node-6]

TASK [Wait for the Redis port to start] ****************************************
skipping: [redis-node-6]

TASK [Wait for the rolled back node to synchronize as a replica] ***************
skipping: [redis-node-6]

TASK [Verify cluster health after this node rollback] **************************
skipping: [redis-node-6]

TASK [Print rollback result for this node] *************************************
skipping: [redis-node-6]

PLAY [Roll back upgraded masters using failover] *******************************

TASK [Process master rollback decision] ****************************************
included: /Users/nileshkrishnamurthy/Documents/Projects/submission/ansible/playbooks/tasks/rollback_node.yml for redis-node-7

TASK [Read current Redis version for master pass] ******************************
ok: [redis-node-7]

TASK [Read current Redis role for master pass] *********************************
ok: [redis-node-7]

TASK [Set master rollback decision] ********************************************
ok: [redis-node-7]

TASK [Show master rollback decision] *******************************************
ok: [redis-node-7] => {
    "msg": "redis-node-7 role=master current=7.2.6 target=7.0.15 pass=master action=rollback"
}

TASK [Install rollback build dependencies] *************************************
ok: [redis-node-7]

TASK [Remove previous rollback source directory] *******************************
ok: [redis-node-7]

TASK [Download rollback Redis source] ******************************************
changed: [redis-node-7]

TASK [Extract rollback Redis source] *******************************************
changed: [redis-node-7]

TASK [Build rollback Redis version while the node remains online] **************
changed: [redis-node-7]

TASK [Find the current master's node id] ***************************************
ok: [redis-node-7 -> redis-node-1(localhost)]

TASK [Find a healthy replica for master failover] ******************************
ok: [redis-node-7 -> redis-node-1(localhost)]

TASK [Fail if a master has no healthy replica] *********************************
skipping: [redis-node-7]

TASK [Wait until the failover replica is synchronized] *************************
FAILED - RETRYING: [redis-node-7 -> redis-node-1]: Wait until the failover replica is synchronized (19 retries left).
FAILED - RETRYING: [redis-node-7 -> redis-node-1]: Wait until the failover replica is synchronized (18 retries left).
FAILED - RETRYING: [redis-node-7 -> redis-node-1]: Wait until the failover replica is synchronized (17 retries left).
FAILED - RETRYING: [redis-node-7 -> redis-node-1]: Wait until the failover replica is synchronized (16 retries left).
FAILED - RETRYING: [redis-node-7 -> redis-node-1]: Wait until the failover replica is synchronized (15 retries left).
FAILED - RETRYING: [redis-node-7 -> redis-node-1]: Wait until the failover replica is synchronized (14 retries left).
FAILED - RETRYING: [redis-node-7 -> redis-node-1]: Wait until the failover replica is synchronized (13 retries left).
FAILED - RETRYING: [redis-node-7 -> redis-node-1]: Wait until the failover replica is synchronized (12 retries left).
FAILED - RETRYING: [redis-node-7 -> redis-node-1]: Wait until the failover replica is synchronized (11 retries left).
FAILED - RETRYING: [redis-node-7 -> redis-node-1]: Wait until the failover replica is synchronized (10 retries left).
FAILED - RETRYING: [redis-node-7 -> redis-node-1]: Wait until the failover replica is synchronized (9 retries left).
FAILED - RETRYING: [redis-node-7 -> redis-node-1]: Wait until the failover replica is synchronized (8 retries left).
FAILED - RETRYING: [redis-node-7 -> redis-node-1]: Wait until the failover replica is synchronized (7 retries left).
FAILED - RETRYING: [redis-node-7 -> redis-node-1]: Wait until the failover replica is synchronized (6 retries left).
FAILED - RETRYING: [redis-node-7 -> redis-node-1]: Wait until the failover replica is synchronized (5 retries left).
FAILED - RETRYING: [redis-node-7 -> redis-node-1]: Wait until the failover replica is synchronized (4 retries left).
FAILED - RETRYING: [redis-node-7 -> redis-node-1]: Wait until the failover replica is synchronized (3 retries left).
FAILED - RETRYING: [redis-node-7 -> redis-node-1]: Wait until the failover replica is synchronized (2 retries left).
FAILED - RETRYING: [redis-node-7 -> redis-node-1]: Wait until the failover replica is synchronized (1 retries left).
FAILED - RETRYING: [redis-node-7 -> redis-node-1]: Wait until the failover replica is synchronized (0 retries left).
[ERROR]: Task failed: Module failed: The command exited with a non-zero return code.
Origin: /Users/nileshkrishnamurthy/Documents/Projects/submission/ansible/playbooks/tasks/rollback_node.yml:112:3

110     - rollback_replica_ip.stdout | default('') | length == 0
111
112 - name: Wait until the failover replica is synchronized
      ^ column 3

fatal: [redis-node-7 -> redis-node-1(localhost)]: FAILED! => {"attempts": 20, "changed": false, "changed_when_result": false, "cmd": "role=$(redis-cli -h \"10.10.0.18\" -p 6379 info replication |\n  awk -F: '/^role:/ {gsub(\"\\r\", \"\", $2); print $2}')\nlink=$(redis-cli -h \"10.10.0.18\" -p 6379 info replication |\n  awk -F: '/^master_link_status:/ {gsub(\"\\r\", \"\", $2); print $2}')\ntest \"$role\" = \"slave\" && test \"$link\" = \"up\"\n", "delta": "0:00:00.003096", "end": "2026-06-15 04:40:36.148276", "msg": "The command exited with a non-zero return code.", "rc": 1, "start": "2026-06-15 04:40:36.145180", "stderr": "", "stderr_lines": [], "stdout": "", "stdout_lines": []}

PLAY RECAP *********************************************************************
redis-node-1               : ok=23   changed=7    unreachable=0    failed=0    skipped=6    rescued=0    ignored=0   
redis-node-2               : ok=20   changed=7    unreachable=0    failed=0    skipped=6    rescued=0    ignored=0   
redis-node-3               : ok=20   changed=7    unreachable=0    failed=0    skipped=6    rescued=0    ignored=0   
redis-node-4               : ok=5    changed=0    unreachable=0    failed=0    skipped=21   rescued=0    ignored=0   
redis-node-5               : ok=5    changed=0    unreachable=0    failed=0    skipped=21   rescued=0    ignored=0   
redis-node-6               : ok=5    changed=0    unreachable=0    failed=0    skipped=21   rescued=0    ignored=0   
redis-node-7               : ok=17   changed=3    unreachable=0    failed=1    skipped=22   rescued=0    ignored=0   
redis-node-8               : ok=20   changed=8    unreachable=0    failed=0    skipped=6    rescued=0    ignored=0   

timestamp=2026-06-15T04:40:36Z level=ERROR command=rollback node=all action=operation outcome=failed details="exit_code=2"
Structured operation log: logs/20260615T043642Z_rollback_18433.log
