timestamp=2026-06-15T13:27:10Z level=INFO command=scale node=all action=operation outcome=started details="arguments=scale --add-nodes 2"
Operation log: logs/20260615T132710Z_scale_55732.log
timestamp=2026-06-15T13:27:10Z level=INFO command=scale node=redis-node-1 action=command_target outcome=included details="inventory=ansible/inventory/hosts.ini"
timestamp=2026-06-15T13:27:10Z level=INFO command=scale node=redis-node-2 action=command_target outcome=included details="inventory=ansible/inventory/hosts.ini"
timestamp=2026-06-15T13:27:10Z level=INFO command=scale node=redis-node-3 action=command_target outcome=included details="inventory=ansible/inventory/hosts.ini"
timestamp=2026-06-15T13:27:10Z level=INFO command=scale node=redis-node-4 action=command_target outcome=included details="inventory=ansible/inventory/hosts.ini"
timestamp=2026-06-15T13:27:10Z level=INFO command=scale node=redis-node-5 action=command_target outcome=included details="inventory=ansible/inventory/hosts.ini"
timestamp=2026-06-15T13:27:10Z level=INFO command=scale node=redis-node-6 action=command_target outcome=included details="inventory=ansible/inventory/hosts.ini"
timestamp=2026-06-15T13:27:10Z level=INFO command=scale node=all action=prerequisite_check outcome=success details="runtime=Docker version 29.4.3, build 055a478 ansible=2.21.0"
Starting Redis Cluster scale out...
Adding 2 nodes: 1 master and 1 replica
===== Redis Scale Out Started =====
Mon Jun 15 18:57:11 IST 2026

===== Creating Dynamic Scale-Out Infrastructure =====
Creating Redis scale-out container infrastructure dynamically...
Base image: infra-redis-node-1
Cluster network: infra_redis-cluster-net
Creating redis-node-7 at 10.10.0.17 with SSH port 2217...
[OK] Created redis-node-7
timestamp=2026-06-15T13:27:11Z level=INFO command=scale node=redis-node-7 action=scale_out_container outcome=created details="address=10.10.0.17 ssh_port=2217 image=infra-redis-node-7 network=infra_redis-cluster-net"
Creating redis-node-8 at 10.10.0.18 with SSH port 2218...
[OK] Created redis-node-8
timestamp=2026-06-15T13:27:11Z level=INFO command=scale node=redis-node-8 action=scale_out_container outcome=created details="address=10.10.0.18 ssh_port=2218 image=infra-redis-node-8 network=infra_redis-cluster-net"
Patching SSH public key into Redis containers...
Checking SSH key setup...
[OK] SSH key already exists: /Users/nileshkrishnamurthy/.ssh/redis_cluster_key
Patching SSH key into redis-node-7...
[OK] SSH key patched into redis-node-7
Patching SSH key into redis-node-8...
[OK] SSH key patched into redis-node-8
Waiting for SSH access on Redis nodes...
Checking SSH on localhost:2217...
[OK] SSH ready on port 2217
Checking SSH on localhost:2218...
[OK] SSH ready on port 2218

===== Running Scale Out Playbook =====

PLAY [Prepare new Redis scale-out nodes only if they are not already in cluster] ***

TASK [Gathering Facts] *********************************************************
ok: [redis-node-8]
ok: [redis-node-7]

TASK [Detect the current cluster Redis version] ********************************
ok: [redis-node-7 -> redis-node-1(localhost)]
ok: [redis-node-8 -> redis-node-1(localhost)]

TASK [Check if this node is already part of Redis Cluster] *********************
ok: [redis-node-7 -> redis-node-1(localhost)]
ok: [redis-node-8 -> redis-node-1(localhost)]

TASK [Show node cluster membership status] *************************************
ok: [redis-node-7] => {
    "msg": "redis-node-7 is already in cluster: False"
}
ok: [redis-node-8] => {
    "msg": "redis-node-8 is already in cluster: False"
}

TASK [Stop any existing Redis process on a new node] ***************************
ok: [redis-node-7]
ok: [redis-node-8]

TASK [Install build dependencies] **********************************************
ok: [redis-node-8]
ok: [redis-node-7]

TASK [Remove old Redis source directory] ***************************************
ok: [redis-node-7]
ok: [redis-node-8]

TASK [Download Redis source] ***************************************************
[ERROR]: Task failed: Module failed: Request failed
Origin: /Users/nileshkrishnamurthy/Documents/Projects/submission/ansible/playbooks/scale_out.yml:59:7

57       when: node_already_in_cluster.rc != 0
58
59     - name: Download Redis source
         ^ column 7

fatal: [redis-node-7]: FAILED! => {"changed": false, "dest": "/tmp/redis-.tar.gz", "elapsed": 0, "msg": "Request failed", "response": "HTTP Error 404: Not Found", "status_code": 404, "url": "https://download.redis.io/releases/redis-.tar.gz"}
fatal: [redis-node-8]: FAILED! => {"changed": false, "dest": "/tmp/redis-.tar.gz", "elapsed": 0, "msg": "Request failed", "response": "HTTP Error 404: Not Found", "status_code": 404, "url": "https://download.redis.io/releases/redis-.tar.gz"}

PLAY RECAP *********************************************************************
redis-node-7               : ok=7    changed=0    unreachable=0    failed=1    skipped=0    rescued=0    ignored=0   
redis-node-8               : ok=7    changed=0    unreachable=0    failed=1    skipped=0    rescued=0    ignored=0   

timestamp=2026-06-15T13:27:27Z level=ERROR command=scale node=all action=operation outcome=failed details="exit_code=2"
Structured operation log: logs/20260615T132710Z_scale_55732.log
