timestamp=2026-06-15T04:17:13Z level=INFO command=scale node=all action=operation outcome=started details="arguments=scale --add-nodes 2"
Operation log: logs/20260615T041713Z_scale_10975.log
timestamp=2026-06-15T04:17:13Z level=INFO command=scale node=redis-node-1 action=command_target outcome=included details="inventory=ansible/inventory/hosts.ini"
timestamp=2026-06-15T04:17:13Z level=INFO command=scale node=redis-node-2 action=command_target outcome=included details="inventory=ansible/inventory/hosts.ini"
timestamp=2026-06-15T04:17:13Z level=INFO command=scale node=redis-node-3 action=command_target outcome=included details="inventory=ansible/inventory/hosts.ini"
timestamp=2026-06-15T04:17:13Z level=INFO command=scale node=redis-node-4 action=command_target outcome=included details="inventory=ansible/inventory/hosts.ini"
timestamp=2026-06-15T04:17:13Z level=INFO command=scale node=redis-node-5 action=command_target outcome=included details="inventory=ansible/inventory/hosts.ini"
timestamp=2026-06-15T04:17:13Z level=INFO command=scale node=redis-node-6 action=command_target outcome=included details="inventory=ansible/inventory/hosts.ini"
timestamp=2026-06-15T04:17:13Z level=INFO command=scale node=all action=prerequisite_check outcome=success details="runtime=Docker version 29.4.3, build 055a478 ansible=2.21.0"
timestamp=2026-06-15T04:17:14Z level=INFO command=scale node=redis-node-1 action=cluster_discovery outcome=reachable details="address=10.10.0.11:6379"
timestamp=2026-06-15T04:17:14Z level=INFO command=scale node=redis-node-2 action=cluster_discovery outcome=reachable details="address=10.10.0.12:6379"
timestamp=2026-06-15T04:17:14Z level=INFO command=scale node=redis-node-3 action=cluster_discovery outcome=reachable details="address=10.10.0.13:6379"
timestamp=2026-06-15T04:17:14Z level=INFO command=scale node=redis-node-4 action=cluster_discovery outcome=reachable details="address=10.10.0.14:6379"
timestamp=2026-06-15T04:17:14Z level=INFO command=scale node=redis-node-5 action=cluster_discovery outcome=reachable details="address=10.10.0.15:6379"
timestamp=2026-06-15T04:17:14Z level=INFO command=scale node=redis-node-6 action=cluster_discovery outcome=reachable details="address=10.10.0.16:6379"
timestamp=2026-06-15T04:17:14Z level=INFO command=scale node=redis-node-7 action=cluster_discovery outcome=reachable details="address=10.10.0.17:6379"
timestamp=2026-06-15T04:17:14Z level=INFO command=scale node=redis-node-8 action=cluster_discovery outcome=reachable details="address=10.10.0.18:6379"
Starting Redis Cluster scale out...
Adding 2 nodes: 1 master and 1 replica
===== Redis Scale Out Started =====
Mon Jun 15 09:47:14 IST 2026

===== Creating Dynamic Scale-Out Infrastructure =====
Creating Redis scale-out container infrastructure dynamically...
Base image: infra-redis-node-1
Cluster network: infra_redis-cluster-net
[OK] redis-node-7 already exists in the Redis cluster
timestamp=2026-06-15T04:17:14Z level=INFO command=scale node=redis-node-7 action=scale_out_container outcome=already_present details="address=10.10.0.17 ssh_port=2217"
[OK] redis-node-8 already exists in the Redis cluster
timestamp=2026-06-15T04:17:14Z level=INFO command=scale node=redis-node-8 action=scale_out_container outcome=already_present details="address=10.10.0.18 ssh_port=2218"
Patching SSH public key into Redis containers...
Checking SSH key setup...
[OK] SSH key already exists: /Users/nileshkrishnamurthy/.ssh/redis_cluster_key
Patching SSH key into redis-node-7...
[OK] SSH key patched into redis-node-7
Patching SSH key into redis-node-8...
[OK] SSH key patched into redis-node-8
Waiting for SSH access on Redis nodes...
Checking SSH on localhost:2217...
[OK] SSH ready on port 2217
Checking SSH on localhost:2218...
[OK] SSH ready on port 2218

===== Running Scale Out Playbook =====

PLAY [Prepare new Redis scale-out nodes only if they are not already in cluster] ***

TASK [Gathering Facts] *********************************************************
ok: [redis-node-8]
ok: [redis-node-7]

TASK [Detect the current cluster Redis version] ********************************
ok: [redis-node-7 -> redis-node-1(localhost)]
ok: [redis-node-8 -> redis-node-1(localhost)]

TASK [Check if this node is already part of Redis Cluster] *********************
ok: [redis-node-8 -> redis-node-1(localhost)]
ok: [redis-node-7 -> redis-node-1(localhost)]

TASK [Show node cluster membership status] *************************************
ok: [redis-node-7] => {
    "msg": "redis-node-7 is already in cluster: True"
}
ok: [redis-node-8] => {
    "msg": "redis-node-8 is already in cluster: True"
}

TASK [Stop any existing Redis process on a new node] ***************************
skipping: [redis-node-7]
skipping: [redis-node-8]

TASK [Install build dependencies] **********************************************
skipping: [redis-node-7]
skipping: [redis-node-8]

TASK [Remove old Redis source directory] ***************************************
skipping: [redis-node-7]
skipping: [redis-node-8]

TASK [Download Redis source] ***************************************************
skipping: [redis-node-7]
skipping: [redis-node-8]

TASK [Extract Redis source] ****************************************************
skipping: [redis-node-7]
skipping: [redis-node-8]

TASK [Build Redis from source] *************************************************
skipping: [redis-node-7]
skipping: [redis-node-8]

TASK [Install Redis binaries] **************************************************
skipping: [redis-node-7]
skipping: [redis-node-8]

TASK [Create redis user] *******************************************************
skipping: [redis-node-7]
skipping: [redis-node-8]

TASK [Create Redis directories] ************************************************
skipping: [redis-node-7] => (item=/etc/redis) 
skipping: [redis-node-7] => (item=/var/lib/redis) 
skipping: [redis-node-7] => (item=/var/log/redis) 
skipping: [redis-node-7] => (item=/var/run/redis) 
skipping: [redis-node-7]
skipping: [redis-node-8] => (item=/etc/redis) 
skipping: [redis-node-8] => (item=/var/lib/redis) 
skipping: [redis-node-8] => (item=/var/log/redis) 
skipping: [redis-node-8] => (item=/var/run/redis) 
skipping: [redis-node-8]

TASK [Clear stale Redis state before first cluster join] ***********************
skipping: [redis-node-7]
skipping: [redis-node-8]

TASK [Create Redis cluster configuration] **************************************
skipping: [redis-node-7]
skipping: [redis-node-8]

TASK [Start Redis with cluster config] *****************************************
skipping: [redis-node-7]
skipping: [redis-node-8]

TASK [Wait for Redis port] *****************************************************
ok: [redis-node-7]
ok: [redis-node-8]

TASK [Check Redis ping] ********************************************************
ok: [redis-node-7]
ok: [redis-node-8]

TASK [Show Redis ping result] **************************************************
ok: [redis-node-7] => {
    "msg": "redis-node-7 ping result: PONG"
}
ok: [redis-node-8] => {
    "msg": "redis-node-8 ping result: PONG"
}

PLAY [Add new master and replica to existing Redis Cluster] ********************

TASK [Check current cluster health before scale out] ***************************
ok: [redis-node-1]

TASK [Fail if cluster is not healthy before scale out] *************************
skipping: [redis-node-1]

TASK [Add redis-node-7 as new master if not already added] *********************
ok: [redis-node-1]

TASK [Get redis-node-7 node id] ************************************************
ok: [redis-node-1]

TASK [Wait until the seed recognizes redis-node-7 stable node id] **************
ok: [redis-node-1]

TASK [Add redis-node-8 to the cluster if not already added] ********************
ok: [redis-node-1]

TASK [Get redis-node-8 node id] ************************************************
ok: [redis-node-1]

TASK [Wait until every master knows both new nodes] ****************************
ok: [redis-node-1]

TASK [Drain slots from redis-node-8 before assigning its replica role] *********
ok: [redis-node-1]

TASK [Assign redis-node-8 as replica of redis-node-7] **************************
ok: [redis-node-1]

TASK [Wait for redis-node-8 replication link] **********************************
ok: [redis-node-1]

TASK [Repair any slot state left by an interrupted rebalance] ******************
ok: [redis-node-1]

TASK [Confirm all slots are stable before rebalancing] *************************
ok: [redis-node-1]

TASK [Rebalance hash slots across all masters] *********************************
ok: [redis-node-1]

TASK [Show rebalance output] ***************************************************
ok: [redis-node-1] => {
    "msg": [
        ">>> Performing Cluster Check (using node 10.10.0.11:6379)",
        "[OK] All nodes agree about slots configuration.",
        ">>> Check for open slots...",
        ">>> Check slots coverage...",
        "[OK] All 16384 slots covered.",
        "*** No rebalancing needed! All nodes are within the 2.00% threshold."
    ]
}

TASK [Wait for final 4-master and 4-replica topology] **************************
ok: [redis-node-1]

TASK [Show final cluster nodes after scale out] ********************************
ok: [redis-node-1]

TASK [Print final cluster nodes] ***********************************************
ok: [redis-node-1] => {
    "msg": [
        "a33ca0f0e6d14e47bb4af0d6410840245ea016f7 10.10.0.11:6379@16379 myself,slave a2c9605f032f5610c7836b03ceb8da68cf4d8d4a 0 1781497036000 12 connected",
        "a2c9605f032f5610c7836b03ceb8da68cf4d8d4a 10.10.0.15:6379@16379 master - 0 1781497037000 12 connected 2185-6280",
        "0cd26b7e44abed1fb0dcc5e46e74850a9b1584f5 10.10.0.14:6379@16379 master - 0 1781497038000 13 connected 6281-7100 13108-16383",
        "345ddbe5a8e22f423d9870907b2eec8057a95baa 10.10.0.18:6379@16379 slave 6b3e9e3e4be528182ee0876cb063211815b988ce 0 1781497038000 15 connected",
        "ad68cf83298e8e7b765ee736cf4278cf8887b1df 10.10.0.12:6379@16379 slave 996dd09d072c06400283874dee0eac5684d40b73 0 1781497038572 14 connected",
        "6b3e9e3e4be528182ee0876cb063211815b988ce 10.10.0.17:6379@16379 master - 0 1781497037858 15 connected 0-2184 11197-13107",
        "996dd09d072c06400283874dee0eac5684d40b73 10.10.0.16:6379@16379 master - 0 1781497037000 14 connected 7101-11196",
        "d95cb4a9948ae3e8e14e998e2f49edbd0e0e78c5 10.10.0.13:6379@16379 slave 0cd26b7e44abed1fb0dcc5e46e74850a9b1584f5 0 1781497038572 13 connected"
    ]
}

TASK [Print scale-out completion summary] **************************************
ok: [redis-node-1] => {
    "msg": [
        "SCALE OUT COMPLETE - cluster has 4 masters and 4 replicas",
        "redis-node-7 is a master with rebalanced hash slots",
        "redis-node-8 is the replica of redis-node-7"
    ]
}

PLAY RECAP *********************************************************************
redis-node-1               : ok=18   changed=0    unreachable=0    failed=0    skipped=1    rescued=0    ignored=0   
redis-node-7               : ok=7    changed=0    unreachable=0    failed=0    skipped=12   rescued=0    ignored=0   
redis-node-8               : ok=7    changed=0    unreachable=0    failed=0    skipped=12   rescued=0    ignored=0   


===== Full Verification After Scale Out =====

PLAY [Full Redis Cluster verification] *****************************************

TASK [Run full Redis Cluster verification dynamically] *************************
ok: [redis-node-1]

TASK [Show full verification result] *******************************************
ok: [redis-node-1] => {
    "msg": [
        "===== Full Redis Cluster Verification =====",
        "",
        "[PASS] Cluster state is ok",
        "[PASS] All 16384 hash slots are covered",
        "[PASS] All 8 cluster nodes are present and reachable",
        "[PASS] All 8 nodes are running the same Redis version: 7.2.6",
        "[PASS] Topology has 4 masters and 4 replicas; every master has a replica",
        "[PASS] All 4 replicas have master_link_status:up",
        "[PASS] Data integrity verified: 1000/1000 keys matched",
        "",
        "===== Verification Summary =====",
        "Passed checks: 7",
        "Failed checks: 0",
        "FULL VERIFICATION RESULT: PASS"
    ]
}

PLAY RECAP *********************************************************************
redis-node-1               : ok=2    changed=0    unreachable=0    failed=0    skipped=0    rescued=0    ignored=0   


timestamp=2026-06-15T04:17:19Z level=INFO command=scale node=redis-node-7 action=scale_out outcome=success details="role=master address=10.10.0.17:6379 slots=rebalanced"
timestamp=2026-06-15T04:17:19Z level=INFO command=scale node=redis-node-8 action=scale_out outcome=success details="role=replica address=10.10.0.18:6379 master=redis-node-7"
SCALE OUT COMPLETE - added redis-node-7 master and redis-node-8 replica
===== Redis Scale Out Completed =====
Mon Jun 15 09:47:19 IST 2026
timestamp=2026-06-15T04:17:19Z level=INFO command=scale node=all action=operation outcome=success details="exit_code=0"
Structured operation log: logs/20260615T041713Z_scale_10975.log
