timestamp=2026-06-14T18:58:29Z level=INFO command=provision node=all action=operation outcome=started details="arguments=provision --version 7.0.15 --masters 3 --replicas-per-master 1"
Operation log: logs/20260614T185829Z_provision_65321.log
timestamp=2026-06-14T18:58:29Z level=INFO command=provision node=redis-node-1 action=command_target outcome=included details="inventory=ansible/inventory/hosts.ini"
timestamp=2026-06-14T18:58:29Z level=INFO command=provision node=redis-node-2 action=command_target outcome=included details="inventory=ansible/inventory/hosts.ini"
timestamp=2026-06-14T18:58:29Z level=INFO command=provision node=redis-node-3 action=command_target outcome=included details="inventory=ansible/inventory/hosts.ini"
timestamp=2026-06-14T18:58:29Z level=INFO command=provision node=redis-node-4 action=command_target outcome=included details="inventory=ansible/inventory/hosts.ini"
timestamp=2026-06-14T18:58:29Z level=INFO command=provision node=redis-node-5 action=command_target outcome=included details="inventory=ansible/inventory/hosts.ini"
timestamp=2026-06-14T18:58:29Z level=INFO command=provision node=redis-node-6 action=command_target outcome=included details="inventory=ansible/inventory/hosts.ini"
timestamp=2026-06-14T18:58:29Z level=INFO command=provision node=all action=prerequisite_check outcome=success details="runtime=Docker version 29.4.3, build 055a478 ansible=2.21.0"
Checking Redis container infrastructure...
[WARN] redis-node-1 is not running
[WARN] redis-node-2 is not running
[WARN] redis-node-3 is not running
[WARN] redis-node-4 is not running
[WARN] redis-node-5 is not running
[WARN] redis-node-6 is not running
Starting Redis containers...
 Network infra_redis-cluster-net Creating 
 Network infra_redis-cluster-net Created 
 Container redis-node-5 Creating 
 Container redis-node-1 Creating 
 Container redis-node-3 Creating 
 Container redis-node-2 Creating 
 Container redis-node-4 Creating 
 Container redis-node-6 Creating 
 Container redis-node-5 Created 
 Container redis-node-1 Created 
 Container redis-node-3 Created 
 Container redis-node-4 Created 
 Container redis-node-6 Created 
 Container redis-node-2 Created 
 Container redis-node-1 Starting 
 Container redis-node-3 Starting 
 Container redis-node-2 Starting 
 Container redis-node-4 Starting 
 Container redis-node-6 Starting 
 Container redis-node-5 Starting 
 Container redis-node-2 Started 
 Container redis-node-4 Started 
 Container redis-node-5 Started 
 Container redis-node-1 Started 
 Container redis-node-3 Started 
 Container redis-node-6 Started 
Waiting for containers to initialize...
Patching SSH public key into Redis containers...
Checking SSH key setup...
[OK] SSH key already exists: /Users/nileshkrishnamurthy/.ssh/redis_cluster_key
Patching SSH key into redis-node-1...
[OK] SSH key patched into redis-node-1
Patching SSH key into redis-node-2...
[OK] SSH key patched into redis-node-2
Patching SSH key into redis-node-3...
[OK] SSH key patched into redis-node-3
Patching SSH key into redis-node-4...
[OK] SSH key patched into redis-node-4
Patching SSH key into redis-node-5...
[OK] SSH key patched into redis-node-5
Patching SSH key into redis-node-6...
[OK] SSH key patched into redis-node-6
Waiting for SSH access on Redis nodes...
Checking SSH on localhost:2211...
[OK] SSH ready on port 2211
Checking SSH on localhost:2212...
[OK] SSH ready on port 2212
Checking SSH on localhost:2213...
[OK] SSH ready on port 2213
Checking SSH on localhost:2214...
[OK] SSH ready on port 2214
Checking SSH on localhost:2215...
[OK] SSH ready on port 2215
Checking SSH on localhost:2216...
[OK] SSH ready on port 2216
Provisioning Redis Cluster...
Version: 7.0.15
Masters: 3
Replicas per master: 1
===== Redis Cluster Provision Started =====
Mon Jun 15 00:28:37 IST 2026
Redis version: 7.0.15
Masters: 3
Replicas per master: 1

===== Running Provision Playbook =====

PLAY [Detect an existing healthy Redis Cluster] ********************************

TASK [Read existing cluster state without changing it] *************************
ok: [redis-node-1]

TASK [Store provision idempotency decision] ************************************
ok: [redis-node-1]

TASK [Report provision no-op for an existing cluster] **************************
skipping: [redis-node-1]

PLAY [Install exact Redis version on all Redis nodes] **************************

TASK [Gathering Facts] *********************************************************
ok: [redis-node-5]
ok: [redis-node-4]
ok: [redis-node-1]
ok: [redis-node-3]
ok: [redis-node-2]
ok: [redis-node-6]

TASK [Update apt package index] ************************************************
changed: [redis-node-3]
changed: [redis-node-5]
changed: [redis-node-2]
changed: [redis-node-1]
changed: [redis-node-6]
changed: [redis-node-4]

TASK [Install build dependencies required for Redis source installation] *******
ok: [redis-node-2]
ok: [redis-node-1]
ok: [redis-node-4]
ok: [redis-node-3]
ok: [redis-node-5]
ok: [redis-node-6]

TASK [Stop any existing Redis process] *****************************************
ok: [redis-node-2]
ok: [redis-node-1]
ok: [redis-node-3]
ok: [redis-node-4]
ok: [redis-node-5]
ok: [redis-node-6]

TASK [Remove Ubuntu repository Redis packages if installed] ********************
ok: [redis-node-5]
ok: [redis-node-4]
ok: [redis-node-2]
ok: [redis-node-3]
ok: [redis-node-1]
ok: [redis-node-6]

TASK [Remove old Redis binaries from /usr/bin if present] **********************
ok: [redis-node-4] => (item=/usr/bin/redis-server)
ok: [redis-node-1] => (item=/usr/bin/redis-server)
ok: [redis-node-5] => (item=/usr/bin/redis-server)
ok: [redis-node-2] => (item=/usr/bin/redis-server)
ok: [redis-node-3] => (item=/usr/bin/redis-server)
ok: [redis-node-2] => (item=/usr/bin/redis-cli)
ok: [redis-node-5] => (item=/usr/bin/redis-cli)
ok: [redis-node-4] => (item=/usr/bin/redis-cli)
ok: [redis-node-1] => (item=/usr/bin/redis-cli)
ok: [redis-node-3] => (item=/usr/bin/redis-cli)
ok: [redis-node-2] => (item=/usr/bin/redis-check-rdb)
ok: [redis-node-4] => (item=/usr/bin/redis-check-rdb)
ok: [redis-node-1] => (item=/usr/bin/redis-check-rdb)
ok: [redis-node-5] => (item=/usr/bin/redis-check-rdb)
ok: [redis-node-3] => (item=/usr/bin/redis-check-rdb)
ok: [redis-node-4] => (item=/usr/bin/redis-check-aof)
ok: [redis-node-2] => (item=/usr/bin/redis-check-aof)
ok: [redis-node-5] => (item=/usr/bin/redis-check-aof)
ok: [redis-node-1] => (item=/usr/bin/redis-check-aof)
ok: [redis-node-3] => (item=/usr/bin/redis-check-aof)
ok: [redis-node-4] => (item=/usr/bin/redis-benchmark)
ok: [redis-node-2] => (item=/usr/bin/redis-benchmark)
ok: [redis-node-1] => (item=/usr/bin/redis-benchmark)
ok: [redis-node-5] => (item=/usr/bin/redis-benchmark)
ok: [redis-node-3] => (item=/usr/bin/redis-benchmark)
ok: [redis-node-6] => (item=/usr/bin/redis-server)
ok: [redis-node-6] => (item=/usr/bin/redis-cli)
ok: [redis-node-6] => (item=/usr/bin/redis-check-rdb)
ok: [redis-node-6] => (item=/usr/bin/redis-check-aof)
ok: [redis-node-6] => (item=/usr/bin/redis-benchmark)

TASK [Remove old Redis source directory for this version if present] ***********
ok: [redis-node-3]
ok: [redis-node-1]
ok: [redis-node-2]
ok: [redis-node-4]
ok: [redis-node-5]
ok: [redis-node-6]

TASK [Download Redis source tarball] *******************************************
changed: [redis-node-5]
changed: [redis-node-3]
changed: [redis-node-4]
changed: [redis-node-1]
changed: [redis-node-2]
changed: [redis-node-6]

TASK [Extract Redis source code] ***********************************************
changed: [redis-node-3]
changed: [redis-node-2]
changed: [redis-node-1]
changed: [redis-node-5]
changed: [redis-node-4]
changed: [redis-node-6]

TASK [Build Redis from source] *************************************************
changed: [redis-node-3]
changed: [redis-node-5]
changed: [redis-node-2]
changed: [redis-node-4]
changed: [redis-node-1]
changed: [redis-node-6]

TASK [Install Redis binaries into /usr/local/bin] ******************************
changed: [redis-node-2]
changed: [redis-node-1]
changed: [redis-node-3]
changed: [redis-node-5]
changed: [redis-node-4]
changed: [redis-node-6]

TASK [Link redis-server command to source-installed binary] ********************
changed: [redis-node-1]
changed: [redis-node-2]
changed: [redis-node-3]
changed: [redis-node-4]
changed: [redis-node-5]
changed: [redis-node-6]

TASK [Link redis-cli command to source-installed binary] ***********************
changed: [redis-node-1]
changed: [redis-node-3]
changed: [redis-node-2]
changed: [redis-node-4]
changed: [redis-node-5]
changed: [redis-node-6]

TASK [Link redis-benchmark command to source-installed binary] *****************
changed: [redis-node-2]
changed: [redis-node-3]
changed: [redis-node-1]
changed: [redis-node-4]
changed: [redis-node-5]
changed: [redis-node-6]

TASK [Create redis system user] ************************************************
changed: [redis-node-2]
changed: [redis-node-1]
changed: [redis-node-3]
changed: [redis-node-5]
changed: [redis-node-4]
changed: [redis-node-6]

TASK [Create Redis required directories] ***************************************
changed: [redis-node-3] => (item=/etc/redis)
changed: [redis-node-1] => (item=/etc/redis)
changed: [redis-node-2] => (item=/etc/redis)
changed: [redis-node-5] => (item=/etc/redis)
changed: [redis-node-4] => (item=/etc/redis)
changed: [redis-node-1] => (item=/var/lib/redis)
changed: [redis-node-2] => (item=/var/lib/redis)
changed: [redis-node-5] => (item=/var/lib/redis)
changed: [redis-node-3] => (item=/var/lib/redis)
changed: [redis-node-4] => (item=/var/lib/redis)
changed: [redis-node-2] => (item=/var/log/redis)
changed: [redis-node-3] => (item=/var/log/redis)
changed: [redis-node-5] => (item=/var/log/redis)
changed: [redis-node-1] => (item=/var/log/redis)
changed: [redis-node-4] => (item=/var/log/redis)
changed: [redis-node-3] => (item=/var/run/redis)
changed: [redis-node-2] => (item=/var/run/redis)
changed: [redis-node-5] => (item=/var/run/redis)
changed: [redis-node-1] => (item=/var/run/redis)
changed: [redis-node-4] => (item=/var/run/redis)
changed: [redis-node-6] => (item=/etc/redis)
changed: [redis-node-6] => (item=/var/lib/redis)
changed: [redis-node-6] => (item=/var/log/redis)
changed: [redis-node-6] => (item=/var/run/redis)

TASK [Verify installed Redis version] ******************************************
ok: [redis-node-1]
ok: [redis-node-2]
ok: [redis-node-3]
ok: [redis-node-4]
ok: [redis-node-5]
ok: [redis-node-6]

TASK [Fail if installed Redis version does not match requested version] ********
skipping: [redis-node-1]
skipping: [redis-node-2]
skipping: [redis-node-3]
skipping: [redis-node-4]
skipping: [redis-node-5]
skipping: [redis-node-6]

TASK [Show installed Redis version] ********************************************
ok: [redis-node-1] => {
    "msg": "redis-node-1 installed Redis server v=7.0.15 sha=00000000:0 malloc=jemalloc-5.2.1 bits=64 build=f9d8c909586b6b9e"
}
ok: [redis-node-2] => {
    "msg": "redis-node-2 installed Redis server v=7.0.15 sha=00000000:0 malloc=jemalloc-5.2.1 bits=64 build=828b7e30d94f3079"
}
ok: [redis-node-3] => {
    "msg": "redis-node-3 installed Redis server v=7.0.15 sha=00000000:0 malloc=jemalloc-5.2.1 bits=64 build=4d72f11691de77fd"
}
ok: [redis-node-4] => {
    "msg": "redis-node-4 installed Redis server v=7.0.15 sha=00000000:0 malloc=jemalloc-5.2.1 bits=64 build=742c1043db0787b7"
}
ok: [redis-node-5] => {
    "msg": "redis-node-5 installed Redis server v=7.0.15 sha=00000000:0 malloc=jemalloc-5.2.1 bits=64 build=bbd59f659396c033"
}
ok: [redis-node-6] => {
    "msg": "redis-node-6 installed Redis server v=7.0.15 sha=00000000:0 malloc=jemalloc-5.2.1 bits=64 build=78ca77fc0c0bb441"
}

PLAY [Configure Redis nodes for cluster mode] **********************************

TASK [Gathering Facts] *********************************************************
ok: [redis-node-2]
ok: [redis-node-3]
ok: [redis-node-1]
ok: [redis-node-5]
ok: [redis-node-4]
ok: [redis-node-6]

TASK [Stop any running Redis process] ******************************************
ok: [redis-node-2]
ok: [redis-node-1]
ok: [redis-node-3]
ok: [redis-node-4]
ok: [redis-node-5]
ok: [redis-node-6]

TASK [Ensure Redis directories exist] ******************************************
ok: [redis-node-2] => (item=/etc/redis)
ok: [redis-node-1] => (item=/etc/redis)
ok: [redis-node-4] => (item=/etc/redis)
ok: [redis-node-3] => (item=/etc/redis)
ok: [redis-node-5] => (item=/etc/redis)
ok: [redis-node-3] => (item=/var/lib/redis)
ok: [redis-node-4] => (item=/var/lib/redis)
ok: [redis-node-2] => (item=/var/lib/redis)
ok: [redis-node-1] => (item=/var/lib/redis)
ok: [redis-node-5] => (item=/var/lib/redis)
ok: [redis-node-2] => (item=/var/log/redis)
ok: [redis-node-1] => (item=/var/log/redis)
ok: [redis-node-4] => (item=/var/log/redis)
ok: [redis-node-3] => (item=/var/log/redis)
ok: [redis-node-5] => (item=/var/log/redis)
ok: [redis-node-4] => (item=/var/run/redis)
ok: [redis-node-1] => (item=/var/run/redis)
ok: [redis-node-2] => (item=/var/run/redis)
ok: [redis-node-3] => (item=/var/run/redis)
ok: [redis-node-5] => (item=/var/run/redis)
ok: [redis-node-6] => (item=/etc/redis)
ok: [redis-node-6] => (item=/var/lib/redis)
ok: [redis-node-6] => (item=/var/log/redis)
ok: [redis-node-6] => (item=/var/run/redis)

TASK [Remove old Redis data and cluster state] *********************************
changed: [redis-node-2]
changed: [redis-node-1]
changed: [redis-node-3]
changed: [redis-node-4]
changed: [redis-node-5]
changed: [redis-node-6]

TASK [Write Redis cluster configuration] ***************************************
changed: [redis-node-5]
changed: [redis-node-1]
changed: [redis-node-4]
changed: [redis-node-2]
changed: [redis-node-3]
changed: [redis-node-6]

TASK [Start Redis with cluster config] *****************************************
changed: [redis-node-2]
changed: [redis-node-1]
changed: [redis-node-4]
changed: [redis-node-3]
changed: [redis-node-5]
changed: [redis-node-6]

TASK [Wait for Redis port 6379] ************************************************
ok: [redis-node-4]
ok: [redis-node-2]
ok: [redis-node-5]
ok: [redis-node-1]
ok: [redis-node-3]
ok: [redis-node-6]

TASK [Check Redis ping] ********************************************************
ok: [redis-node-1]
ok: [redis-node-3]
ok: [redis-node-2]
ok: [redis-node-4]
ok: [redis-node-5]
ok: [redis-node-6]

TASK [Show Redis ping result] **************************************************
ok: [redis-node-1] => {
    "msg": "redis-node-1 -> PONG"
}
ok: [redis-node-2] => {
    "msg": "redis-node-2 -> PONG"
}
ok: [redis-node-3] => {
    "msg": "redis-node-3 -> PONG"
}
ok: [redis-node-4] => {
    "msg": "redis-node-4 -> PONG"
}
ok: [redis-node-5] => {
    "msg": "redis-node-5 -> PONG"
}
ok: [redis-node-6] => {
    "msg": "redis-node-6 -> PONG"
}

PLAY [Create Redis Cluster] ****************************************************

TASK [Wait for Redis to respond on node 1] *************************************
ok: [redis-node-1]

TASK [Check current cluster info] **********************************************
ok: [redis-node-1]

TASK [Check current cluster nodes] *********************************************
ok: [redis-node-1]

TASK [Wait if cluster already exists but is still stabilizing] *****************
skipping: [redis-node-1]

TASK [Create Redis cluster with 3 masters and 3 replicas] **********************
changed: [redis-node-1]

TASK [Show cluster creation output] ********************************************
ok: [redis-node-1] => {
    "cluster_create_output.stdout_lines": [
        ">>> Performing hash slots allocation on 6 nodes...",
        "Master[0] -> Slots 0 - 5460",
        "Master[1] -> Slots 5461 - 10922",
        "Master[2] -> Slots 10923 - 16383",
        "Adding replica 10.10.0.15:6379 to 10.10.0.11:6379",
        "Adding replica 10.10.0.16:6379 to 10.10.0.12:6379",
        "Adding replica 10.10.0.14:6379 to 10.10.0.13:6379",
        "M: 45516547fdcd6402899a6527b13b6da9b9dfdfff 10.10.0.11:6379",
        "   slots:[0-5460] (5461 slots) master",
        "M: f292ac885bd6cbc341f836032d126774563883df 10.10.0.12:6379",
        "   slots:[5461-10922] (5462 slots) master",
        "M: 963c910a0ee358150d4d71437179f89323469640 10.10.0.13:6379",
        "   slots:[10923-16383] (5461 slots) master",
        "S: 8d1974e29d28dbb33a0fb565dc93acdbf2b137b1 10.10.0.14:6379",
        "   replicates 963c910a0ee358150d4d71437179f89323469640",
        "S: 4f44665c9e0c2f975a972778ae750d6494341fce 10.10.0.15:6379",
        "   replicates 45516547fdcd6402899a6527b13b6da9b9dfdfff",
        "S: 3ed0d17eb2cf4198795d8abc94a17add1c5af114 10.10.0.16:6379",
        "   replicates f292ac885bd6cbc341f836032d126774563883df",
        "Can I set the above configuration? (type 'yes' to accept): >>> Nodes configuration updated",
        ">>> Assign a different config epoch to each node",
        ">>> Sending CLUSTER MEET messages to join the cluster",
        "Waiting for the cluster to join",
        "",
        ">>> Performing Cluster Check (using node 10.10.0.11:6379)",
        "M: 45516547fdcd6402899a6527b13b6da9b9dfdfff 10.10.0.11:6379",
        "   slots:[0-5460] (5461 slots) master",
        "   1 additional replica(s)",
        "M: f292ac885bd6cbc341f836032d126774563883df 10.10.0.12:6379",
        "   slots:[5461-10922] (5462 slots) master",
        "   1 additional replica(s)",
        "S: 3ed0d17eb2cf4198795d8abc94a17add1c5af114 10.10.0.16:6379",
        "   slots: (0 slots) slave",
        "   replicates f292ac885bd6cbc341f836032d126774563883df",
        "S: 8d1974e29d28dbb33a0fb565dc93acdbf2b137b1 10.10.0.14:6379",
        "   slots: (0 slots) slave",
        "   replicates 963c910a0ee358150d4d71437179f89323469640",
        "M: 963c910a0ee358150d4d71437179f89323469640 10.10.0.13:6379",
        "   slots:[10923-16383] (5461 slots) master",
        "   1 additional replica(s)",
        "S: 4f44665c9e0c2f975a972778ae750d6494341fce 10.10.0.15:6379",
        "   slots: (0 slots) slave",
        "   replicates 45516547fdcd6402899a6527b13b6da9b9dfdfff",
        "[OK] All nodes agree about slots configuration.",
        ">>> Check for open slots...",
        ">>> Check slots coverage...",
        "[OK] All 16384 slots covered."
    ]
}

TASK [Show message if cluster already exists] **********************************
skipping: [redis-node-1]

TASK [Wait for final cluster state and topology to become healthy] *************
FAILED - RETRYING: [redis-node-1]: Wait for final cluster state and topology to become healthy (29 retries left).
ok: [redis-node-1]

TASK [Fail if cluster state is not ok] *****************************************
skipping: [redis-node-1]

TASK [Print final cluster info] ************************************************
ok: [redis-node-1] => {
    "msg": [
        "cluster_state:ok",
        "cluster_slots_assigned:16384",
        "cluster_slots_ok:16384",
        "cluster_slots_pfail:0",
        "cluster_slots_fail:0",
        "cluster_known_nodes:6",
        "cluster_size:3",
        "cluster_current_epoch:6",
        "cluster_my_epoch:1",
        "cluster_stats_messages_ping_sent:10",
        "cluster_stats_messages_pong_sent:14",
        "cluster_stats_messages_sent:24",
        "cluster_stats_messages_ping_received:9",
        "cluster_stats_messages_pong_received:10",
        "cluster_stats_messages_meet_received:5",
        "cluster_stats_messages_received:24",
        "total_cluster_links_buffer_limit_exceeded:0",
        "topology_masters:3",
        "topology_replicas:3"
    ]
}

TASK [Print final cluster nodes] ***********************************************
ok: [redis-node-1]

TASK [Show final cluster topology] *********************************************
ok: [redis-node-1] => {
    "msg": [
        "f292ac885bd6cbc341f836032d126774563883df 10.10.0.12:6379@16379 master - 0 1781463611000 2 connected 5461-10922",
        "3ed0d17eb2cf4198795d8abc94a17add1c5af114 10.10.0.16:6379@16379 slave f292ac885bd6cbc341f836032d126774563883df 0 1781463610000 2 connected",
        "45516547fdcd6402899a6527b13b6da9b9dfdfff 10.10.0.11:6379@16379 myself,master - 0 1781463611000 1 connected 0-5460",
        "8d1974e29d28dbb33a0fb565dc93acdbf2b137b1 10.10.0.14:6379@16379 slave 963c910a0ee358150d4d71437179f89323469640 0 1781463611582 3 connected",
        "963c910a0ee358150d4d71437179f89323469640 10.10.0.13:6379@16379 master - 0 1781463610856 3 connected 10923-16383",
        "4f44665c9e0c2f975a972778ae750d6494341fce 10.10.0.15:6379@16379 slave 45516547fdcd6402899a6527b13b6da9b9dfdfff 0 1781463611000 1 connected"
    ]
}

PLAY RECAP *********************************************************************
redis-node-1               : ok=38   changed=14   unreachable=0    failed=0    skipped=5    rescued=0    ignored=0   
redis-node-2               : ok=27   changed=13   unreachable=0    failed=0    skipped=1    rescued=0    ignored=0   
redis-node-3               : ok=27   changed=13   unreachable=0    failed=0    skipped=1    rescued=0    ignored=0   
redis-node-4               : ok=27   changed=13   unreachable=0    failed=0    skipped=1    rescued=0    ignored=0   
redis-node-5               : ok=27   changed=13   unreachable=0    failed=0    skipped=1    rescued=0    ignored=0   
redis-node-6               : ok=27   changed=13   unreachable=0    failed=0    skipped=1    rescued=0    ignored=0   


===== Final Cluster Info =====
redis-node-1 | CHANGED | rc=0 >>
cluster_state:ok
cluster_slots_assigned:16384
cluster_slots_ok:16384
cluster_slots_pfail:0
cluster_slots_fail:0
cluster_known_nodes:6
cluster_size:3
cluster_current_epoch:6
cluster_my_epoch:1
cluster_stats_messages_ping_sent:11
cluster_stats_messages_pong_sent:14
cluster_stats_messages_sent:25
cluster_stats_messages_ping_received:9
cluster_stats_messages_pong_received:11
cluster_stats_messages_meet_received:5
cluster_stats_messages_received:25
total_cluster_links_buffer_limit_exceeded:0

===== Final Cluster Nodes =====
redis-node-1 | CHANGED | rc=0 >>
f292ac885bd6cbc341f836032d126774563883df 10.10.0.12:6379@16379 master - 0 1781463611000 2 connected 5461-10922
3ed0d17eb2cf4198795d8abc94a17add1c5af114 10.10.0.16:6379@16379 slave f292ac885bd6cbc341f836032d126774563883df 0 1781463612507 2 connected
45516547fdcd6402899a6527b13b6da9b9dfdfff 10.10.0.11:6379@16379 myself,master - 0 1781463611000 1 connected 0-5460
8d1974e29d28dbb33a0fb565dc93acdbf2b137b1 10.10.0.14:6379@16379 slave 963c910a0ee358150d4d71437179f89323469640 0 1781463611582 3 connected
963c910a0ee358150d4d71437179f89323469640 10.10.0.13:6379@16379 master - 0 1781463611000 3 connected 10923-16383
4f44665c9e0c2f975a972778ae750d6494341fce 10.10.0.15:6379@16379 slave 45516547fdcd6402899a6527b13b6da9b9dfdfff 0 1781463612608 1 connected

===== Redis Cluster Provision Completed =====
Mon Jun 15 00:30:12 IST 2026
timestamp=2026-06-14T19:00:12Z level=INFO command=provision node=all action=operation outcome=success details="exit_code=0"
Structured operation log: logs/20260614T185829Z_provision_65321.log
