timestamp=2026-06-14T19:04:42Z level=INFO command=rollback node=all action=operation outcome=started details="arguments=rollback --target-version 7.0.15"
Operation log: logs/20260614T190442Z_rollback_68144.log
timestamp=2026-06-14T19:04:42Z level=INFO command=rollback node=redis-node-1 action=command_target outcome=included details="inventory=ansible/inventory/hosts.ini"
timestamp=2026-06-14T19:04:42Z level=INFO command=rollback node=redis-node-2 action=command_target outcome=included details="inventory=ansible/inventory/hosts.ini"
timestamp=2026-06-14T19:04:42Z level=INFO command=rollback node=redis-node-3 action=command_target outcome=included details="inventory=ansible/inventory/hosts.ini"
timestamp=2026-06-14T19:04:42Z level=INFO command=rollback node=redis-node-4 action=command_target outcome=included details="inventory=ansible/inventory/hosts.ini"
timestamp=2026-06-14T19:04:42Z level=INFO command=rollback node=redis-node-5 action=command_target outcome=included details="inventory=ansible/inventory/hosts.ini"
timestamp=2026-06-14T19:04:42Z level=INFO command=rollback node=redis-node-6 action=command_target outcome=included details="inventory=ansible/inventory/hosts.ini"
timestamp=2026-06-14T19:04:42Z level=INFO command=rollback node=all action=prerequisite_check outcome=success details="runtime=Docker version 29.4.3, build 055a478 ansible=2.21.0"
timestamp=2026-06-14T19:04:42Z level=INFO command=rollback node=redis-node-1 action=cluster_discovery outcome=reachable details="address=10.10.0.11:6379"
timestamp=2026-06-14T19:04:42Z level=INFO command=rollback node=redis-node-2 action=cluster_discovery outcome=reachable details="address=10.10.0.12:6379"
timestamp=2026-06-14T19:04:42Z level=INFO command=rollback node=redis-node-3 action=cluster_discovery outcome=reachable details="address=10.10.0.13:6379"
timestamp=2026-06-14T19:04:42Z level=INFO command=rollback node=redis-node-4 action=cluster_discovery outcome=reachable details="address=10.10.0.14:6379"
timestamp=2026-06-14T19:04:42Z level=INFO command=rollback node=redis-node-5 action=cluster_discovery outcome=reachable details="address=10.10.0.15:6379"
timestamp=2026-06-14T19:04:42Z level=INFO command=rollback node=redis-node-6 action=cluster_discovery outcome=reachable details="address=10.10.0.16:6379"
timestamp=2026-06-14T19:04:42Z level=INFO command=rollback node=redis-node-1 action=version_check outcome=already_target details="current=7.0.15 target=7.0.15"
timestamp=2026-06-14T19:04:43Z level=INFO command=rollback node=redis-node-2 action=version_check outcome=already_target details="current=7.0.15 target=7.0.15"
timestamp=2026-06-14T19:04:43Z level=INFO command=rollback node=redis-node-3 action=version_check outcome=already_target details="current=7.0.15 target=7.0.15"
timestamp=2026-06-14T19:04:43Z level=INFO command=rollback node=redis-node-4 action=version_check outcome=target_change_required details="current=7.2.6 target=7.0.15"
timestamp=2026-06-14T19:04:43Z level=INFO command=rollback node=redis-node-5 action=version_check outcome=already_target details="current=7.0.15 target=7.0.15"
timestamp=2026-06-14T19:04:43Z level=INFO command=rollback node=redis-node-6 action=version_check outcome=already_target details="current=7.0.15 target=7.0.15"
Starting Redis rollback...
Target version: 7.0.15
===== Redis Rollback Started =====
Mon Jun 15 00:34:43 IST 2026
Target version: 7.0.15

===== Pre-rollback Cluster Info =====
redis-node-1 | CHANGED | rc=0 >>
cluster_state:ok
cluster_slots_assigned:16384
cluster_slots_ok:16384
cluster_slots_pfail:0
cluster_slots_fail:0
cluster_known_nodes:6
cluster_size:3
cluster_current_epoch:6
cluster_my_epoch:1
cluster_stats_messages_ping_sent:505
cluster_stats_messages_pong_sent:501
cluster_stats_messages_sent:1006
cluster_stats_messages_ping_received:496
cluster_stats_messages_pong_received:504
cluster_stats_messages_meet_received:5
cluster_stats_messages_received:1005
total_cluster_links_buffer_limit_exceeded:0

===== Pre-rollback Data Verification =====

PLAY [Verify deterministic data in Redis Cluster] ******************************

TASK [Verify all seeded keys] **************************************************
ok: [redis-node-1]

TASK [Show verification result] ************************************************
ok: [redis-node-1] => {
    "msg": [
        "PASS - 1000/1000 keys verified"
    ]
}

PLAY RECAP *********************************************************************
redis-node-1               : ok=2    changed=0    unreachable=0    failed=0    skipped=0    rescued=0    ignored=0   


===== Running Rollback Playbook =====

PLAY [Validate cluster before selective rollback] ******************************

TASK [Verify cluster health, reachability, and replica coverage] ***************
ok: [redis-node-1]

TASK [Validate that every rollback has a target-version shard anchor] **********
ok: [redis-node-1]

TASK [Print rollback safety plan] **********************************************
ok: [redis-node-1] => {
    "msg": [
        "SAFE: replica 10.10.0.14 can roll back against target-version master 10.10.0.13."
    ]
}

TASK [Stop before an unsafe rollback] ******************************************
skipping: [redis-node-1]

TASK [Report versions before rollback] *****************************************
ok: [redis-node-1]

TASK [Print selective rollback plan] *******************************************
ok: [redis-node-1] => {
    "msg": [
        "10.10.0.12:6379 Redis 7.0.15 -> already target; skip",
        "10.10.0.16:6379 Redis 7.0.15 -> already target; skip",
        "10.10.0.11:6379 Redis 7.0.15 -> already target; skip",
        "10.10.0.14:6379 Redis 7.2.6 -> rollback required",
        "10.10.0.13:6379 Redis 7.0.15 -> already target; skip",
        "10.10.0.15:6379 Redis 7.0.15 -> already target; skip"
    ]
}

PLAY [Roll back upgraded replicas first] ***************************************

TASK [Process replica rollback decision] ***************************************
included: /Users/nileshkrishnamurthy/Documents/Projects/submission/ansible/playbooks/tasks/rollback_node.yml for redis-node-1

TASK [Read current Redis version for slave pass] *******************************
ok: [redis-node-1]

TASK [Read current Redis role for slave pass] **********************************
ok: [redis-node-1]

TASK [Set slave rollback decision] *********************************************
ok: [redis-node-1]

TASK [Show slave rollback decision] ********************************************
ok: [redis-node-1] => {
    "msg": "redis-node-1 role=master current=7.0.15 target=7.0.15 pass=slave action=skip"
}

TASK [Install rollback build dependencies] *************************************
skipping: [redis-node-1]

TASK [Remove previous rollback source directory] *******************************
skipping: [redis-node-1]

TASK [Download rollback Redis source] ******************************************
skipping: [redis-node-1]

TASK [Extract rollback Redis source] *******************************************
skipping: [redis-node-1]

TASK [Build rollback Redis version while the node remains online] **************
skipping: [redis-node-1]

TASK [Find the current master's node id] ***************************************
skipping: [redis-node-1]

TASK [Find a healthy replica for master failover] ******************************
skipping: [redis-node-1]

TASK [Fail if a master has no healthy replica] *********************************
skipping: [redis-node-1]

TASK [Wait until the failover replica is synchronized] *************************
skipping: [redis-node-1]

TASK [Fail over before rolling back a master] **********************************
skipping: [redis-node-1]

TASK [Wait until the former master becomes a replica] **************************
skipping: [redis-node-1]

TASK [Stop Redis on the node being rolled back] ********************************
skipping: [redis-node-1]

TASK [Wait for the Redis port to stop] *****************************************
skipping: [redis-node-1]

TASK [Install rollback Redis binaries] *****************************************
skipping: [redis-node-1]

TASK [Remove only local persistence that may be incompatible] ******************
skipping: [redis-node-1]

TASK [Start Redis with the existing cluster configuration] *********************
skipping: [redis-node-1]

TASK [Wait for the Redis port to start] ****************************************
skipping: [redis-node-1]

TASK [Wait for the rolled back node to synchronize as a replica] ***************
skipping: [redis-node-1]

TASK [Verify cluster health after this node rollback] **************************
skipping: [redis-node-1]

TASK [Print rollback result for this node] *************************************
skipping: [redis-node-1]

PLAY [Roll back upgraded replicas first] ***************************************

TASK [Process replica rollback decision] ***************************************
included: /Users/nileshkrishnamurthy/Documents/Projects/submission/ansible/playbooks/tasks/rollback_node.yml for redis-node-2

TASK [Read current Redis version for slave pass] *******************************
ok: [redis-node-2]

TASK [Read current Redis role for slave pass] **********************************
ok: [redis-node-2]

TASK [Set slave rollback decision] *********************************************
ok: [redis-node-2]

TASK [Show slave rollback decision] ********************************************
ok: [redis-node-2] => {
    "msg": "redis-node-2 role=master current=7.0.15 target=7.0.15 pass=slave action=skip"
}

TASK [Install rollback build dependencies] *************************************
skipping: [redis-node-2]

TASK [Remove previous rollback source directory] *******************************
skipping: [redis-node-2]

TASK [Download rollback Redis source] ******************************************
skipping: [redis-node-2]

TASK [Extract rollback Redis source] *******************************************
skipping: [redis-node-2]

TASK [Build rollback Redis version while the node remains online] **************
skipping: [redis-node-2]

TASK [Find the current master's node id] ***************************************
skipping: [redis-node-2]

TASK [Find a healthy replica for master failover] ******************************
skipping: [redis-node-2]

TASK [Fail if a master has no healthy replica] *********************************
skipping: [redis-node-2]

TASK [Wait until the failover replica is synchronized] *************************
skipping: [redis-node-2]

TASK [Fail over before rolling back a master] **********************************
skipping: [redis-node-2]

TASK [Wait until the former master becomes a replica] **************************
skipping: [redis-node-2]

TASK [Stop Redis on the node being rolled back] ********************************
skipping: [redis-node-2]

TASK [Wait for the Redis port to stop] *****************************************
skipping: [redis-node-2]

TASK [Install rollback Redis binaries] *****************************************
skipping: [redis-node-2]

TASK [Remove only local persistence that may be incompatible] ******************
skipping: [redis-node-2]

TASK [Start Redis with the existing cluster configuration] *********************
skipping: [redis-node-2]

TASK [Wait for the Redis port to start] ****************************************
skipping: [redis-node-2]

TASK [Wait for the rolled back node to synchronize as a replica] ***************
skipping: [redis-node-2]

TASK [Verify cluster health after this node rollback] **************************
skipping: [redis-node-2]

TASK [Print rollback result for this node] *************************************
skipping: [redis-node-2]

PLAY [Roll back upgraded replicas first] ***************************************

TASK [Process replica rollback decision] ***************************************
included: /Users/nileshkrishnamurthy/Documents/Projects/submission/ansible/playbooks/tasks/rollback_node.yml for redis-node-3

TASK [Read current Redis version for slave pass] *******************************
ok: [redis-node-3]

TASK [Read current Redis role for slave pass] **********************************
ok: [redis-node-3]

TASK [Set slave rollback decision] *********************************************
ok: [redis-node-3]

TASK [Show slave rollback decision] ********************************************
ok: [redis-node-3] => {
    "msg": "redis-node-3 role=master current=7.0.15 target=7.0.15 pass=slave action=skip"
}

TASK [Install rollback build dependencies] *************************************
skipping: [redis-node-3]

TASK [Remove previous rollback source directory] *******************************
skipping: [redis-node-3]

TASK [Download rollback Redis source] ******************************************
skipping: [redis-node-3]

TASK [Extract rollback Redis source] *******************************************
skipping: [redis-node-3]

TASK [Build rollback Redis version while the node remains online] **************
skipping: [redis-node-3]

TASK [Find the current master's node id] ***************************************
skipping: [redis-node-3]

TASK [Find a healthy replica for master failover] ******************************
skipping: [redis-node-3]

TASK [Fail if a master has no healthy replica] *********************************
skipping: [redis-node-3]

TASK [Wait until the failover replica is synchronized] *************************
skipping: [redis-node-3]

TASK [Fail over before rolling back a master] **********************************
skipping: [redis-node-3]

TASK [Wait until the former master becomes a replica] **************************
skipping: [redis-node-3]

TASK [Stop Redis on the node being rolled back] ********************************
skipping: [redis-node-3]

TASK [Wait for the Redis port to stop] *****************************************
skipping: [redis-node-3]

TASK [Install rollback Redis binaries] *****************************************
skipping: [redis-node-3]

TASK [Remove only local persistence that may be incompatible] ******************
skipping: [redis-node-3]

TASK [Start Redis with the existing cluster configuration] *********************
skipping: [redis-node-3]

TASK [Wait for the Redis port to start] ****************************************
skipping: [redis-node-3]

TASK [Wait for the rolled back node to synchronize as a replica] ***************
skipping: [redis-node-3]

TASK [Verify cluster health after this node rollback] **************************
skipping: [redis-node-3]

TASK [Print rollback result for this node] *************************************
skipping: [redis-node-3]

PLAY [Roll back upgraded replicas first] ***************************************

TASK [Process replica rollback decision] ***************************************
included: /Users/nileshkrishnamurthy/Documents/Projects/submission/ansible/playbooks/tasks/rollback_node.yml for redis-node-4

TASK [Read current Redis version for slave pass] *******************************
ok: [redis-node-4]

TASK [Read current Redis role for slave pass] **********************************
ok: [redis-node-4]

TASK [Set slave rollback decision] *********************************************
ok: [redis-node-4]

TASK [Show slave rollback decision] ********************************************
ok: [redis-node-4] => {
    "msg": "redis-node-4 role=slave current=7.2.6 target=7.0.15 pass=slave action=rollback"
}

TASK [Install rollback build dependencies] *************************************
ok: [redis-node-4]

TASK [Remove previous rollback source directory] *******************************
ok: [redis-node-4]

TASK [Download rollback Redis source] ******************************************
ok: [redis-node-4]

TASK [Extract rollback Redis source] *******************************************
changed: [redis-node-4]

TASK [Build rollback Redis version while the node remains online] **************
changed: [redis-node-4]

TASK [Find the current master's node id] ***************************************
skipping: [redis-node-4]

TASK [Find a healthy replica for master failover] ******************************
skipping: [redis-node-4]

TASK [Fail if a master has no healthy replica] *********************************
skipping: [redis-node-4]

TASK [Wait until the failover replica is synchronized] *************************
skipping: [redis-node-4]

TASK [Fail over before rolling back a master] **********************************
skipping: [redis-node-4]

TASK [Wait until the former master becomes a replica] **************************
skipping: [redis-node-4]

TASK [Stop Redis on the node being rolled back] ********************************
changed: [redis-node-4]

TASK [Wait for the Redis port to stop] *****************************************
ok: [redis-node-4]

TASK [Install rollback Redis binaries] *****************************************
changed: [redis-node-4]

TASK [Remove only local persistence that may be incompatible] ******************
changed: [redis-node-4]

TASK [Start Redis with the existing cluster configuration] *********************
changed: [redis-node-4]

TASK [Wait for the Redis port to start] ****************************************
ok: [redis-node-4]

TASK [Wait for the rolled back node to synchronize as a replica] ***************
ok: [redis-node-4]

TASK [Verify cluster health after this node rollback] **************************
ok: [redis-node-4 -> redis-node-1(localhost)]

TASK [Print rollback result for this node] *************************************
ok: [redis-node-4] => {
    "msg": "redis-node-4 rollback complete: Redis 7.0.15, synchronized replica, cluster_state:ok"
}

PLAY [Roll back upgraded replicas first] ***************************************

TASK [Process replica rollback decision] ***************************************
included: /Users/nileshkrishnamurthy/Documents/Projects/submission/ansible/playbooks/tasks/rollback_node.yml for redis-node-5

TASK [Read current Redis version for slave pass] *******************************
ok: [redis-node-5]

TASK [Read current Redis role for slave pass] **********************************
ok: [redis-node-5]

TASK [Set slave rollback decision] *********************************************
ok: [redis-node-5]

TASK [Show slave rollback decision] ********************************************
ok: [redis-node-5] => {
    "msg": "redis-node-5 role=slave current=7.0.15 target=7.0.15 pass=slave action=skip"
}

TASK [Install rollback build dependencies] *************************************
skipping: [redis-node-5]

TASK [Remove previous rollback source directory] *******************************
skipping: [redis-node-5]

TASK [Download rollback Redis source] ******************************************
skipping: [redis-node-5]

TASK [Extract rollback Redis source] *******************************************
skipping: [redis-node-5]

TASK [Build rollback Redis version while the node remains online] **************
skipping: [redis-node-5]

TASK [Find the current master's node id] ***************************************
skipping: [redis-node-5]

TASK [Find a healthy replica for master failover] ******************************
skipping: [redis-node-5]

TASK [Fail if a master has no healthy replica] *********************************
skipping: [redis-node-5]

TASK [Wait until the failover replica is synchronized] *************************
skipping: [redis-node-5]

TASK [Fail over before rolling back a master] **********************************
skipping: [redis-node-5]

TASK [Wait until the former master becomes a replica] **************************
skipping: [redis-node-5]

TASK [Stop Redis on the node being rolled back] ********************************
skipping: [redis-node-5]

TASK [Wait for the Redis port to stop] *****************************************
skipping: [redis-node-5]

TASK [Install rollback Redis binaries] *****************************************
skipping: [redis-node-5]

TASK [Remove only local persistence that may be incompatible] ******************
skipping: [redis-node-5]

TASK [Start Redis with the existing cluster configuration] *********************
skipping: [redis-node-5]

TASK [Wait for the Redis port to start] ****************************************
skipping: [redis-node-5]

TASK [Wait for the rolled back node to synchronize as a replica] ***************
skipping: [redis-node-5]

TASK [Verify cluster health after this node rollback] **************************
skipping: [redis-node-5]

TASK [Print rollback result for this node] *************************************
skipping: [redis-node-5]

PLAY [Roll back upgraded replicas first] ***************************************

TASK [Process replica rollback decision] ***************************************
included: /Users/nileshkrishnamurthy/Documents/Projects/submission/ansible/playbooks/tasks/rollback_node.yml for redis-node-6

TASK [Read current Redis version for slave pass] *******************************
ok: [redis-node-6]

TASK [Read current Redis role for slave pass] **********************************
ok: [redis-node-6]

TASK [Set slave rollback decision] *********************************************
ok: [redis-node-6]

TASK [Show slave rollback decision] ********************************************
ok: [redis-node-6] => {
    "msg": "redis-node-6 role=slave current=7.0.15 target=7.0.15 pass=slave action=skip"
}

TASK [Install rollback build dependencies] *************************************
skipping: [redis-node-6]

TASK [Remove previous rollback source directory] *******************************
skipping: [redis-node-6]

TASK [Download rollback Redis source] ******************************************
skipping: [redis-node-6]

TASK [Extract rollback Redis source] *******************************************
skipping: [redis-node-6]

TASK [Build rollback Redis version while the node remains online] **************
skipping: [redis-node-6]

TASK [Find the current master's node id] ***************************************
skipping: [redis-node-6]

TASK [Find a healthy replica for master failover] ******************************
skipping: [redis-node-6]

TASK [Fail if a master has no healthy replica] *********************************
skipping: [redis-node-6]

TASK [Wait until the failover replica is synchronized] *************************
skipping: [redis-node-6]

TASK [Fail over before rolling back a master] **********************************
skipping: [redis-node-6]

TASK [Wait until the former master becomes a replica] **************************
skipping: [redis-node-6]

TASK [Stop Redis on the node being rolled back] ********************************
skipping: [redis-node-6]

TASK [Wait for the Redis port to stop] *****************************************
skipping: [redis-node-6]

TASK [Install rollback Redis binaries] *****************************************
skipping: [redis-node-6]

TASK [Remove only local persistence that may be incompatible] ******************
skipping: [redis-node-6]

TASK [Start Redis with the existing cluster configuration] *********************
skipping: [redis-node-6]

TASK [Wait for the Redis port to start] ****************************************
skipping: [redis-node-6]

TASK [Wait for the rolled back node to synchronize as a replica] ***************
skipping: [redis-node-6]

TASK [Verify cluster health after this node rollback] **************************
skipping: [redis-node-6]

TASK [Print rollback result for this node] *************************************
skipping: [redis-node-6]

PLAY [Roll back upgraded masters using failover] *******************************

TASK [Process master rollback decision] ****************************************
included: /Users/nileshkrishnamurthy/Documents/Projects/submission/ansible/playbooks/tasks/rollback_node.yml for redis-node-1

TASK [Read current Redis version for master pass] ******************************
ok: [redis-node-1]

TASK [Read current Redis role for master pass] *********************************
ok: [redis-node-1]

TASK [Set master rollback decision] ********************************************
ok: [redis-node-1]

TASK [Show master rollback decision] *******************************************
ok: [redis-node-1] => {
    "msg": "redis-node-1 role=master current=7.0.15 target=7.0.15 pass=master action=skip"
}

TASK [Install rollback build dependencies] *************************************
skipping: [redis-node-1]

TASK [Remove previous rollback source directory] *******************************
skipping: [redis-node-1]

TASK [Download rollback Redis source] ******************************************
skipping: [redis-node-1]

TASK [Extract rollback Redis source] *******************************************
skipping: [redis-node-1]

TASK [Build rollback Redis version while the node remains online] **************
skipping: [redis-node-1]

TASK [Find the current master's node id] ***************************************
skipping: [redis-node-1]

TASK [Find a healthy replica for master failover] ******************************
skipping: [redis-node-1]

TASK [Fail if a master has no healthy replica] *********************************
skipping: [redis-node-1]

TASK [Wait until the failover replica is synchronized] *************************
skipping: [redis-node-1]

TASK [Fail over before rolling back a master] **********************************
skipping: [redis-node-1]

TASK [Wait until the former master becomes a replica] **************************
skipping: [redis-node-1]

TASK [Stop Redis on the node being rolled back] ********************************
skipping: [redis-node-1]

TASK [Wait for the Redis port to stop] *****************************************
skipping: [redis-node-1]

TASK [Install rollback Redis binaries] *****************************************
skipping: [redis-node-1]

TASK [Remove only local persistence that may be incompatible] ******************
skipping: [redis-node-1]

TASK [Start Redis with the existing cluster configuration] *********************
skipping: [redis-node-1]

TASK [Wait for the Redis port to start] ****************************************
skipping: [redis-node-1]

TASK [Wait for the rolled back node to synchronize as a replica] ***************
skipping: [redis-node-1]

TASK [Verify cluster health after this node rollback] **************************
skipping: [redis-node-1]

TASK [Print rollback result for this node] *************************************
skipping: [redis-node-1]

PLAY [Roll back upgraded masters using failover] *******************************

TASK [Process master rollback decision] ****************************************
included: /Users/nileshkrishnamurthy/Documents/Projects/submission/ansible/playbooks/tasks/rollback_node.yml for redis-node-2

TASK [Read current Redis version for master pass] ******************************
ok: [redis-node-2]

TASK [Read current Redis role for master pass] *********************************
ok: [redis-node-2]

TASK [Set master rollback decision] ********************************************
ok: [redis-node-2]

TASK [Show master rollback decision] *******************************************
ok: [redis-node-2] => {
    "msg": "redis-node-2 role=master current=7.0.15 target=7.0.15 pass=master action=skip"
}

TASK [Install rollback build dependencies] *************************************
skipping: [redis-node-2]

TASK [Remove previous rollback source directory] *******************************
skipping: [redis-node-2]

TASK [Download rollback Redis source] ******************************************
skipping: [redis-node-2]

TASK [Extract rollback Redis source] *******************************************
skipping: [redis-node-2]

TASK [Build rollback Redis version while the node remains online] **************
skipping: [redis-node-2]

TASK [Find the current master's node id] ***************************************
skipping: [redis-node-2]

TASK [Find a healthy replica for master failover] ******************************
skipping: [redis-node-2]

TASK [Fail if a master has no healthy replica] *********************************
skipping: [redis-node-2]

TASK [Wait until the failover replica is synchronized] *************************
skipping: [redis-node-2]

TASK [Fail over before rolling back a master] **********************************
skipping: [redis-node-2]

TASK [Wait until the former master becomes a replica] **************************
skipping: [redis-node-2]

TASK [Stop Redis on the node being rolled back] ********************************
skipping: [redis-node-2]

TASK [Wait for the Redis port to stop] *****************************************
skipping: [redis-node-2]

TASK [Install rollback Redis binaries] *****************************************
skipping: [redis-node-2]

TASK [Remove only local persistence that may be incompatible] ******************
skipping: [redis-node-2]

TASK [Start Redis with the existing cluster configuration] *********************
skipping: [redis-node-2]

TASK [Wait for the Redis port to start] ****************************************
skipping: [redis-node-2]

TASK [Wait for the rolled back node to synchronize as a replica] ***************
skipping: [redis-node-2]

TASK [Verify cluster health after this node rollback] **************************
skipping: [redis-node-2]

TASK [Print rollback result for this node] *************************************
skipping: [redis-node-2]

PLAY [Roll back upgraded masters using failover] *******************************

TASK [Process master rollback decision] ****************************************
included: /Users/nileshkrishnamurthy/Documents/Projects/submission/ansible/playbooks/tasks/rollback_node.yml for redis-node-3

TASK [Read current Redis version for master pass] ******************************
ok: [redis-node-3]

TASK [Read current Redis role for master pass] *********************************
ok: [redis-node-3]

TASK [Set master rollback decision] ********************************************
ok: [redis-node-3]

TASK [Show master rollback decision] *******************************************
ok: [redis-node-3] => {
    "msg": "redis-node-3 role=master current=7.0.15 target=7.0.15 pass=master action=skip"
}

TASK [Install rollback build dependencies] *************************************
skipping: [redis-node-3]

TASK [Remove previous rollback source directory] *******************************
skipping: [redis-node-3]

TASK [Download rollback Redis source] ******************************************
skipping: [redis-node-3]

TASK [Extract rollback Redis source] *******************************************
skipping: [redis-node-3]

TASK [Build rollback Redis version while the node remains online] **************
skipping: [redis-node-3]

TASK [Find the current master's node id] ***************************************
skipping: [redis-node-3]

TASK [Find a healthy replica for master failover] ******************************
skipping: [redis-node-3]

TASK [Fail if a master has no healthy replica] *********************************
skipping: [redis-node-3]

TASK [Wait until the failover replica is synchronized] *************************
skipping: [redis-node-3]

TASK [Fail over before rolling back a master] **********************************
skipping: [redis-node-3]

TASK [Wait until the former master becomes a replica] **************************
skipping: [redis-node-3]

TASK [Stop Redis on the node being rolled back] ********************************
skipping: [redis-node-3]

TASK [Wait for the Redis port to stop] *****************************************
skipping: [redis-node-3]

TASK [Install rollback Redis binaries] *****************************************
skipping: [redis-node-3]

TASK [Remove only local persistence that may be incompatible] ******************
skipping: [redis-node-3]

TASK [Start Redis with the existing cluster configuration] *********************
skipping: [redis-node-3]

TASK [Wait for the Redis port to start] ****************************************
skipping: [redis-node-3]

TASK [Wait for the rolled back node to synchronize as a replica] ***************
skipping: [redis-node-3]

TASK [Verify cluster health after this node rollback] **************************
skipping: [redis-node-3]

TASK [Print rollback result for this node] *************************************
skipping: [redis-node-3]

PLAY [Roll back upgraded masters using failover] *******************************

TASK [Process master rollback decision] ****************************************
included: /Users/nileshkrishnamurthy/Documents/Projects/submission/ansible/playbooks/tasks/rollback_node.yml for redis-node-4

TASK [Read current Redis version for master pass] ******************************
ok: [redis-node-4]

TASK [Read current Redis role for master pass] *********************************
ok: [redis-node-4]

TASK [Set master rollback decision] ********************************************
ok: [redis-node-4]

TASK [Show master rollback decision] *******************************************
ok: [redis-node-4] => {
    "msg": "redis-node-4 role=slave current=7.0.15 target=7.0.15 pass=master action=skip"
}

TASK [Install rollback build dependencies] *************************************
skipping: [redis-node-4]

TASK [Remove previous rollback source directory] *******************************
skipping: [redis-node-4]

TASK [Download rollback Redis source] ******************************************
skipping: [redis-node-4]

TASK [Extract rollback Redis source] *******************************************
skipping: [redis-node-4]

TASK [Build rollback Redis version while the node remains online] **************
skipping: [redis-node-4]

TASK [Find the current master's node id] ***************************************
skipping: [redis-node-4]

TASK [Find a healthy replica for master failover] ******************************
skipping: [redis-node-4]

TASK [Fail if a master has no healthy replica] *********************************
skipping: [redis-node-4]

TASK [Wait until the failover replica is synchronized] *************************
skipping: [redis-node-4]

TASK [Fail over before rolling back a master] **********************************
skipping: [redis-node-4]

TASK [Wait until the former master becomes a replica] **************************
skipping: [redis-node-4]

TASK [Stop Redis on the node being rolled back] ********************************
skipping: [redis-node-4]

TASK [Wait for the Redis port to stop] *****************************************
skipping: [redis-node-4]

TASK [Install rollback Redis binaries] *****************************************
skipping: [redis-node-4]

TASK [Remove only local persistence that may be incompatible] ******************
skipping: [redis-node-4]

TASK [Start Redis with the existing cluster configuration] *********************
skipping: [redis-node-4]

TASK [Wait for the Redis port to start] ****************************************
skipping: [redis-node-4]

TASK [Wait for the rolled back node to synchronize as a replica] ***************
skipping: [redis-node-4]

TASK [Verify cluster health after this node rollback] **************************
skipping: [redis-node-4]

TASK [Print rollback result for this node] *************************************
skipping: [redis-node-4]

PLAY [Roll back upgraded masters using failover] *******************************

TASK [Process master rollback decision] ****************************************
included: /Users/nileshkrishnamurthy/Documents/Projects/submission/ansible/playbooks/tasks/rollback_node.yml for redis-node-5

TASK [Read current Redis version for master pass] ******************************
ok: [redis-node-5]

TASK [Read current Redis role for master pass] *********************************
ok: [redis-node-5]

TASK [Set master rollback decision] ********************************************
ok: [redis-node-5]

TASK [Show master rollback decision] *******************************************
ok: [redis-node-5] => {
    "msg": "redis-node-5 role=slave current=7.0.15 target=7.0.15 pass=master action=skip"
}

TASK [Install rollback build dependencies] *************************************
skipping: [redis-node-5]

TASK [Remove previous rollback source directory] *******************************
skipping: [redis-node-5]

TASK [Download rollback Redis source] ******************************************
skipping: [redis-node-5]

TASK [Extract rollback Redis source] *******************************************
skipping: [redis-node-5]

TASK [Build rollback Redis version while the node remains online] **************
skipping: [redis-node-5]

TASK [Find the current master's node id] ***************************************
skipping: [redis-node-5]

TASK [Find a healthy replica for master failover] ******************************
skipping: [redis-node-5]

TASK [Fail if a master has no healthy replica] *********************************
skipping: [redis-node-5]

TASK [Wait until the failover replica is synchronized] *************************
skipping: [redis-node-5]

TASK [Fail over before rolling back a master] **********************************
skipping: [redis-node-5]

TASK [Wait until the former master becomes a replica] **************************
skipping: [redis-node-5]

TASK [Stop Redis on the node being rolled back] ********************************
skipping: [redis-node-5]

TASK [Wait for the Redis port to stop] *****************************************
skipping: [redis-node-5]

TASK [Install rollback Redis binaries] *****************************************
skipping: [redis-node-5]

TASK [Remove only local persistence that may be incompatible] ******************
skipping: [redis-node-5]

TASK [Start Redis with the existing cluster configuration] *********************
skipping: [redis-node-5]

TASK [Wait for the Redis port to start] ****************************************
skipping: [redis-node-5]

TASK [Wait for the rolled back node to synchronize as a replica] ***************
skipping: [redis-node-5]

TASK [Verify cluster health after this node rollback] **************************
skipping: [redis-node-5]

TASK [Print rollback result for this node] *************************************
skipping: [redis-node-5]

PLAY [Roll back upgraded masters using failover] *******************************

TASK [Process master rollback decision] ****************************************
included: /Users/nileshkrishnamurthy/Documents/Projects/submission/ansible/playbooks/tasks/rollback_node.yml for redis-node-6

TASK [Read current Redis version for master pass] ******************************
ok: [redis-node-6]

TASK [Read current Redis role for master pass] *********************************
ok: [redis-node-6]

TASK [Set master rollback decision] ********************************************
ok: [redis-node-6]

TASK [Show master rollback decision] *******************************************
ok: [redis-node-6] => {
    "msg": "redis-node-6 role=slave current=7.0.15 target=7.0.15 pass=master action=skip"
}

TASK [Install rollback build dependencies] *************************************
skipping: [redis-node-6]

TASK [Remove previous rollback source directory] *******************************
skipping: [redis-node-6]

TASK [Download rollback Redis source] ******************************************
skipping: [redis-node-6]

TASK [Extract rollback Redis source] *******************************************
skipping: [redis-node-6]

TASK [Build rollback Redis version while the node remains online] **************
skipping: [redis-node-6]

TASK [Find the current master's node id] ***************************************
skipping: [redis-node-6]

TASK [Find a healthy replica for master failover] ******************************
skipping: [redis-node-6]

TASK [Fail if a master has no healthy replica] *********************************
skipping: [redis-node-6]

TASK [Wait until the failover replica is synchronized] *************************
skipping: [redis-node-6]

TASK [Fail over before rolling back a master] **********************************
skipping: [redis-node-6]

TASK [Wait until the former master becomes a replica] **************************
skipping: [redis-node-6]

TASK [Stop Redis on the node being rolled back] ********************************
skipping: [redis-node-6]

TASK [Wait for the Redis port to stop] *****************************************
skipping: [redis-node-6]

TASK [Install rollback Redis binaries] *****************************************
skipping: [redis-node-6]

TASK [Remove only local persistence that may be incompatible] ******************
skipping: [redis-node-6]

TASK [Start Redis with the existing cluster configuration] *********************
skipping: [redis-node-6]

TASK [Wait for the Redis port to start] ****************************************
skipping: [redis-node-6]

TASK [Wait for the rolled back node to synchronize as a replica] ***************
skipping: [redis-node-6]

TASK [Verify cluster health after this node rollback] **************************
skipping: [redis-node-6]

TASK [Print rollback result for this node] *************************************
skipping: [redis-node-6]

PLAY [Verify final rollback state] *********************************************

TASK [Verify every live cluster node uses the rollback target] *****************
ok: [redis-node-1]

TASK [Print final Redis versions] **********************************************
ok: [redis-node-1] => {
    "msg": [
        "10.10.0.12:6379 -> Redis 7.0.15",
        "10.10.0.16:6379 -> Redis 7.0.15",
        "10.10.0.11:6379 -> Redis 7.0.15",
        "10.10.0.14:6379 -> Redis 7.0.15",
        "10.10.0.13:6379 -> Redis 7.0.15",
        "10.10.0.15:6379 -> Redis 7.0.15"
    ]
}

TASK [Verify final cluster health and replica links] ***************************
FAILED - RETRYING: [redis-node-1]: Verify final cluster health and replica links (19 retries left).
ok: [redis-node-1]

TASK [Print final rollback health] *********************************************
ok: [redis-node-1] => {
    "msg": [
        "cluster_state:ok",
        "cluster_slots_ok:16384",
        "all replica links:up"
    ]
}

PLAY RECAP *********************************************************************
redis-node-1               : ok=19   changed=0    unreachable=0    failed=0    skipped=41   rescued=0    ignored=0   
redis-node-2               : ok=10   changed=0    unreachable=0    failed=0    skipped=40   rescued=0    ignored=0   
redis-node-3               : ok=10   changed=0    unreachable=0    failed=0    skipped=40   rescued=0    ignored=0   
redis-node-4               : ok=24   changed=6    unreachable=0    failed=0    skipped=26   rescued=0    ignored=0   
redis-node-5               : ok=10   changed=0    unreachable=0    failed=0    skipped=40   rescued=0    ignored=0   
redis-node-6               : ok=10   changed=0    unreachable=0    failed=0    skipped=40   rescued=0    ignored=0   


===== Full Verification After Rollback =====

PLAY [Full Redis Cluster verification] *****************************************

TASK [Run full Redis Cluster verification dynamically] *************************
ok: [redis-node-1]

TASK [Show full verification result] *******************************************
ok: [redis-node-1] => {
    "msg": [
        "===== Full Redis Cluster Verification =====",
        "",
        "[PASS] Cluster state is ok",
        "[PASS] All 16384 hash slots are covered",
        "[PASS] All 6 cluster nodes are present and reachable",
        "[PASS] All 6 nodes are running the same Redis version: 7.0.15",
        "[PASS] Topology has 3 masters and 3 replicas; every master has a replica",
        "[PASS] All 3 replicas have master_link_status:up",
        "[PASS] Data integrity verified: 1000/1000 keys matched",
        "",
        "===== Verification Summary =====",
        "Passed checks: 7",
        "Failed checks: 0",
        "FULL VERIFICATION RESULT: PASS"
    ]
}

PLAY RECAP *********************************************************************
redis-node-1               : ok=2    changed=0    unreachable=0    failed=0    skipped=0    rescued=0    ignored=0   


ROLLBACK COMPLETE - changed nodes restored to v7.0.15, data integrity verified
===== Redis Rollback Completed =====
Mon Jun 15 00:35:19 IST 2026
timestamp=2026-06-14T19:05:19Z level=INFO command=rollback node=all action=operation outcome=success details="exit_code=0"
Structured operation log: logs/20260614T190442Z_rollback_68144.log
