timestamp=2026-06-15T05:04:05Z level=INFO command=provision node=all action=operation outcome=started details="arguments=provision --version 7.0.15 --masters 3 --replicas-per-master 1"
Operation log: logs/20260615T050405Z_provision_28921.log
timestamp=2026-06-15T05:04:05Z level=INFO command=provision node=redis-node-1 action=command_target outcome=included details="inventory=ansible/inventory/hosts.ini"
timestamp=2026-06-15T05:04:05Z level=INFO command=provision node=redis-node-2 action=command_target outcome=included details="inventory=ansible/inventory/hosts.ini"
timestamp=2026-06-15T05:04:05Z level=INFO command=provision node=redis-node-3 action=command_target outcome=included details="inventory=ansible/inventory/hosts.ini"
timestamp=2026-06-15T05:04:05Z level=INFO command=provision node=redis-node-4 action=command_target outcome=included details="inventory=ansible/inventory/hosts.ini"
timestamp=2026-06-15T05:04:05Z level=INFO command=provision node=redis-node-5 action=command_target outcome=included details="inventory=ansible/inventory/hosts.ini"
timestamp=2026-06-15T05:04:05Z level=INFO command=provision node=redis-node-6 action=command_target outcome=included details="inventory=ansible/inventory/hosts.ini"
timestamp=2026-06-15T05:04:05Z level=INFO command=provision node=all action=prerequisite_check outcome=success details="runtime=Docker version 29.4.3, build 055a478 ansible=2.21.0"
timestamp=2026-06-15T05:04:05Z level=INFO command=provision node=redis-node-1 action=cluster_discovery outcome=reachable details="address=10.10.0.11:6379"
timestamp=2026-06-15T05:04:05Z level=INFO command=provision node=redis-node-2 action=cluster_discovery outcome=reachable details="address=10.10.0.12:6379"
timestamp=2026-06-15T05:04:05Z level=INFO command=provision node=redis-node-3 action=cluster_discovery outcome=reachable details="address=10.10.0.13:6379"
timestamp=2026-06-15T05:04:05Z level=INFO command=provision node=redis-node-4 action=cluster_discovery outcome=reachable details="address=10.10.0.14:6379"
timestamp=2026-06-15T05:04:05Z level=INFO command=provision node=redis-node-5 action=cluster_discovery outcome=reachable details="address=10.10.0.15:6379"
timestamp=2026-06-15T05:04:05Z level=INFO command=provision node=redis-node-6 action=cluster_discovery outcome=reachable details="address=10.10.0.16:6379"
timestamp=2026-06-15T05:04:05Z level=INFO command=provision node=redis-node-7 action=cluster_discovery outcome=reachable details="address=10.10.0.17:6379"
timestamp=2026-06-15T05:04:05Z level=INFO command=provision node=redis-node-8 action=cluster_discovery outcome=reachable details="address=10.10.0.18:6379"
Checking Redis container infrastructure...
[OK] redis-node-1 is running
[OK] redis-node-2 is running
[OK] redis-node-3 is running
[OK] redis-node-4 is running
[OK] redis-node-5 is running
[OK] redis-node-6 is running
[OK] All required Redis containers are already running
Patching SSH public key into Redis containers...
Checking SSH key setup...
[OK] SSH key already exists: /Users/nileshkrishnamurthy/.ssh/redis_cluster_key
Patching SSH key into redis-node-1...
[OK] SSH key patched into redis-node-1
Patching SSH key into redis-node-2...
[OK] SSH key patched into redis-node-2
Patching SSH key into redis-node-3...
[OK] SSH key patched into redis-node-3
Patching SSH key into redis-node-4...
[OK] SSH key patched into redis-node-4
Patching SSH key into redis-node-5...
[OK] SSH key patched into redis-node-5
Patching SSH key into redis-node-6...
[OK] SSH key patched into redis-node-6
Waiting for SSH access on Redis nodes...
Checking SSH on localhost:2211...
[OK] SSH ready on port 2211
Checking SSH on localhost:2212...
[OK] SSH ready on port 2212
Checking SSH on localhost:2213...
[OK] SSH ready on port 2213
Checking SSH on localhost:2214...
[OK] SSH ready on port 2214
Checking SSH on localhost:2215...
[OK] SSH ready on port 2215
Checking SSH on localhost:2216...
[OK] SSH ready on port 2216
===== Redis Cluster Provision Started =====
Mon Jun 15 10:34:08 IST 2026
Redis version requested: 7.0.15
Masters: 3
Replicas per master: 1

Redis Cluster is already provisioned and healthy.
Provision is a no-op to preserve the existing cluster and data.

redis-node-1 10.10.0.11 Redis 7.0.15
redis-node-2 10.10.0.12 Redis 7.0.15
redis-node-3 10.10.0.13 Redis 7.0.15
redis-node-4 10.10.0.14 Redis 7.0.15
redis-node-5 10.10.0.15 Redis 7.0.15
redis-node-6 10.10.0.16 Redis 7.0.15

Use './redis-tool upgrade --target-version 7.0.15 --strategy rolling' to change versions safely.
PROVISION NO-OP - existing healthy cluster was left unchanged
===== Redis Cluster Provision Completed =====
Mon Jun 15 10:34:08 IST 2026
timestamp=2026-06-15T05:04:08Z level=INFO command=provision node=all action=provision outcome=skipped details="healthy cluster already exists; requested_version=7.0.15; data_preserved=true"
timestamp=2026-06-15T05:04:08Z level=INFO command=provision node=all action=operation outcome=success details="exit_code=0"
Structured operation log: logs/20260615T050405Z_provision_28921.log
