timestamp=2026-06-14T19:15:30Z level=INFO command=scale node=all action=operation outcome=started details="arguments=scale --add-nodes 2"
Operation log: logs/20260614T191530Z_scale_73254.log
timestamp=2026-06-14T19:15:30Z level=INFO command=scale node=redis-node-1 action=command_target outcome=included details="inventory=ansible/inventory/hosts.ini"
timestamp=2026-06-14T19:15:30Z level=INFO command=scale node=redis-node-2 action=command_target outcome=included details="inventory=ansible/inventory/hosts.ini"
timestamp=2026-06-14T19:15:30Z level=INFO command=scale node=redis-node-3 action=command_target outcome=included details="inventory=ansible/inventory/hosts.ini"
timestamp=2026-06-14T19:15:30Z level=INFO command=scale node=redis-node-4 action=command_target outcome=included details="inventory=ansible/inventory/hosts.ini"
timestamp=2026-06-14T19:15:30Z level=INFO command=scale node=redis-node-5 action=command_target outcome=included details="inventory=ansible/inventory/hosts.ini"
timestamp=2026-06-14T19:15:30Z level=INFO command=scale node=redis-node-6 action=command_target outcome=included details="inventory=ansible/inventory/hosts.ini"
timestamp=2026-06-14T19:15:30Z level=INFO command=scale node=all action=prerequisite_check outcome=success details="runtime=Docker version 29.4.3, build 055a478 ansible=2.21.0"
timestamp=2026-06-14T19:15:30Z level=INFO command=scale node=redis-node-1 action=cluster_discovery outcome=reachable details="address=10.10.0.11:6379"
timestamp=2026-06-14T19:15:30Z level=INFO command=scale node=redis-node-2 action=cluster_discovery outcome=reachable details="address=10.10.0.12:6379"
timestamp=2026-06-14T19:15:30Z level=INFO command=scale node=redis-node-3 action=cluster_discovery outcome=reachable details="address=10.10.0.13:6379"
timestamp=2026-06-14T19:15:30Z level=INFO command=scale node=redis-node-4 action=cluster_discovery outcome=reachable details="address=10.10.0.14:6379"
timestamp=2026-06-14T19:15:30Z level=INFO command=scale node=redis-node-5 action=cluster_discovery outcome=reachable details="address=10.10.0.15:6379"
timestamp=2026-06-14T19:15:30Z level=INFO command=scale node=redis-node-6 action=cluster_discovery outcome=reachable details="address=10.10.0.16:6379"
Starting Redis Cluster scale out...
Adding 2 nodes: 1 master and 1 replica
===== Redis Scale Out Started =====
Mon Jun 15 00:45:30 IST 2026

===== Creating Dynamic Scale-Out Infrastructure =====
Creating Redis scale-out container infrastructure dynamically...
Base image: infra-redis-node-1
Cluster network: infra_redis-cluster-net
Creating redis-node-7 at 10.10.0.17 with SSH port 2217...
[OK] Created redis-node-7
timestamp=2026-06-14T19:15:30Z level=INFO command=scale node=redis-node-7 action=scale_out_container outcome=created details="address=10.10.0.17 ssh_port=2217 image=infra-redis-node-1 network=infra_redis-cluster-net"
Creating redis-node-8 at 10.10.0.18 with SSH port 2218...
[OK] Created redis-node-8
timestamp=2026-06-14T19:15:30Z level=INFO command=scale node=redis-node-8 action=scale_out_container outcome=created details="address=10.10.0.18 ssh_port=2218 image=infra-redis-node-1 network=infra_redis-cluster-net"
Patching SSH public key into Redis containers...
Checking SSH key setup...
[OK] SSH key already exists: /Users/nileshkrishnamurthy/.ssh/redis_cluster_key
Patching SSH key into redis-node-7...
[OK] SSH key patched into redis-node-7
Patching SSH key into redis-node-8...
[OK] SSH key patched into redis-node-8
Waiting for SSH access on Redis nodes...
Checking SSH on localhost:2217...
[OK] SSH ready on port 2217
Checking SSH on localhost:2218...
[OK] SSH ready on port 2218

===== Running Scale Out Playbook =====

PLAY [Prepare new Redis scale-out nodes only if they are not already in cluster] ***

TASK [Gathering Facts] *********************************************************
ok: [redis-node-8]
ok: [redis-node-7]

TASK [Detect the current cluster Redis version] ********************************
ok: [redis-node-7 -> redis-node-1(localhost)]
ok: [redis-node-8 -> redis-node-1(localhost)]

TASK [Check if this node is already part of Redis Cluster] *********************
ok: [redis-node-7 -> redis-node-1(localhost)]
ok: [redis-node-8 -> redis-node-1(localhost)]

TASK [Show node cluster membership status] *************************************
ok: [redis-node-7] => {
    "msg": "redis-node-7 is already in cluster: False"
}
ok: [redis-node-8] => {
    "msg": "redis-node-8 is already in cluster: False"
}

TASK [Stop any existing Redis process on a new node] ***************************
ok: [redis-node-7]
ok: [redis-node-8]

TASK [Install build dependencies] **********************************************
ok: [redis-node-8]
ok: [redis-node-7]

TASK [Remove old Redis source directory] ***************************************
ok: [redis-node-7]
ok: [redis-node-8]

TASK [Download Redis source] ***************************************************
changed: [redis-node-7]
changed: [redis-node-8]

TASK [Extract Redis source] ****************************************************
changed: [redis-node-8]
changed: [redis-node-7]

TASK [Build Redis from source] *************************************************
changed: [redis-node-7]
changed: [redis-node-8]

TASK [Install Redis binaries] **************************************************
changed: [redis-node-7]
changed: [redis-node-8]

TASK [Create redis user] *******************************************************
changed: [redis-node-7]
changed: [redis-node-8]

TASK [Create Redis directories] ************************************************
changed: [redis-node-7] => (item=/etc/redis)
changed: [redis-node-8] => (item=/etc/redis)
changed: [redis-node-7] => (item=/var/lib/redis)
changed: [redis-node-8] => (item=/var/lib/redis)
changed: [redis-node-7] => (item=/var/log/redis)
changed: [redis-node-8] => (item=/var/log/redis)
changed: [redis-node-7] => (item=/var/run/redis)
changed: [redis-node-8] => (item=/var/run/redis)

TASK [Clear stale Redis state before first cluster join] ***********************
changed: [redis-node-7]
changed: [redis-node-8]

TASK [Create Redis cluster configuration] **************************************
changed: [redis-node-7]
changed: [redis-node-8]

TASK [Start Redis with cluster config] *****************************************
changed: [redis-node-8]
changed: [redis-node-7]

TASK [Wait for Redis port] *****************************************************
ok: [redis-node-7]
ok: [redis-node-8]

TASK [Check Redis ping] ********************************************************
ok: [redis-node-7]
ok: [redis-node-8]

TASK [Show Redis ping result] **************************************************
ok: [redis-node-7] => {
    "msg": "redis-node-7 ping result: PONG"
}
ok: [redis-node-8] => {
    "msg": "redis-node-8 ping result: PONG"
}

PLAY [Add new master and replica to existing Redis Cluster] ********************

TASK [Check current cluster health before scale out] ***************************
ok: [redis-node-1]

TASK [Fail if cluster is not healthy before scale out] *************************
skipping: [redis-node-1]

TASK [Add redis-node-7 as new master if not already added] *********************
changed: [redis-node-1]

TASK [Get redis-node-7 node id] ************************************************
ok: [redis-node-1]

TASK [Wait until the seed recognizes redis-node-7 stable node id] **************
ok: [redis-node-1]

TASK [Add redis-node-8 as replica of redis-node-7 if not already added] ********
FAILED - RETRYING: [redis-node-1]: Add redis-node-8 as replica of redis-node-7 if not already added (19 retries left).
ok: [redis-node-1]

TASK [Get redis-node-8 node id] ************************************************
ok: [redis-node-1]

TASK [Wait until every master knows both new nodes] ****************************
FAILED - RETRYING: [redis-node-1]: Wait until every master knows both new nodes (29 retries left).
ok: [redis-node-1]

TASK [Repair any slot state left by an interrupted rebalance] ******************
ok: [redis-node-1]

TASK [Confirm all slots are stable before rebalancing] *************************
ok: [redis-node-1]

TASK [Rebalance hash slots across all masters] *********************************
changed: [redis-node-1]

TASK [Show rebalance output] ***************************************************
ok: [redis-node-1] => {
    "msg": [
        ">>> Performing Cluster Check (using node 10.10.0.11:6379)",
        "[OK] All nodes agree about slots configuration.",
        ">>> Check for open slots...",
        ">>> Check slots coverage...",
        "[OK] All 16384 slots covered.",
        ">>> Rebalancing across 5 nodes. Total weight = 5.00",
        "Moving 2186 slots from 10.10.0.16:6379 to 10.10.0.17:6379",
        "##########################################################################################################################################################################################################################################################################################################################################################################################################################################################################################################################################################################################################################################################################################################################################################################################################################################################################################################################################################################################################################################################################################################################################################################################################################################################################################################################################################################################################################################################################################################################################################################################################################################################################################################################################################################################################################################################################################################################################################################################################################################################################################################################################################################################################################################################################",
        "Moving 1092 slots from 10.10.0.14:6379 to 10.10.0.17:6379",
        "####################################################################################################################################################################################################################################################################################################################################################################################################################################################################################################################################################################################################################################################################################################################################################################################################################################################################################################################################################################################################################################################################################################################################",
        "Moving 1093 slots from 10.10.0.14:6379 to 10.10.0.18:6379",
        "#####################################################################################################################################################################################################################################################################################################################################################################################################################################################################################################################################################################################################################################################################################################################################################################################################################################################################################################################################################################################################################################################################################################################################",
        "Moving 2185 slots from 10.10.0.15:6379 to 10.10.0.18:6379",
        "#########################################################################################################################################################################################################################################################################################################################################################################################################################################################################################################################################################################################################################################################################################################################################################################################################################################################################################################################################################################################################################################################################################################################################################################################################################################################################################################################################################################################################################################################################################################################################################################################################################################################################################################################################################################################################################################################################################################################################################################################################################################################################################################################################################################################################################################################################"
    ]
}

TASK [Wait for final 4-master and 4-replica topology] **************************
FAILED - RETRYING: [redis-node-1]: Wait for final 4-master and 4-replica topology (29 retries left).
FAILED - RETRYING: [redis-node-1]: Wait for final 4-master and 4-replica topology (28 retries left).
FAILED - RETRYING: [redis-node-1]: Wait for final 4-master and 4-replica topology (27 retries left).
FAILED - RETRYING: [redis-node-1]: Wait for final 4-master and 4-replica topology (26 retries left).
FAILED - RETRYING: [redis-node-1]: Wait for final 4-master and 4-replica topology (25 retries left).
FAILED - RETRYING: [redis-node-1]: Wait for final 4-master and 4-replica topology (24 retries left).
FAILED - RETRYING: [redis-node-1]: Wait for final 4-master and 4-replica topology (23 retries left).
FAILED - RETRYING: [redis-node-1]: Wait for final 4-master and 4-replica topology (22 retries left).
FAILED - RETRYING: [redis-node-1]: Wait for final 4-master and 4-replica topology (21 retries left).
FAILED - RETRYING: [redis-node-1]: Wait for final 4-master and 4-replica topology (20 retries left).
FAILED - RETRYING: [redis-node-1]: Wait for final 4-master and 4-replica topology (19 retries left).
FAILED - RETRYING: [redis-node-1]: Wait for final 4-master and 4-replica topology (18 retries left).
FAILED - RETRYING: [redis-node-1]: Wait for final 4-master and 4-replica topology (17 retries left).
FAILED - RETRYING: [redis-node-1]: Wait for final 4-master and 4-replica topology (16 retries left).
FAILED - RETRYING: [redis-node-1]: Wait for final 4-master and 4-replica topology (15 retries left).
FAILED - RETRYING: [redis-node-1]: Wait for final 4-master and 4-replica topology (14 retries left).
FAILED - RETRYING: [redis-node-1]: Wait for final 4-master and 4-replica topology (13 retries left).
FAILED - RETRYING: [redis-node-1]: Wait for final 4-master and 4-replica topology (12 retries left).
FAILED - RETRYING: [redis-node-1]: Wait for final 4-master and 4-replica topology (11 retries left).
FAILED - RETRYING: [redis-node-1]: Wait for final 4-master and 4-replica topology (10 retries left).
FAILED - RETRYING: [redis-node-1]: Wait for final 4-master and 4-replica topology (9 retries left).
FAILED - RETRYING: [redis-node-1]: Wait for final 4-master and 4-replica topology (8 retries left).
FAILED - RETRYING: [redis-node-1]: Wait for final 4-master and 4-replica topology (7 retries left).
FAILED - RETRYING: [redis-node-1]: Wait for final 4-master and 4-replica topology (6 retries left).
FAILED - RETRYING: [redis-node-1]: Wait for final 4-master and 4-replica topology (5 retries left).
FAILED - RETRYING: [redis-node-1]: Wait for final 4-master and 4-replica topology (4 retries left).
FAILED - RETRYING: [redis-node-1]: Wait for final 4-master and 4-replica topology (3 retries left).
FAILED - RETRYING: [redis-node-1]: Wait for final 4-master and 4-replica topology (2 retries left).
FAILED - RETRYING: [redis-node-1]: Wait for final 4-master and 4-replica topology (1 retries left).
FAILED - RETRYING: [redis-node-1]: Wait for final 4-master and 4-replica topology (0 retries left).
[ERROR]: Task failed: Module failed: The command exited with a non-zero return code.
Origin: /Users/nileshkrishnamurthy/Documents/Projects/submission/ansible/playbooks/scale_out.yml:287:7

285         msg: "{{ rebalance_output.stdout_lines }}"
286
287     - name: Wait for final 4-master and 4-replica topology
          ^ column 7

fatal: [redis-node-1]: FAILED! => {"attempts": 30, "changed": false, "changed_when_result": false, "cmd": "cluster_info=$(redis-cli -h 10.10.0.11 -p 6379 cluster info)\ncluster_nodes=$(redis-cli -h 10.10.0.11 -p 6379 cluster nodes)\nmaster_count=$(echo \"$cluster_nodes\" | awk '$3 ~ /master/ && $3 !~ /fail/ {count++} END {print count+0}')\nreplica_count=$(echo \"$cluster_nodes\" | awk '$3 ~ /slave/ && $3 !~ /fail/ {count++} END {print count+0}')\nnode7_id=$(echo \"$cluster_nodes\" | awk '$2 ~ /^10.10.0.17:6379@/ {print $1}')\nnode7_slots=$(echo \"$cluster_nodes\" | awk '$2 ~ /^10.10.0.17:6379@/ {for (i=9; i<=NF; i++) print $i}')\nnode8_master=$(echo \"$cluster_nodes\" | awk '$2 ~ /^10.10.0.18:6379@/ {print $4}')\n\necho \"$cluster_info\"\necho \"topology_masters:$master_count\"\necho \"topology_replicas:$replica_count\"\necho \"redis_node_7_slots:$node7_slots\"\n\nif echo \"$cluster_info\" | grep -q '^cluster_state:ok' &&\n   [ \"$master_count\" -eq 4 ] &&\n   [ \"$replica_count\" -eq 4 ] &&\n   [ -n \"$node7_slots\" ] &&\n   [ \"$node8_master\" = \"$node7_id\" ]; then\n  exit 0\nfi\n\nexit 1\n", "delta": "0:00:00.004097", "end": "2026-06-14 19:17:48.145457", "msg": "The command exited with a non-zero return code.", "rc": 1, "start": "2026-06-14 19:17:48.141360", "stderr": "", "stderr_lines": [], "stdout": "cluster_state:ok\r\ncluster_slots_assigned:16384\r\ncluster_slots_ok:16384\r\ncluster_slots_pfail:0\r\ncluster_slots_fail:0\r\ncluster_known_nodes:8\r\ncluster_size:5\r\ncluster_current_epoch:12\r\ncluster_my_epoch:7\r\ncluster_stats_messages_ping_sent:727\r\ncluster_stats_messages_pong_sent:726\r\ncluster_stats_messages_sent:1453\r\ncluster_stats_messages_ping_received:724\r\ncluster_stats_messages_pong_received:7284\r\ncluster_stats_messages_meet_received:2\r\ncluster_stats_messages_auth-req_received:2\r\ncluster_stats_messages_received:8012\r\ntotal_cluster_links_buffer_limit_exceeded:0\r\ntopology_masters:5\ntopology_replicas:3\nredis_node_7_slots:5461-7646\n10923-12014", "stdout_lines": ["cluster_state:ok", "cluster_slots_assigned:16384", "cluster_slots_ok:16384", "cluster_slots_pfail:0", "cluster_slots_fail:0", "cluster_known_nodes:8", "cluster_size:5", "cluster_current_epoch:12", "cluster_my_epoch:7", "cluster_stats_messages_ping_sent:727", "cluster_stats_messages_pong_sent:726", "cluster_stats_messages_sent:1453", "cluster_stats_messages_ping_received:724", "cluster_stats_messages_pong_received:7284", "cluster_stats_messages_meet_received:2", "cluster_stats_messages_auth-req_received:2", "cluster_stats_messages_received:8012", "total_cluster_links_buffer_limit_exceeded:0", "topology_masters:5", "topology_replicas:3", "redis_node_7_slots:5461-7646", "10923-12014"]}

PLAY RECAP *********************************************************************
redis-node-1               : ok=11   changed=2    unreachable=0    failed=1    skipped=1    rescued=0    ignored=0   
redis-node-7               : ok=19   changed=9    unreachable=0    failed=0    skipped=0    rescued=0    ignored=0   
redis-node-8               : ok=19   changed=9    unreachable=0    failed=0    skipped=0    rescued=0    ignored=0   

timestamp=2026-06-14T19:17:48Z level=ERROR command=scale node=all action=operation outcome=failed details="exit_code=2"
Structured operation log: logs/20260614T191530Z_scale_73254.log
