timestamp=2026-06-15T04:16:30Z level=INFO command=scale node=all action=operation outcome=started details="arguments=scale --add-nodes 2"
Operation log: logs/20260615T041630Z_scale_10467.log
timestamp=2026-06-15T04:16:30Z level=INFO command=scale node=redis-node-1 action=command_target outcome=included details="inventory=ansible/inventory/hosts.ini"
timestamp=2026-06-15T04:16:30Z level=INFO command=scale node=redis-node-2 action=command_target outcome=included details="inventory=ansible/inventory/hosts.ini"
timestamp=2026-06-15T04:16:30Z level=INFO command=scale node=redis-node-3 action=command_target outcome=included details="inventory=ansible/inventory/hosts.ini"
timestamp=2026-06-15T04:16:30Z level=INFO command=scale node=redis-node-4 action=command_target outcome=included details="inventory=ansible/inventory/hosts.ini"
timestamp=2026-06-15T04:16:30Z level=INFO command=scale node=redis-node-5 action=command_target outcome=included details="inventory=ansible/inventory/hosts.ini"
timestamp=2026-06-15T04:16:30Z level=INFO command=scale node=redis-node-6 action=command_target outcome=included details="inventory=ansible/inventory/hosts.ini"
timestamp=2026-06-15T04:16:30Z level=INFO command=scale node=all action=prerequisite_check outcome=success details="runtime=Docker version 29.4.3, build 055a478 ansible=2.21.0"
timestamp=2026-06-15T04:16:30Z level=INFO command=scale node=redis-node-1 action=cluster_discovery outcome=reachable details="address=10.10.0.11:6379"
timestamp=2026-06-15T04:16:30Z level=INFO command=scale node=redis-node-2 action=cluster_discovery outcome=reachable details="address=10.10.0.12:6379"
timestamp=2026-06-15T04:16:30Z level=INFO command=scale node=redis-node-3 action=cluster_discovery outcome=reachable details="address=10.10.0.13:6379"
timestamp=2026-06-15T04:16:30Z level=INFO command=scale node=redis-node-4 action=cluster_discovery outcome=reachable details="address=10.10.0.14:6379"
timestamp=2026-06-15T04:16:30Z level=INFO command=scale node=redis-node-5 action=cluster_discovery outcome=reachable details="address=10.10.0.15:6379"
timestamp=2026-06-15T04:16:30Z level=INFO command=scale node=redis-node-6 action=cluster_discovery outcome=reachable details="address=10.10.0.16:6379"
timestamp=2026-06-15T04:16:30Z level=INFO command=scale node=redis-node-7 action=cluster_discovery outcome=reachable details="address=10.10.0.17:6379"
timestamp=2026-06-15T04:16:30Z level=INFO command=scale node=redis-node-8 action=cluster_discovery outcome=reachable details="address=10.10.0.18:6379"
Starting Redis Cluster scale out...
Adding 2 nodes: 1 master and 1 replica
===== Redis Scale Out Started =====
Mon Jun 15 09:46:30 IST 2026

===== Creating Dynamic Scale-Out Infrastructure =====
Creating Redis scale-out container infrastructure dynamically...
Base image: infra-redis-node-1
Cluster network: infra_redis-cluster-net
[OK] redis-node-7 already exists in the Redis cluster
timestamp=2026-06-15T04:16:30Z level=INFO command=scale node=redis-node-7 action=scale_out_container outcome=already_present details="address=10.10.0.17 ssh_port=2217"
[OK] redis-node-8 already exists in the Redis cluster
timestamp=2026-06-15T04:16:30Z level=INFO command=scale node=redis-node-8 action=scale_out_container outcome=already_present details="address=10.10.0.18 ssh_port=2218"
Patching SSH public key into Redis containers...
Checking SSH key setup...
[OK] SSH key already exists: /Users/nileshkrishnamurthy/.ssh/redis_cluster_key
Patching SSH key into redis-node-7...
[OK] SSH key patched into redis-node-7
Patching SSH key into redis-node-8...
[OK] SSH key patched into redis-node-8
Waiting for SSH access on Redis nodes...
Checking SSH on localhost:2217...
[OK] SSH ready on port 2217
Checking SSH on localhost:2218...
[OK] SSH ready on port 2218

===== Running Scale Out Playbook =====

PLAY [Prepare new Redis scale-out nodes only if they are not already in cluster] ***

TASK [Gathering Facts] *********************************************************
ok: [redis-node-7]
ok: [redis-node-8]

TASK [Detect the current cluster Redis version] ********************************
ok: [redis-node-7 -> redis-node-1(localhost)]
ok: [redis-node-8 -> redis-node-1(localhost)]

TASK [Check if this node is already part of Redis Cluster] *********************
ok: [redis-node-8 -> redis-node-1(localhost)]
ok: [redis-node-7 -> redis-node-1(localhost)]

TASK [Show node cluster membership status] *************************************
ok: [redis-node-7] => {
    "msg": "redis-node-7 is already in cluster: True"
}
ok: [redis-node-8] => {
    "msg": "redis-node-8 is already in cluster: True"
}

TASK [Stop any existing Redis process on a new node] ***************************
skipping: [redis-node-7]
skipping: [redis-node-8]

TASK [Install build dependencies] **********************************************
skipping: [redis-node-7]
skipping: [redis-node-8]

TASK [Remove old Redis source directory] ***************************************
skipping: [redis-node-7]
skipping: [redis-node-8]

TASK [Download Redis source] ***************************************************
skipping: [redis-node-7]
skipping: [redis-node-8]

TASK [Extract Redis source] ****************************************************
skipping: [redis-node-7]
skipping: [redis-node-8]

TASK [Build Redis from source] *************************************************
skipping: [redis-node-7]
skipping: [redis-node-8]

TASK [Install Redis binaries] **************************************************
skipping: [redis-node-7]
skipping: [redis-node-8]

TASK [Create redis user] *******************************************************
skipping: [redis-node-7]
skipping: [redis-node-8]

TASK [Create Redis directories] ************************************************
skipping: [redis-node-7] => (item=/etc/redis) 
skipping: [redis-node-7] => (item=/var/lib/redis) 
skipping: [redis-node-7] => (item=/var/log/redis) 
skipping: [redis-node-7] => (item=/var/run/redis) 
skipping: [redis-node-7]
skipping: [redis-node-8] => (item=/etc/redis) 
skipping: [redis-node-8] => (item=/var/lib/redis) 
skipping: [redis-node-8] => (item=/var/log/redis) 
skipping: [redis-node-8] => (item=/var/run/redis) 
skipping: [redis-node-8]

TASK [Clear stale Redis state before first cluster join] ***********************
skipping: [redis-node-7]
skipping: [redis-node-8]

TASK [Create Redis cluster configuration] **************************************
skipping: [redis-node-7]
skipping: [redis-node-8]

TASK [Start Redis with cluster config] *****************************************
skipping: [redis-node-7]
skipping: [redis-node-8]

TASK [Wait for Redis port] *****************************************************
ok: [redis-node-8]
ok: [redis-node-7]

TASK [Check Redis ping] ********************************************************
ok: [redis-node-8]
ok: [redis-node-7]

TASK [Show Redis ping result] **************************************************
ok: [redis-node-7] => {
    "msg": "redis-node-7 ping result: PONG"
}
ok: [redis-node-8] => {
    "msg": "redis-node-8 ping result: PONG"
}

PLAY [Add new master and replica to existing Redis Cluster] ********************

TASK [Check current cluster health before scale out] ***************************
ok: [redis-node-1]

TASK [Fail if cluster is not healthy before scale out] *************************
skipping: [redis-node-1]

TASK [Add redis-node-7 as new master if not already added] *********************
ok: [redis-node-1]

TASK [Get redis-node-7 node id] ************************************************
ok: [redis-node-1]

TASK [Wait until the seed recognizes redis-node-7 stable node id] **************
ok: [redis-node-1]

TASK [Add redis-node-8 to the cluster if not already added] ********************
ok: [redis-node-1]

TASK [Get redis-node-8 node id] ************************************************
ok: [redis-node-1]

TASK [Wait until every master knows both new nodes] ****************************
ok: [redis-node-1]

TASK [Drain slots from redis-node-8 before assigning its replica role] *********
changed: [redis-node-1]

TASK [Assign redis-node-8 as replica of redis-node-7] **************************
ok: [redis-node-1]

TASK [Repair any slot state left by an interrupted rebalance] ******************
ok: [redis-node-1]

TASK [Confirm all slots are stable before rebalancing] *************************
ok: [redis-node-1]

TASK [Rebalance hash slots across all masters] *********************************
ok: [redis-node-1]

TASK [Show rebalance output] ***************************************************
ok: [redis-node-1] => {
    "msg": [
        ">>> Performing Cluster Check (using node 10.10.0.11:6379)",
        "[OK] All nodes agree about slots configuration.",
        ">>> Check for open slots...",
        ">>> Check slots coverage...",
        "[OK] All 16384 slots covered.",
        "*** No rebalancing needed! All nodes are within the 2.00% threshold."
    ]
}

TASK [Wait for final 4-master and 4-replica topology] **************************
ok: [redis-node-1]

TASK [Show final cluster nodes after scale out] ********************************
ok: [redis-node-1]

TASK [Print final cluster nodes] ***********************************************
ok: [redis-node-1] => {
    "msg": [
        "a33ca0f0e6d14e47bb4af0d6410840245ea016f7 10.10.0.11:6379@16379 myself,slave a2c9605f032f5610c7836b03ceb8da68cf4d8d4a 0 1781497000000 12 connected",
        "a2c9605f032f5610c7836b03ceb8da68cf4d8d4a 10.10.0.15:6379@16379 master - 0 1781497002580 12 connected 2185-6280",
        "0cd26b7e44abed1fb0dcc5e46e74850a9b1584f5 10.10.0.14:6379@16379 master - 0 1781497001768 13 connected 6281-7100 13108-16383",
        "345ddbe5a8e22f423d9870907b2eec8057a95baa 10.10.0.18:6379@16379 slave 6b3e9e3e4be528182ee0876cb063211815b988ce 0 1781497001000 15 connected",
        "ad68cf83298e8e7b765ee736cf4278cf8887b1df 10.10.0.12:6379@16379 slave 996dd09d072c06400283874dee0eac5684d40b73 0 1781497000559 14 connected",
        "6b3e9e3e4be528182ee0876cb063211815b988ce 10.10.0.17:6379@16379 master - 0 1781497002070 15 connected 0-2184 11197-13107",
        "996dd09d072c06400283874dee0eac5684d40b73 10.10.0.16:6379@16379 master - 0 1781497001000 14 connected 7101-11196",
        "d95cb4a9948ae3e8e14e998e2f49edbd0e0e78c5 10.10.0.13:6379@16379 slave 0cd26b7e44abed1fb0dcc5e46e74850a9b1584f5 0 1781497000559 13 connected"
    ]
}

TASK [Print scale-out completion summary] **************************************
ok: [redis-node-1] => {
    "msg": [
        "SCALE OUT COMPLETE - cluster has 4 masters and 4 replicas",
        "redis-node-7 is a master with rebalanced hash slots",
        "redis-node-8 is the replica of redis-node-7"
    ]
}

PLAY RECAP *********************************************************************
redis-node-1               : ok=17   changed=1    unreachable=0    failed=0    skipped=1    rescued=0    ignored=0   
redis-node-7               : ok=7    changed=0    unreachable=0    failed=0    skipped=12   rescued=0    ignored=0   
redis-node-8               : ok=7    changed=0    unreachable=0    failed=0    skipped=12   rescued=0    ignored=0   


===== Full Verification After Scale Out =====

PLAY [Full Redis Cluster verification] *****************************************

TASK [Run full Redis Cluster verification dynamically] *************************
[ERROR]: Task failed: Module failed: The command exited with a non-zero return code.
Origin: /Users/nileshkrishnamurthy/Documents/Projects/submission/ansible/playbooks/verify_full.yml:8:7

6
7   tasks:
8     - name: Run full Redis Cluster verification dynamically
        ^ column 7

fatal: [redis-node-1]: FAILED! => {"changed": false, "changed_when_result": false, "cmd": "PASS_COUNT=0\nFAIL_COUNT=0\n\nprint_pass() {\n  echo \"[PASS] $1\"\n  PASS_COUNT=$((PASS_COUNT + 1))\n}\n\nprint_fail() {\n  echo \"[FAIL] $1\"\n  FAIL_COUNT=$((FAIL_COUNT + 1))\n}\n\necho \"===== Full Redis Cluster Verification =====\"\necho \"\"\n\ncluster_info=$(redis-cli -h 10.10.0.11 -p 6379 cluster info)\ncluster_nodes=$(redis-cli -h 10.10.0.11 -p 6379 cluster nodes)\nnode_ips=$(echo \"$cluster_nodes\" | awk '{split($2,a,\":\"); print a[1]}')\n\n# 1. Cluster state\ncluster_state=$(echo \"$cluster_info\" | grep \"^cluster_state:\" | cut -d: -f2 | tr -d '\\r')\n\nif [ \"$cluster_state\" = \"ok\" ]; then\n  print_pass \"Cluster state is ok\"\nelse\n  print_fail \"Cluster state is not ok\"\nfi\n\n# 2. Hash slot coverage\nslots_assigned=$(echo \"$cluster_info\" | grep \"^cluster_slots_assigned:\" | cut -d: -f2 | tr -d '\\r')\nslots_ok=$(echo \"$cluster_info\" | grep \"^cluster_slots_ok:\" | cut -d: -f2 | tr -d '\\r')\n\nif [ \"$slots_assigned\" = \"16384\" ] && [ \"$slots_ok\" = \"16384\" ]; then\n  print_pass \"All 16384 hash slots are covered\"\nelse\n  print_fail \"Hash slots are not fully covered\"\nfi\n\n# 3. Node membership and reachability\nknown_nodes=$(echo \"$cluster_info\" | grep \"^cluster_known_nodes:\" | cut -d: -f2 | tr -d '\\r')\ndiscovered_nodes=$(echo \"$node_ips\" | grep -vc '^$')\nfailed_nodes=$(echo \"$cluster_nodes\" | awk '$3 ~ /fail/ {count++} END {print count+0}')\nreachable_nodes=0\n\nfor ip in $node_ips; do\n  if [ \"$(redis-cli -h \"$ip\" -p 6379 ping 2>/dev/null)\" = \"PONG\" ]; then\n    reachable_nodes=$((reachable_nodes + 1))\n  fi\ndone\n\nif [ \"$known_nodes\" -gt 0 ] &&\n   [ \"$discovered_nodes\" -eq \"$known_nodes\" ] &&\n   [ \"$reachable_nodes\" -eq \"$known_nodes\" ] &&\n   [ \"$failed_nodes\" -eq 0 ]; then\n  print_pass \"All $known_nodes cluster nodes are present and reachable\"\nelse\n  print_fail \"Node health mismatch: known=$known_nodes discovered=$discovered_nodes reachable=$reachable_nodes failed=$failed_nodes\"\nfi\n\n# 4. Version consistency across all cluster nodes\nversions=\"\"\nversion_count=0\n\nfor ip in $node_ips; do\n  version=$(redis-cli -h \"$ip\" -p 6379 info server | grep \"^redis_version:\" | cut -d: -f2 | tr -d '\\r')\n\n  if [ -n \"$version\" ]; then\n    versions=\"$versions $version\"\n    version_count=$((version_count + 1))\n  fi\ndone\n\nunique_versions=$(echo \"$versions\" | tr ' ' '\\n' | grep -v '^$' | sort -u | wc -l | tr -d ' ')\n\nif [ \"$version_count\" -eq \"$known_nodes\" ] && [ \"$unique_versions\" = \"1\" ]; then\n  final_version=$(echo \"$versions\" | awk '{print $1}')\n  print_pass \"All $known_nodes nodes are running the same Redis version: $final_version\"\nelse\n  print_fail \"Redis version mismatch or missing response: $versions\"\nfi\n\n# 5. Every master should have at least one replica\nfailed_master_replica_check=0\nmaster_ids=$(echo \"$cluster_nodes\" | awk '$3 ~ /master/ && $3 !~ /fail/ {print $1}')\nmaster_count=$(echo \"$master_ids\" | grep -vc '^$')\nreplica_count=$(echo \"$cluster_nodes\" | awk '$3 ~ /slave/ && $3 !~ /fail/ {count++} END {print count+0}')\n\nfor master_id in $master_ids; do\n  replicas_for_master=$(echo \"$cluster_nodes\" | awk -v mid=\"$master_id\" '$3 ~ /slave/ && $3 !~ /fail/ && $4 == mid {count++} END {print count+0}')\n\n  if [ \"$replicas_for_master\" -lt 1 ]; then\n    failed_master_replica_check=1\n  fi\ndone\n\nif [ \"$master_count\" -gt 0 ] &&\n   [ \"$replica_count\" -gt 0 ] &&\n   [ \"$failed_master_replica_check\" = \"0\" ]; then\n  print_pass \"Topology has $master_count masters and $replica_count replicas; every master has a replica\"\nelse\n  print_fail \"Invalid topology or one or more masters do not have replicas\"\nfi\n\n# 6. Replica link status across all replicas\nfailed_replication_check=0\nchecked_replicas=0\n\nfor ip in $node_ips; do\n  replication_info=$(redis-cli -h \"$ip\" -p 6379 info replication)\n  role=$(echo \"$replication_info\" | grep \"^role:\" | cut -d: -f2 | tr -d '\\r')\n\n  if [ \"$role\" = \"slave\" ]; then\n    checked_replicas=$((checked_replicas + 1))\n    link_status=$(echo \"$replication_info\" | grep \"^master_link_status:\" | cut -d: -f2 | tr -d '\\r')\n\n    if [ \"$link_status\" != \"up\" ]; then\n      failed_replication_check=1\n    fi\n  fi\ndone\n\nif [ \"$checked_replicas\" -eq \"$replica_count\" ] &&\n   [ \"$checked_replicas\" -gt 0 ] &&\n   [ \"$failed_replication_check\" = \"0\" ]; then\n  print_pass \"All $checked_replicas replicas have master_link_status:up\"\nelse\n  print_fail \"Replica count mismatch or one or more replication links are down\"\nfi\n\n# 7. Data integrity\nverified_keys=0\nmissing_keys=0\nmismatched_keys=0\n\nfor i in $(seq 1 1000); do\n  value=$(redis-cli -c -h 10.10.0.11 -p 6379 GET \"user:$i\")\n\n  if [ -z \"$value\" ]; then\n    missing_keys=$((missing_keys + 1))\n  elif [ \"$value\" != \"value-$i\" ]; then\n    mismatched_keys=$((mismatched_keys + 1))\n  else\n    verified_keys=$((verified_keys + 1))\n  fi\ndone\n\nif [ \"$missing_keys\" -eq 0 ] && [ \"$mismatched_keys\" -eq 0 ]; then\n  print_pass \"Data integrity verified: $verified_keys/1000 keys matched\"\nelse\n  print_fail \"Data integrity failed: $missing_keys keys missing, $mismatched_keys values mismatched\"\nfi\n\necho \"\"\necho \"===== Verification Summary =====\"\necho \"Passed checks: $PASS_COUNT\"\necho \"Failed checks: $FAIL_COUNT\"\n\nif [ \"$FAIL_COUNT\" = \"0\" ]; then\n  echo \"FULL VERIFICATION RESULT: PASS\"\n  exit 0\nelse\n  echo \"FULL VERIFICATION RESULT: FAIL\"\n  exit 1\nfi\n", "delta": "0:00:00.454850", "end": "2026-06-15 04:16:43.733210", "msg": "The command exited with a non-zero return code.", "rc": 1, "start": "2026-06-15 04:16:43.278360", "stderr": "", "stderr_lines": [], "stdout": "===== Full Redis Cluster Verification =====\n\n[PASS] Cluster state is ok\n[PASS] All 16384 hash slots are covered\n[PASS] All 8 cluster nodes are present and reachable\n[PASS] All 8 nodes are running the same Redis version: 7.2.6\n[PASS] Topology has 4 masters and 4 replicas; every master has a replica\n[FAIL] Replica count mismatch or one or more replication links are down\n[PASS] Data integrity verified: 1000/1000 keys matched\n\n===== Verification Summary =====\nPassed checks: 6\nFailed checks: 1\nFULL VERIFICATION RESULT: FAIL", "stdout_lines": ["===== Full Redis Cluster Verification =====", "", "[PASS] Cluster state is ok", "[PASS] All 16384 hash slots are covered", "[PASS] All 8 cluster nodes are present and reachable", "[PASS] All 8 nodes are running the same Redis version: 7.2.6", "[PASS] Topology has 4 masters and 4 replicas; every master has a replica", "[FAIL] Replica count mismatch or one or more replication links are down", "[PASS] Data integrity verified: 1000/1000 keys matched", "", "===== Verification Summary =====", "Passed checks: 6", "Failed checks: 1", "FULL VERIFICATION RESULT: FAIL"]}

PLAY RECAP *********************************************************************
redis-node-1               : ok=0    changed=0    unreachable=0    failed=1    skipped=0    rescued=0    ignored=0   

timestamp=2026-06-15T04:16:43Z level=ERROR command=scale node=all action=operation outcome=failed details="exit_code=2"
Structured operation log: logs/20260615T041630Z_scale_10467.log
