timestamp=2026-06-15T04:46:41Z level=INFO command=rollback node=all action=operation outcome=started details="arguments=rollback --target-version 7.0.15"
Operation log: logs/20260615T044641Z_rollback_22892.log
timestamp=2026-06-15T04:46:41Z level=INFO command=rollback node=redis-node-1 action=command_target outcome=included details="inventory=ansible/inventory/hosts.ini"
timestamp=2026-06-15T04:46:41Z level=INFO command=rollback node=redis-node-2 action=command_target outcome=included details="inventory=ansible/inventory/hosts.ini"
timestamp=2026-06-15T04:46:41Z level=INFO command=rollback node=redis-node-3 action=command_target outcome=included details="inventory=ansible/inventory/hosts.ini"
timestamp=2026-06-15T04:46:41Z level=INFO command=rollback node=redis-node-4 action=command_target outcome=included details="inventory=ansible/inventory/hosts.ini"
timestamp=2026-06-15T04:46:41Z level=INFO command=rollback node=redis-node-5 action=command_target outcome=included details="inventory=ansible/inventory/hosts.ini"
timestamp=2026-06-15T04:46:41Z level=INFO command=rollback node=redis-node-6 action=command_target outcome=included details="inventory=ansible/inventory/hosts.ini"
timestamp=2026-06-15T04:46:41Z level=INFO command=rollback node=all action=prerequisite_check outcome=success details="runtime=Docker version 29.4.3, build 055a478 ansible=2.21.0"
timestamp=2026-06-15T04:46:41Z level=INFO command=rollback node=redis-node-1 action=cluster_discovery outcome=reachable details="address=10.10.0.11:6379"
timestamp=2026-06-15T04:46:41Z level=INFO command=rollback node=redis-node-2 action=cluster_discovery outcome=reachable details="address=10.10.0.12:6379"
timestamp=2026-06-15T04:46:41Z level=INFO command=rollback node=redis-node-3 action=cluster_discovery outcome=reachable details="address=10.10.0.13:6379"
timestamp=2026-06-15T04:46:41Z level=INFO command=rollback node=redis-node-4 action=cluster_discovery outcome=reachable details="address=10.10.0.14:6379"
timestamp=2026-06-15T04:46:41Z level=INFO command=rollback node=redis-node-5 action=cluster_discovery outcome=reachable details="address=10.10.0.15:6379"
timestamp=2026-06-15T04:46:41Z level=INFO command=rollback node=redis-node-6 action=cluster_discovery outcome=reachable details="address=10.10.0.16:6379"
timestamp=2026-06-15T04:46:41Z level=INFO command=rollback node=redis-node-7 action=cluster_discovery outcome=reachable details="address=10.10.0.17:6379"
timestamp=2026-06-15T04:46:41Z level=INFO command=rollback node=redis-node-8 action=cluster_discovery outcome=reachable details="address=10.10.0.18:6379"
timestamp=2026-06-15T04:46:42Z level=INFO command=rollback node=redis-node-1 action=version_check outcome=target_change_required details="current=7.2.6 target=7.0.15"
timestamp=2026-06-15T04:46:42Z level=INFO command=rollback node=redis-node-2 action=version_check outcome=target_change_required details="current=7.2.6 target=7.0.15"
timestamp=2026-06-15T04:46:42Z level=INFO command=rollback node=redis-node-3 action=version_check outcome=target_change_required details="current=7.2.6 target=7.0.15"
timestamp=2026-06-15T04:46:42Z level=INFO command=rollback node=redis-node-4 action=version_check outcome=target_change_required details="current=7.2.6 target=7.0.15"
timestamp=2026-06-15T04:46:42Z level=INFO command=rollback node=redis-node-5 action=version_check outcome=target_change_required details="current=7.2.6 target=7.0.15"
timestamp=2026-06-15T04:46:42Z level=INFO command=rollback node=redis-node-6 action=version_check outcome=target_change_required details="current=7.2.6 target=7.0.15"
timestamp=2026-06-15T04:46:42Z level=INFO command=rollback node=redis-node-7 action=version_check outcome=target_change_required details="current=7.2.6 target=7.0.15"
timestamp=2026-06-15T04:46:42Z level=INFO command=rollback node=redis-node-8 action=version_check outcome=target_change_required details="current=7.2.6 target=7.0.15"
Starting Redis rollback...
Target version: 7.0.15
===== Redis Rollback Started =====
Mon Jun 15 10:16:42 IST 2026
Target version: 7.0.15

===== Pre-rollback Cluster Info =====
redis-node-1 | CHANGED | rc=0 >>
cluster_state:ok
cluster_slots_assigned:16384
cluster_slots_ok:16384
cluster_slots_pfail:0
cluster_slots_fail:0
cluster_known_nodes:8
cluster_size:4
cluster_current_epoch:21
cluster_my_epoch:17
cluster_stats_messages_ping_sent:351
cluster_stats_messages_pong_sent:350
cluster_stats_messages_sent:701
cluster_stats_messages_ping_received:350
cluster_stats_messages_pong_received:350
cluster_stats_messages_received:700
total_cluster_links_buffer_limit_exceeded:0

===== Pre-rollback Data Verification =====

PLAY [Verify deterministic data in Redis Cluster] ******************************

TASK [Verify all seeded keys] **************************************************
ok: [redis-node-1]

TASK [Show verification result] ************************************************
ok: [redis-node-1] => {
    "msg": [
        "PASS - 1000/1000 keys verified"
    ]
}

PLAY RECAP *********************************************************************
redis-node-1               : ok=2    changed=0    unreachable=0    failed=0    skipped=0    rescued=0    ignored=0   


===== Running Rollback Playbook =====

PLAY [Validate cluster before selective rollback] ******************************

TASK [Verify cluster health, reachability, and replica coverage] ***************
ok: [redis-node-1]

TASK [Report versions before rollback] *****************************************
ok: [redis-node-1]

TASK [Print selective rollback plan] *******************************************
ok: [redis-node-1] => {
    "msg": [
        "10.10.0.13:6379 Redis 7.2.6 -> rollback required",
        "10.10.0.15:6379 Redis 7.2.6 -> rollback required",
        "10.10.0.16:6379 Redis 7.2.6 -> rollback required",
        "10.10.0.12:6379 Redis 7.2.6 -> rollback required",
        "10.10.0.18:6379 Redis 7.2.6 -> rollback required",
        "10.10.0.14:6379 Redis 7.2.6 -> rollback required",
        "10.10.0.11:6379 Redis 7.2.6 -> rollback required",
        "10.10.0.17:6379 Redis 7.2.6 -> rollback required"
    ]
}

PLAY [Capture replica roles before rollback changes topology] ******************

TASK [Read initial Redis role] *************************************************
ok: [redis-node-1]
ok: [redis-node-7]
ok: [redis-node-8]
ok: [redis-node-2]
ok: [redis-node-3]
ok: [redis-node-5]
ok: [redis-node-4]
ok: [redis-node-6]

TASK [Group nodes by their initial Redis role] *********************************
ok: [redis-node-7]
ok: [redis-node-1]
ok: [redis-node-8]
ok: [redis-node-2]
ok: [redis-node-3]
ok: [redis-node-4]
ok: [redis-node-5]
ok: [redis-node-6]

PLAY [Roll back each original replica and promote it immediately] **************

TASK [Process replica rollback decision] ***************************************
included: /Users/nileshkrishnamurthy/Documents/Projects/submission/ansible/playbooks/tasks/rollback_node.yml for redis-node-8

TASK [Read current Redis version for slave pass] *******************************
ok: [redis-node-8]

TASK [Read current Redis role for slave pass] **********************************
ok: [redis-node-8]

TASK [Set slave rollback decision] *********************************************
ok: [redis-node-8]

TASK [Show slave rollback decision] ********************************************
ok: [redis-node-8] => {
    "msg": "redis-node-8 role=slave current=7.2.6 target=7.0.15 pass=slave action=rollback"
}

TASK [Install rollback build dependencies] *************************************
ok: [redis-node-8]

TASK [Remove previous rollback source directory] *******************************
changed: [redis-node-8]

TASK [Download rollback Redis source] ******************************************
ok: [redis-node-8]

TASK [Extract rollback Redis source] *******************************************
changed: [redis-node-8]

TASK [Build rollback Redis version while the node remains online] **************
changed: [redis-node-8]

TASK [Find the current master's node id] ***************************************
skipping: [redis-node-8]

TASK [Find a healthy replica for master failover] ******************************
skipping: [redis-node-8]

TASK [Fail if a master has no healthy replica] *********************************
skipping: [redis-node-8]

TASK [Wait until the failover replica is synchronized] *************************
skipping: [redis-node-8]

TASK [Fail over before rolling back a master] **********************************
skipping: [redis-node-8]

TASK [Wait until the former master becomes a replica] **************************
skipping: [redis-node-8]

TASK [Stop Redis on the node being rolled back] ********************************
changed: [redis-node-8]

TASK [Wait for the Redis port to stop] *****************************************
ok: [redis-node-8]

TASK [Install rollback Redis binaries] *****************************************
changed: [redis-node-8]

TASK [Remove only local persistence that may be incompatible] ******************
changed: [redis-node-8]

TASK [Remove unsupported cluster address metadata before rollback restart] *****
changed: [redis-node-8]

TASK [Start Redis with the existing cluster configuration] *********************
changed: [redis-node-8]

TASK [Wait for the Redis port to start] ****************************************
ok: [redis-node-8]

TASK [Wait for the rolled back node to synchronize as a replica] ***************
ok: [redis-node-8]

TASK [Promote the target-version replica immediately] **************************
changed: [redis-node-8]

TASK [Wait until the target-version node becomes master] ***********************
FAILED - RETRYING: [redis-node-8]: Wait until the target-version node becomes master (19 retries left).
FAILED - RETRYING: [redis-node-8]: Wait until the target-version node becomes master (18 retries left).
FAILED - RETRYING: [redis-node-8]: Wait until the target-version node becomes master (17 retries left).
FAILED - RETRYING: [redis-node-8]: Wait until the target-version node becomes master (16 retries left).
FAILED - RETRYING: [redis-node-8]: Wait until the target-version node becomes master (15 retries left).
FAILED - RETRYING: [redis-node-8]: Wait until the target-version node becomes master (14 retries left).
FAILED - RETRYING: [redis-node-8]: Wait until the target-version node becomes master (13 retries left).
FAILED - RETRYING: [redis-node-8]: Wait until the target-version node becomes master (12 retries left).
FAILED - RETRYING: [redis-node-8]: Wait until the target-version node becomes master (11 retries left).
FAILED - RETRYING: [redis-node-8]: Wait until the target-version node becomes master (10 retries left).
FAILED - RETRYING: [redis-node-8]: Wait until the target-version node becomes master (9 retries left).
FAILED - RETRYING: [redis-node-8]: Wait until the target-version node becomes master (8 retries left).
FAILED - RETRYING: [redis-node-8]: Wait until the target-version node becomes master (7 retries left).
FAILED - RETRYING: [redis-node-8]: Wait until the target-version node becomes master (6 retries left).
FAILED - RETRYING: [redis-node-8]: Wait until the target-version node becomes master (5 retries left).
FAILED - RETRYING: [redis-node-8]: Wait until the target-version node becomes master (4 retries left).
FAILED - RETRYING: [redis-node-8]: Wait until the target-version node becomes master (3 retries left).
FAILED - RETRYING: [redis-node-8]: Wait until the target-version node becomes master (2 retries left).
FAILED - RETRYING: [redis-node-8]: Wait until the target-version node becomes master (1 retries left).
FAILED - RETRYING: [redis-node-8]: Wait until the target-version node becomes master (0 retries left).
fatal: [redis-node-8]: FAILED! => {"attempts": 20, "changed": false, "changed_when_result": false, "cmd": "redis-cli -h \"10.10.0.18\" -p 6379 info replication |\n  awk -F: '/^role:/ {gsub(\"\\r\", \"\", $2); print $2}'\n", "delta": "0:00:00.001503", "end": "2026-06-15 04:47:54.961513", "msg": "", "rc": 0, "start": "2026-06-15 04:47:54.960010", "stderr": "", "stderr_lines": [], "stdout": "slave", "stdout_lines": ["slave"]}

PLAY RECAP *********************************************************************
redis-node-1               : ok=5    changed=0    unreachable=0    failed=0    skipped=0    rescued=0    ignored=0   
redis-node-2               : ok=2    changed=0    unreachable=0    failed=0    skipped=0    rescued=0    ignored=0   
redis-node-3               : ok=2    changed=0    unreachable=0    failed=0    skipped=0    rescued=0    ignored=0   
redis-node-4               : ok=2    changed=0    unreachable=0    failed=0    skipped=0    rescued=0    ignored=0   
redis-node-5               : ok=2    changed=0    unreachable=0    failed=0    skipped=0    rescued=0    ignored=0   
redis-node-6               : ok=2    changed=0    unreachable=0    failed=0    skipped=0    rescued=0    ignored=0   
redis-node-7               : ok=2    changed=0    unreachable=0    failed=0    skipped=0    rescued=0    ignored=0   
redis-node-8               : ok=21   changed=9    unreachable=0    failed=1    skipped=6    rescued=0    ignored=0   

timestamp=2026-06-15T04:47:55Z level=ERROR command=rollback node=all action=operation outcome=failed details="exit_code=2"
Structured operation log: logs/20260615T044641Z_rollback_22892.log
